Archive member included to satisfy reference by file (symbol)

c:/03- imt sdk/imt_sdk_win_64/winarm/armgcc/bin/../lib/gcc/arm-none-eabi/7.2.1/thumb/v7e-m\libgcc.a(_arm_addsubdf3.o)
                              ./src/HULTRASONIC_program.o (__aeabi_ui2d)
c:/03- imt sdk/imt_sdk_win_64/winarm/armgcc/bin/../lib/gcc/arm-none-eabi/7.2.1/thumb/v7e-m\libgcc.a(_arm_muldivdf3.o)
                              ./src/HULTRASONIC_program.o (__aeabi_dmul)
c:/03- imt sdk/imt_sdk_win_64/winarm/armgcc/bin/../lib/gcc/arm-none-eabi/7.2.1/thumb/v7e-m\libgcc.a(_arm_fixunsdfsi.o)
                              ./src/HULTRASONIC_program.o (__aeabi_d2uiz)
c:/03- imt sdk/imt_sdk_win_64/winarm/armgcc/bin/../lib/gcc/arm-none-eabi/7.2.1/../../../../arm-none-eabi/lib/thumb/v7e-m\libg_nano.a(lib_a-errno.o)
                              ./system/src/newlib/_sbrk.o (__errno)
c:/03- imt sdk/imt_sdk_win_64/winarm/armgcc/bin/../lib/gcc/arm-none-eabi/7.2.1/../../../../arm-none-eabi/lib/thumb/v7e-m\libg_nano.a(lib_a-impure.o)
                              c:/03- imt sdk/imt_sdk_win_64/winarm/armgcc/bin/../lib/gcc/arm-none-eabi/7.2.1/../../../../arm-none-eabi/lib/thumb/v7e-m\libg_nano.a(lib_a-errno.o) (_impure_ptr)
c:/03- imt sdk/imt_sdk_win_64/winarm/armgcc/bin/../lib/gcc/arm-none-eabi/7.2.1/../../../../arm-none-eabi/lib/thumb/v7e-m\libg_nano.a(lib_a-strlen.o)
                              ./system/src/diag/Trace.o (strlen)
c:/03- imt sdk/imt_sdk_win_64/winarm/armgcc/bin/../lib/gcc/arm-none-eabi/7.2.1/../../../../arm-none-eabi/lib/thumb/v7e-m\libg_nano.a(lib_a-vsnprintf.o)
                              ./system/src/diag/Trace.o (vsnprintf)
c:/03- imt sdk/imt_sdk_win_64/winarm/armgcc/bin/../lib/gcc/arm-none-eabi/7.2.1/../../../../arm-none-eabi/lib/thumb/v7e-m\libg_nano.a(lib_a-nano-svfprintf.o)
                              c:/03- imt sdk/imt_sdk_win_64/winarm/armgcc/bin/../lib/gcc/arm-none-eabi/7.2.1/../../../../arm-none-eabi/lib/thumb/v7e-m\libg_nano.a(lib_a-vsnprintf.o) (_svfprintf_r)
c:/03- imt sdk/imt_sdk_win_64/winarm/armgcc/bin/../lib/gcc/arm-none-eabi/7.2.1/../../../../arm-none-eabi/lib/thumb/v7e-m\libg_nano.a(lib_a-nano-vfprintf_i.o)
                              c:/03- imt sdk/imt_sdk_win_64/winarm/armgcc/bin/../lib/gcc/arm-none-eabi/7.2.1/../../../../arm-none-eabi/lib/thumb/v7e-m\libg_nano.a(lib_a-nano-svfprintf.o) (_printf_i)
c:/03- imt sdk/imt_sdk_win_64/winarm/armgcc/bin/../lib/gcc/arm-none-eabi/7.2.1/../../../../arm-none-eabi/lib/thumb/v7e-m\libg_nano.a(lib_a-memchr.o)
                              c:/03- imt sdk/imt_sdk_win_64/winarm/armgcc/bin/../lib/gcc/arm-none-eabi/7.2.1/../../../../arm-none-eabi/lib/thumb/v7e-m\libg_nano.a(lib_a-nano-svfprintf.o) (memchr)
c:/03- imt sdk/imt_sdk_win_64/winarm/armgcc/bin/../lib/gcc/arm-none-eabi/7.2.1/../../../../arm-none-eabi/lib/thumb/v7e-m\libg_nano.a(lib_a-memcpy-stub.o)
                              c:/03- imt sdk/imt_sdk_win_64/winarm/armgcc/bin/../lib/gcc/arm-none-eabi/7.2.1/../../../../arm-none-eabi/lib/thumb/v7e-m\libg_nano.a(lib_a-nano-svfprintf.o) (memcpy)
c:/03- imt sdk/imt_sdk_win_64/winarm/armgcc/bin/../lib/gcc/arm-none-eabi/7.2.1/../../../../arm-none-eabi/lib/thumb/v7e-m\libg_nano.a(lib_a-memmove.o)
                              c:/03- imt sdk/imt_sdk_win_64/winarm/armgcc/bin/../lib/gcc/arm-none-eabi/7.2.1/../../../../arm-none-eabi/lib/thumb/v7e-m\libg_nano.a(lib_a-nano-svfprintf.o) (memmove)
c:/03- imt sdk/imt_sdk_win_64/winarm/armgcc/bin/../lib/gcc/arm-none-eabi/7.2.1/../../../../arm-none-eabi/lib/thumb/v7e-m\libg_nano.a(lib_a-nano-freer.o)
                              c:/03- imt sdk/imt_sdk_win_64/winarm/armgcc/bin/../lib/gcc/arm-none-eabi/7.2.1/../../../../arm-none-eabi/lib/thumb/v7e-m\libg_nano.a(lib_a-nano-svfprintf.o) (_free_r)
c:/03- imt sdk/imt_sdk_win_64/winarm/armgcc/bin/../lib/gcc/arm-none-eabi/7.2.1/../../../../arm-none-eabi/lib/thumb/v7e-m\libg_nano.a(lib_a-nano-mallocr.o)
                              c:/03- imt sdk/imt_sdk_win_64/winarm/armgcc/bin/../lib/gcc/arm-none-eabi/7.2.1/../../../../arm-none-eabi/lib/thumb/v7e-m\libg_nano.a(lib_a-nano-svfprintf.o) (_malloc_r)
c:/03- imt sdk/imt_sdk_win_64/winarm/armgcc/bin/../lib/gcc/arm-none-eabi/7.2.1/../../../../arm-none-eabi/lib/thumb/v7e-m\libg_nano.a(lib_a-nano-reallocr.o)
                              c:/03- imt sdk/imt_sdk_win_64/winarm/armgcc/bin/../lib/gcc/arm-none-eabi/7.2.1/../../../../arm-none-eabi/lib/thumb/v7e-m\libg_nano.a(lib_a-nano-svfprintf.o) (_realloc_r)
c:/03- imt sdk/imt_sdk_win_64/winarm/armgcc/bin/../lib/gcc/arm-none-eabi/7.2.1/../../../../arm-none-eabi/lib/thumb/v7e-m\libg_nano.a(lib_a-sbrkr.o)
                              c:/03- imt sdk/imt_sdk_win_64/winarm/armgcc/bin/../lib/gcc/arm-none-eabi/7.2.1/../../../../arm-none-eabi/lib/thumb/v7e-m\libg_nano.a(lib_a-nano-mallocr.o) (_sbrk_r)
c:/03- imt sdk/imt_sdk_win_64/winarm/armgcc/bin/../lib/gcc/arm-none-eabi/7.2.1/../../../../arm-none-eabi/lib/thumb/v7e-m\libg_nano.a(lib_a-mlock.o)
[...]
Memory Configuration

Name             Origin             Length             Attributes
RAM              0x20000000         0x00010000         xrw
CCMRAM           0x10000000         0x00000000         xrw
FLASH            0x08000000         0x00040000         xr
FLASHB1          0x00000000         0x00000000         xr
EXTMEMB0         0x00000000         0x00000000         xr
EXTMEMB1         0x00000000         0x00000000         xr
EXTMEMB2         0x00000000         0x00000000         xr
EXTMEMB3         0x00000000         0x00000000         xr
*default*        0x00000000         0xffffffff

Linker script and memory map

LOAD ./system/src/stm32f4-hal/stm32f4xx_hal.o
LOAD ./system/src/stm32f4-hal/stm32f4xx_hal_cortex.o
LOAD ./system/src/stm32f4-hal/stm32f4xx_hal_dfsdm.o
LOAD ./system/src/stm32f4-hal/stm32f4xx_hal_flash.o
LOAD ./system/src/stm32f4-hal/stm32f4xx_hal_gpio.o
LOAD ./system/src/stm32f4-hal/stm32f4xx_hal_iwdg.o
LOAD ./system/src/stm32f4-hal/stm32f4xx_hal_pwr.o
LOAD ./system/src/stm32f4-hal/stm32f4xx_hal_rcc.o
LOAD ./system/src/newlib/_cxx.o
LOAD ./system/src/newlib/_exit.o
LOAD ./system/src/newlib/_sbrk.o
LOAD ./system/src/newlib/_startup.o
LOAD ./system/src/newlib/_syscalls.o
LOAD ./system/src/newlib/assert.o
LOAD ./system/src/diag/Trace.o
LOAD ./system/src/diag/trace_impl.o
LOAD ./system/src/cortexm/_initialize_hardware.o
LOAD ./system/src/cortexm/_reset_hardware.o
LOAD ./system/src/cortexm/exception_handlers.o
LOAD ./system/src/cmsis/system_stm32f4xx.o
LOAD ./system/src/cmsis/vectors_stm32f401xc.o
LOAD ./src/AALC_program.o
LOAD ./src/ACC_program.o
LOAD ./src/ALKA_IR.o
LOAD ./src/HIR_program.o
LOAD ./src/HLDR_program.o
LOAD ./src/HMOTORS_program.o
LOAD ./src/HULTRASONIC_program.o
LOAD ./src/LDW_program.o
LOAD ./src/LKS_CAMERA_program.o
LOAD ./src/MGPIO_program.o
LOAD ./src/MNVIC_program.o
LOAD ./src/MRCC_program.o
LOAD ./src/MSYSTICK_program.o
LOAD ./src/MTIMER_program.o
LOAD ./src/MUSART_program.o
LOAD ./src/main.o
LOAD c:/03- imt sdk/imt_sdk_win_64/winarm/armgcc/bin/../lib/gcc/arm-none-eabi/7.2.1/../../../../arm-none-eabi/lib/thumb/v7e-m\libstdc++_nano.a
LOAD c:/03- imt sdk/imt_sdk_win_64/winarm/armgcc/bin/../lib/gcc/arm-none-eabi/7.2.1/../../../../arm-none-eabi/lib/thumb/v7e-m\libm.a
START GROUP
LOAD c:/03- imt sdk/imt_sdk_win_64/winarm/armgcc/bin/../lib/gcc/arm-none-eabi/7.2.1/thumb/v7e-m\libgcc.a
LOAD c:/03- imt sdk/imt_sdk_win_64/winarm/armgcc/bin/../lib/gcc/arm-none-eabi/7.2.1/../../../../arm-none-eabi/lib/thumb/v7e-m\libg_nano.a
LOAD c:/03- imt sdk/imt_sdk_win_64/winarm/armgcc/bin/../lib/gcc/arm-none-eabi/7.2.1/../../../../arm-none-eabi/lib/thumb/v7e-m\libc_nano.a
END GROUP
START GROUP
LOAD c:/03- imt sdk/imt_sdk_win_64/winarm/armgcc/bin/../lib/gcc/arm-none-eabi/7.2.1/thumb/v7e-m\libgcc.a
LOAD c:/03- imt sdk/imt_sdk_win_64/winarm/armgcc/bin/../lib/gcc/arm-none-eabi/7.2.1/../../../../arm-none-eabi/lib/thumb/v7e-m\libc_nano.a
END GROUP
                0x20010000                __stack = (ORIGIN (RAM) + LENGTH (RAM))
                0x20010000                _estack = __stack
                0x00000400                __Main_Stack_Size = 0x400
                [!provide]                PROVIDE (_Main_Stack_Size, __Main_Stack_Size)
                0x2000fc00                __Main_Stack_Limit = (__stack - __Main_Stack_Size)
                [!provide]                PROVIDE (_Main_Stack_Limit, __Main_Stack_Limit)
                0x00000100                _Minimum_Stack_Size = 0x100
                0x20000134                PROVIDE (_Heap_Begin, _end_noinit)
                0x2000fc00                PROVIDE (_Heap_Limit, (__stack - __Main_Stack_Size))

.isr_vector     0x08000000      0x3f4
 FILL mask 0xff
                0x08000000                __vectors_start = ABSOLUTE (.)
                0x08000000                __vectors_start__ = ABSOLUTE (.)
 *(.isr_vector)
 .isr_vector    0x08000000      0x194 ./system/src/cmsis/vectors_stm32f401xc.o
                0x08000000                __isr_vectors
 *(.cfmconfig)
 *(.after_vectors .after_vectors.*)
 .after_vectors
                0x08000194      0x130 ./system/src/newlib/_startup.o
                0x08000194                _start
 .after_vectors
                0x080002c4      0x12c ./system/src/cortexm/exception_handlers.o
                0x080002c4                Reset_Handler
                0x080002ca                NMI_Handler
                0x080002ce                HardFault_Handler
                0x080002e2                HardFault_Handler_C
                0x08000340                MemManage_Handler
                0x08000344                BusFault_Handler
                0x08000358                BusFault_Handler_C
                0x0800038c                UsageFault_Handler
                0x080003a0                UsageFault_Handler_C
                0x080003d4                SVC_Handler
                0x080003d8                DebugMon_Handler
                0x080003dc                PendSV_Handler
 .after_vectors
                0x080003f0        0x4 ./system/src/cmsis/vectors_stm32f401xc.o
                0x080003f0                RTC_Alarm_IRQHandler
                0x080003f0                EXTI2_IRQHandler
                0x080003f0                SPI4_IRQHandler
                0x080003f0                TIM1_CC_IRQHandler
                0x080003f0                DMA2_Stream5_IRQHandler
                0x080003f0                DMA1_Stream5_IRQHandler
                0x080003f0                PVD_IRQHandler
                0x080003f0                SDIO_IRQHandler
                0x080003f0                TAMP_STAMP_IRQHandler
                0x080003f0                EXTI3_IRQHandler
                0x080003f0                TIM1_UP_TIM10_IRQHandler
                0x080003f0                I2C3_ER_IRQHandler
                0x080003f0                EXTI0_IRQHandler
                0x080003f0                I2C2_EV_IRQHandler
                0x080003f0                DMA1_Stream2_IRQHandler
                0x080003f0                FPU_IRQHandler
                0x080003f0                DMA2_Stream2_IRQHandler
                0x080003f0                SPI1_IRQHandler
                0x080003f0                TIM1_BRK_TIM9_IRQHandler
                0x080003f0                DMA2_Stream3_IRQHandler
                0x080003f0                USART6_IRQHandler
                0x080003f0                DMA2_Stream0_IRQHandler
                0x080003f0                TIM4_IRQHandler
                0x080003f0                I2C1_EV_IRQHandler
                0x080003f0                DMA1_Stream6_IRQHandler
                0x080003f0                DMA1_Stream1_IRQHandler
                0x080003f0                TIM3_IRQHandler
                0x080003f0                RCC_IRQHandler
                0x080003f0                Default_Handler
                0x080003f0                EXTI15_10_IRQHandler
                0x080003f0                ADC_IRQHandler
                0x080003f0                DMA1_Stream7_IRQHandler
                0x080003f0                TIM5_IRQHandler
                0x080003f0                DMA2_Stream7_IRQHandler
                0x080003f0                I2C3_EV_IRQHandler
                0x080003f0                EXTI9_5_IRQHandler
                0x080003f0                RTC_WKUP_IRQHandler
                0x080003f0                SPI2_IRQHandler
                0x080003f0                DMA1_Stream0_IRQHandler
                0x080003f0                EXTI4_IRQHandler
                0x080003f0                WWDG_IRQHandler
                0x080003f0                OTG_FS_WKUP_IRQHandler
                0x080003f0                TIM1_TRG_COM_TIM11_IRQHandler
                0x080003f0                EXTI1_IRQHandler
                0x080003f0                USART2_IRQHandler
                0x080003f0                I2C2_ER_IRQHandler
                0x080003f0                DMA2_Stream1_IRQHandler
                0x080003f0                FLASH_IRQHandler
                0x080003f0                DMA2_Stream4_IRQHandler
                0x080003f0                USART1_IRQHandler
                0x080003f0                OTG_FS_IRQHandler
                0x080003f0                SPI3_IRQHandler
                0x080003f0                DMA1_Stream4_IRQHandler
                0x080003f0                I2C1_ER_IRQHandler
                0x080003f0                DMA2_Stream6_IRQHandler
                0x080003f0                DMA1_Stream3_IRQHandler

.inits          0x080003f4       0x28
                0x080003f4                __data_regions_array_start = .
                0x080003f4        0x4 LONG 0x80028c4 LOADADDR (.data)
                0x080003f8        0x4 LONG 0x20000000 ADDR (.data)
                0x080003fc        0x4 LONG 0x2000007c (ADDR (.data) + SIZEOF (.data))
                0x08000400        0x4 LONG 0x80028c4 LOADADDR (.data_CCMRAM)
                0x08000404        0x4 LONG 0x10000000 ADDR (.data_CCMRAM)
                0x08000408        0x4 LONG 0x10000000 (ADDR (.data_CCMRAM) + SIZEOF (.data_CCMRAM))
                0x0800040c                __data_regions_array_end = .
                0x0800040c                __bss_regions_array_start = .
                0x0800040c        0x4 LONG 0x2000007c ADDR (.bss)
                0x08000410        0x4 LONG 0x20000134 (ADDR (.bss) + SIZEOF (.bss))
                0x08000414        0x4 LONG 0x10000000 ADDR (.bss_CCMRAM)
                0x08000418        0x4 LONG 0x10000000 (ADDR (.bss_CCMRAM) + SIZEOF (.bss_CCMRAM))
                0x0800041c                __bss_regions_array_end = .
 *(.init)
 *(.fini)
                0x0800041c                . = ALIGN (0x4)
                0x0800041c                PROVIDE (__preinit_array_start, .)
 *(.preinit_array_sysinit .preinit_array_sysinit.*)
 *(.preinit_array_platform .preinit_array_platform.*)
 *(.preinit_array .preinit_array.*)
                0x0800041c                PROVIDE (__preinit_array_end, .)
                0x0800041c                . = ALIGN (0x4)
                0x0800041c                PROVIDE (__init_array_start, .)
 *(SORT_BY_NAME(.init_array.*))
 *(.init_array)
                0x0800041c                PROVIDE (__init_array_end, .)
                0x0800041c                . = ALIGN (0x4)
                0x0800041c                PROVIDE (__fini_array_start, .)
 *(SORT_BY_NAME(.fini_array.*))
 *(.fini_array)
                0x0800041c                PROVIDE (__fini_array_end, .)

.flashtext
 *(.flashtext .flashtext.*)

.text           0x08000420     0x24a3
 *(.text .text.*)
 .text._exit    0x08000420        0x2 ./system/src/newlib/_exit.o
                0x08000420                _exit
 *fill*         0x08000422        0x2 
 .text._sbrk    0x08000424       0x44 ./system/src/newlib/_sbrk.o
                0x08000424                _sbrk
 .text.__initialize_args
                0x08000468       0x10 ./system/src/newlib/_syscalls.o
                0x08000468                __initialize_args
 .text.trace_printf
                0x08000478       0x30 ./system/src/diag/Trace.o
                0x08000478                trace_printf
 .text._trace_write_semihosting_debug
                0x080004a8       0x60 ./system/src/diag/trace_impl.o
 .text.trace_write
                0x08000508        0x8 ./system/src/diag/trace_impl.o
                0x08000508                trace_write
 .text.__initialize_hardware_early
                0x08000510       0x18 ./system/src/cortexm/_initialize_hardware.o
                0x08000510                __initialize_hardware_early
 .text.__initialize_hardware
                0x08000528        0x8 ./system/src/cortexm/_initialize_hardware.o
                0x08000528                __initialize_hardware
 .text.dumpExceptionStack
                0x08000530       0xf4 ./system/src/cortexm/exception_handlers.o
                0x08000530                dumpExceptionStack
 .text.isSemihosting
                0x08000624       0x20 ./system/src/cortexm/exception_handlers.o
                0x08000624                isSemihosting
 .text.SystemInit
                0x08000644       0x40 ./system/src/cmsis/system_stm32f4xx.o
                0x08000644                SystemInit
 .text.SystemCoreClockUpdate
                0x08000684       0xa0 ./system/src/cmsis/system_stm32f4xx.o
                0x08000684                SystemCoreClockUpdate
 .text.AALC_voidMode
                0x08000724       0x26 ./src/AALC_program.o
                0x08000724                AALC_voidMode
 *fill*         0x0800074a        0x2 
 .text.ACC_voidMode
                0x0800074c       0x60 ./src/ACC_program.o
                0x0800074c                ACC_voidMode
 .text.ALKA_IR_Init
                0x080007ac       0x1a ./src/ALKA_IR.o
                0x080007ac                ALKA_IR_Init
 .text.ALKA_Read_IR_Right
                0x080007c6        0xc ./src/ALKA_IR.o
                0x080007c6                ALKA_Read_IR_Right
 .text.ALKA_Read_IR_Left
                0x080007d2        0xc ./src/ALKA_IR.o
                0x080007d2                ALKA_Read_IR_Left
 *fill*         0x080007de        0x2 
 .text.APP_LKA  0x080007e0       0x88 ./src/ALKA_IR.o
                0x080007e0                APP_LKA
 .text.HIR_voidInit
                0x08000868       0x14 ./src/HIR_program.o
                0x08000868                HIR_voidInit
 .text.HIR_SetPin
                0x0800087c       0x18 ./src/HIR_program.o
                0x0800087c                HIR_SetPin
 .text.HIR_u8ReadIR
                0x08000894        0x8 ./src/HIR_program.o
                0x08000894                HIR_u8ReadIR
 .text.HLDR_u8ReadLDR
                0x0800089c        0x8 ./src/HLDR_program.o
                0x0800089c                HLDR_u8ReadLDR
 .text.HMOTOR_voidInit
                0x080008a4       0x7c ./src/HMOTORS_program.o
                0x080008a4                HMOTOR_voidInit
 .text.HMOTOR_voidMoveForward
                0x08000920       0x2c ./src/HMOTORS_program.o
                0x08000920                HMOTOR_voidMoveForward
 .text.HMOTOR_voidMoveBackward
                0x0800094c       0x2c ./src/HMOTORS_program.o
                0x0800094c                HMOTOR_voidMoveBackward
 .text.HMOTOR_voidStop
                0x08000978       0x2c ./src/HMOTORS_program.o
                0x08000978                HMOTOR_voidStop
 .text.HMOTOR_voidMoveRight
                0x080009a4       0x2c ./src/HMOTORS_program.o
                0x080009a4                HMOTOR_voidMoveRight
 .text.HMOTOR_voidMoveLeft
                0x080009d0       0x2c ./src/HMOTORS_program.o
                0x080009d0                HMOTOR_voidMoveLeft
 .text.HMOTOR_voidSetSpeed
                0x080009fc        0xc ./src/HMOTORS_program.o
                0x080009fc                HMOTOR_voidSetSpeed
 .text.HULTRASONIC_voidInit
                0x08000a08       0x36 ./src/HULTRASONIC_program.o
                0x08000a08                HULTRASONIC_voidInit
 .text.HULTRASONIC_voidGetDistance
                0x08000a3e       0x28 ./src/HULTRASONIC_program.o
                0x08000a3e                HULTRASONIC_voidGetDistance
 *fill*         0x08000a66        0x2 
 .text.TIM2_IRQHandler
                0x08000a68       0x70 ./src/HULTRASONIC_program.o
                0x08000a68                TIM2_IRQHandler
 .text.LKS_Camera_App_Init
                0x08000ad8       0x1a ./src/LKS_CAMERA_program.o
                0x08000ad8                LKS_Camera_App_Init
 .text.LKS_Camera_Read_Right
                0x08000af2        0xc ./src/LKS_CAMERA_program.o
                0x08000af2                LKS_Camera_Read_Right
 .text.LKS_Camera_Read_Left
                0x08000afe        0xc ./src/LKS_CAMERA_program.o
                0x08000afe                LKS_Camera_Read_Left
 *fill*         0x08000b0a        0x2 
 .text.LKS_Camera_App
                0x08000b0c       0x64 ./src/LKS_CAMERA_program.o
                0x08000b0c                LKS_Camera_App
 .text.MGPIO_voidSetPinMode
                0x08000b70       0x74 ./src/MGPIO_program.o
                0x08000b70                MGPIO_voidSetPinMode
 .text.MGPIO_voidSetOutputPinType
                0x08000be4       0x94 ./src/MGPIO_program.o
                0x08000be4                MGPIO_voidSetOutputPinType
 .text.MGPIO_voidSetOutputPinSpeed
                0x08000c78       0x74 ./src/MGPIO_program.o
                0x08000c78                MGPIO_voidSetOutputPinSpeed
 .text.MGPIO_voidSetPinPullType
                0x08000cec       0x74 ./src/MGPIO_program.o
                0x08000cec                MGPIO_voidSetPinPullType
 .text.MGPIO_u8GetPinValue
                0x08000d60       0x40 ./src/MGPIO_program.o
                0x08000d60                MGPIO_u8GetPinValue
 .text.MGPIO_voidSetPinValue
                0x08000da0       0x78 ./src/MGPIO_program.o
                0x08000da0                MGPIO_voidSetPinValue
 .text.MGPIO_voidSetAlternateFunction
                0x08000e18       0xdc ./src/MGPIO_program.o
                0x08000e18                MGPIO_voidSetAlternateFunction
 .text.MNVIC_voidEnablePeripheralInterrupt
                0x08000ef4       0x18 ./src/MNVIC_program.o
                0x08000ef4                MNVIC_voidEnablePeripheralInterrupt
 .text.MRCC_voidInit
                0x08000f0c       0x50 ./src/MRCC_program.o
                0x08000f0c                MRCC_voidInit
 .text.MRCC_voidEnablePeripheral
                0x08000f5c       0x54 ./src/MRCC_program.o
                0x08000f5c                MRCC_voidEnablePeripheral
 .text.MSYSTICK_voidInit
                0x08000fb0       0x24 ./src/MSYSTICK_program.o
                0x08000fb0                MSYSTICK_voidInit
 .text.MSYSTICK_voidEnable
                0x08000fd4       0x10 ./src/MSYSTICK_program.o
                0x08000fd4                MSYSTICK_voidEnable
 .text.MSYSTICK_voidDisable
                0x08000fe4       0x10 ./src/MSYSTICK_program.o
                0x08000fe4                MSYSTICK_voidDisable
 .text.MSYSTICK_voidReloadValue
                0x08000ff4        0xc ./src/MSYSTICK_program.o
                0x08000ff4                MSYSTICK_voidReloadValue
 .text.SysTick_Handler
                0x08001000       0x28 ./src/MSYSTICK_program.o
                0x08001000                SysTick_Handler
 .text.MSYSTICK_voidSetDelay
                0x08001028       0x20 ./src/MSYSTICK_program.o
                0x08001028                MSYSTICK_voidSetDelay
 .text.MTIMER3_voidPwmModeInit
                0x08001048       0xcc ./src/MTIMER_program.o
                0x08001048                MTIMER3_voidPwmModeInit
 .text.MTIMER3_voidStartTimer
                0x08001114       0x10 ./src/MTIMER_program.o
                0x08001114                MTIMER3_voidStartTimer
 .text.MTIMER3_voidSetCompareValue
                0x08001124       0x2c ./src/MTIMER_program.o
                0x08001124                MTIMER3_voidSetCompareValue
 .text.MTIMER3_voidSetPeriodValue
                0x08001150        0xc ./src/MTIMER_program.o
                0x08001150                MTIMER3_voidSetPeriodValue
 .text.MTIMER3_voidSetPreScaler
                0x0800115c        0xc ./src/MTIMER_program.o
                0x0800115c                MTIMER3_voidSetPreScaler
 .text.MTIMER2_voidInit
                0x08001168      0x12c ./src/MTIMER_program.o
                0x08001168                MTIMER2_voidInit
 .text.MTIMER2_voidStartTimer
                0x08001294        0xe ./src/MTIMER_program.o
                0x08001294                MTIMER2_voidStartTimer
 .text.MTIMER2_voidStopTimer
                0x080012a2        0xe ./src/MTIMER_program.o
                0x080012a2                MTIMER2_voidStopTimer
 .text.MTIMER2_u32CaptureValue
                0x080012b0       0x32 ./src/MTIMER_program.o
                0x080012b0                MTIMER2_u32CaptureValue
 .text.MTIMER2_voidEnableInterrupt
                0x080012e2        0xe ./src/MTIMER_program.o
                0x080012e2                MTIMER2_voidEnableInterrupt
 .text.MTIMER2_voidSetPreScaler
                0x080012f0        0x8 ./src/MTIMER_program.o
                0x080012f0                MTIMER2_voidSetPreScaler
 .text.MTIMER2_voidClearCount
                0x080012f8        0xa ./src/MTIMER_program.o
                0x080012f8                MTIMER2_voidClearCount
 *fill*         0x08001302        0x2 
 .text.MUSART_voidInit
                0x08001304       0x2c ./src/MUSART_program.o
                0x08001304                MUSART_voidInit
 .text.MUSART_voidEnableUART
                0x08001330       0x10 ./src/MUSART_program.o
                0x08001330                MUSART_voidEnableUART
 .text.MUSART_voidEnableTX
                0x08001340       0x10 ./src/MUSART_program.o
                0x08001340                MUSART_voidEnableTX
 .text.MUSART_voidEnableRX
                0x08001350       0x10 ./src/MUSART_program.o
                0x08001350                MUSART_voidEnableRX
 .text.MUSART_voidReadData
                0x08001360       0x18 ./src/MUSART_program.o
                0x08001360                MUSART_voidReadData
 .text.MUSART_voidReadData_1
                0x08001378       0x1c ./src/MUSART_program.o
                0x08001378                MUSART_voidReadData_1
 .text.main     0x08001394      0x2dc ./src/main.o
                0x08001394                main
 .text          0x08001670      0x378 c:/03- imt sdk/imt_sdk_win_64/winarm/armgcc/bin/../lib/gcc/arm-none-eabi/7.2.1/thumb/v7e-m\libgcc.a(_arm_addsubdf3.o)
                0x08001670                __aeabi_drsub
                0x08001678                __aeabi_dsub
                0x08001678                __subdf3
                0x0800167c                __aeabi_dadd
                0x0800167c                __adddf3
                0x080018f4                __floatunsidf
                0x080018f4                __aeabi_ui2d
                0x08001914                __floatsidf
                0x08001914                __aeabi_i2d
                0x08001938                __aeabi_f2d
                0x08001938                __extendsfdf2
                0x0800197c                __floatundidf
                0x0800197c                __aeabi_ul2d
                0x0800198c                __floatdidf
                0x0800198c                __aeabi_l2d
 .text          0x080019e8      0x424 c:/03- imt sdk/imt_sdk_win_64/winarm/armgcc/bin/../lib/gcc/arm-none-eabi/7.2.1/thumb/v7e-m\libgcc.a(_arm_muldivdf3.o)
                0x080019e8                __aeabi_dmul
                0x080019e8                __muldf3
                0x08001c3c                __divdf3
                0x08001c3c                __aeabi_ddiv
 .text          0x08001e0c       0x40 c:/03- imt sdk/imt_sdk_win_64/winarm/armgcc/bin/../lib/gcc/arm-none-eabi/7.2.1/thumb/v7e-m\libgcc.a(_arm_fixunsdfsi.o)
                0x08001e0c                __aeabi_d2uiz
                0x08001e0c                __fixunsdfsi
 .text.__errno  0x08001e4c        0xc c:/03- imt sdk/imt_sdk_win_64/winarm/armgcc/bin/../lib/gcc/arm-none-eabi/7.2.1/../../../../arm-none-eabi/lib/thumb/v7e-m\libg_nano.a(lib_a-errno.o)
                0x08001e4c                __errno
 .text._vsnprintf_r
                0x08001e58       0x58 c:/03- imt sdk/imt_sdk_win_64/winarm/armgcc/bin/../lib/gcc/arm-none-eabi/7.2.1/../../../../arm-none-eabi/lib/thumb/v7e-m\libg_nano.a(lib_a-vsnprintf.o)
                0x08001e58                _vsniprintf_r
                0x08001e58                _vsnprintf_r
 .text.vsnprintf
                0x08001eb0       0x1c c:/03- imt sdk/imt_sdk_win_64/winarm/armgcc/bin/../lib/gcc/arm-none-eabi/7.2.1/../../../../arm-none-eabi/lib/thumb/v7e-m\libg_nano.a(lib_a-vsnprintf.o)
                0x08001eb0                vsniprintf
                0x08001eb0                vsnprintf
 .text.__ssputs_r
                0x08001ecc       0xb4 c:/03- imt sdk/imt_sdk_win_64/winarm/armgcc/bin/../lib/gcc/arm-none-eabi/7.2.1/../../../../arm-none-eabi/lib/thumb/v7e-m\libg_nano.a(lib_a-nano-svfprintf.o)
                0x08001ecc                __ssputs_r
 .text._svfprintf_r
                0x08001f80      0x1ec c:/03- imt sdk/imt_sdk_win_64/winarm/armgcc/bin/../lib/gcc/arm-none-eabi/7.2.1/../../../../arm-none-eabi/lib/thumb/v7e-m\libg_nano.a(lib_a-nano-svfprintf.o)
                0x08001f80                _svfiprintf_r
                0x08001f80                _svfprintf_r
 .text._printf_common
                0x0800216c       0xea c:/03- imt sdk/imt_sdk_win_64/winarm/armgcc/bin/../lib/gcc/arm-none-eabi/7.2.1/../../../../arm-none-eabi/lib/thumb/v7e-m\libg_nano.a(lib_a-nano-vfprintf_i.o)
                0x0800216c                _printf_common
 *fill*         0x08002256        0x2 
 .text._printf_i
                0x08002258      0x224 c:/03- imt sdk/imt_sdk_win_64/winarm/armgcc/bin/../lib/gcc/arm-none-eabi/7.2.1/../../../../arm-none-eabi/lib/thumb/v7e-m\libg_nano.a(lib_a-nano-vfprintf_i.o)
                0x08002258                _printf_i
 *fill*         0x0800247c        0x4 
 .text          0x08002480       0xa0 c:/03- imt sdk/imt_sdk_win_64/winarm/armgcc/bin/../lib/gcc/arm-none-eabi/7.2.1/../../../../arm-none-eabi/lib/thumb/v7e-m\libg_nano.a(lib_a-memchr.o)
                0x08002480                memchr
 .text.memcpy   0x08002520       0x16 c:/03- imt sdk/imt_sdk_win_64/winarm/armgcc/bin/../lib/gcc/arm-none-eabi/7.2.1/../../../../arm-none-eabi/lib/thumb/v7e-m\libg_nano.a(lib_a-memcpy-stub.o)
                0x08002520                memcpy
 .text.memmove  0x08002536       0x32 c:/03- imt sdk/imt_sdk_win_64/winarm/armgcc/bin/../lib/gcc/arm-none-eabi/7.2.1/../../../../arm-none-eabi/lib/thumb/v7e-m\libg_nano.a(lib_a-memmove.o)
                0x08002536                memmove
 .text._free_r  0x08002568       0x9c c:/03- imt sdk/imt_sdk_win_64/winarm/armgcc/bin/../lib/gcc/arm-none-eabi/7.2.1/../../../../arm-none-eabi/lib/thumb/v7e-m\libg_nano.a(lib_a-nano-freer.o)
                0x08002568                _free_r
 .text._malloc_r
                0x08002604       0xb4 c:/03- imt sdk/imt_sdk_win_64/winarm/armgcc/bin/../lib/gcc/arm-none-eabi/7.2.1/../../../../arm-none-eabi/lib/thumb/v7e-m\libg_nano.a(lib_a-nano-mallocr.o)
                0x08002604                _malloc_r
 .text._realloc_r
                0x080026b8       0x4c c:/03- imt sdk/imt_sdk_win_64/winarm/armgcc/bin/../lib/gcc/arm-none-eabi/7.2.1/../../../../arm-none-eabi/lib/thumb/v7e-m\libg_nano.a(lib_a-nano-reallocr.o)
                0x080026b8                _realloc_r
 .text._sbrk_r  0x08002704       0x20 c:/03- imt sdk/imt_sdk_win_64/winarm/armgcc/bin/../lib/gcc/arm-none-eabi/7.2.1/../../../../arm-none-eabi/lib/thumb/v7e-m\libg_nano.a(lib_a-sbrkr.o)
                0x08002704                _sbrk_r
 .text.__malloc_lock
                0x08002724        0x2 c:/03- imt sdk/imt_sdk_win_64/winarm/armgcc/bin/../lib/gcc/arm-none-eabi/7.2.1/../../../../arm-none-eabi/lib/thumb/v7e-m\libg_nano.a(lib_a-mlock.o)
                0x08002724                __malloc_lock
 .text.__malloc_unlock
                0x08002726        0x2 c:/03- imt sdk/imt_sdk_win_64/winarm/armgcc/bin/../lib/gcc/arm-none-eabi/7.2.1/../../../../arm-none-eabi/lib/thumb/v7e-m\libg_nano.a(lib_a-mlock.o)
                0x08002726                __malloc_unlock
 .text._malloc_usable_size_r
                0x08002728       0x10 c:/03- imt sdk/imt_sdk_win_64/winarm/armgcc/bin/../lib/gcc/arm-none-eabi/7.2.1/../../../../arm-none-eabi/lib/thumb/v7e-m\libg_nano.a(lib_a-nano-msizer.o)
                0x08002728                _malloc_usable_size_r
 *(.rodata .rodata.* .constdata .constdata.*)
 .rodata.dumpExceptionStack.str1.4
                0x08002738      0x11a ./system/src/cortexm/exception_handlers.o
 *fill*         0x08002852        0x2 
 .rodata.str1.4
                0x08002854       0x2c ./system/src/cortexm/exception_handlers.o
                                 0x2a (size before relaxing)
 .rodata.AHBPrescTable
                0x08002880       0x10 ./system/src/cmsis/system_stm32f4xx.o
                0x08002880                AHBPrescTable
 .rodata._svfprintf_r.str1.1
                0x08002890       0x11 c:/03- imt sdk/imt_sdk_win_64/winarm/armgcc/bin/../lib/gcc/arm-none-eabi/7.2.1/../../../../arm-none-eabi/lib/thumb/v7e-m\libg_nano.a(lib_a-nano-svfprintf.o)
 .rodata._printf_i.str1.1
                0x080028a1       0x22 c:/03- imt sdk/imt_sdk_win_64/winarm/armgcc/bin/../lib/gcc/arm-none-eabi/7.2.1/../../../../arm-none-eabi/lib/thumb/v7e-m\libg_nano.a(lib_a-nano-vfprintf_i.o)
 *(vtable)
 *(.eh_frame*)
 *(.glue_7)
 .glue_7        0x080028c3        0x0 linker stubs
 *(.glue_7t)
 .glue_7t       0x080028c3        0x0 linker stubs

.vfp11_veneer   0x080028c4        0x0
 .vfp11_veneer  0x080028c4        0x0 linker stubs

.v4_bx          0x080028c4        0x0
 .v4_bx         0x080028c4        0x0 linker stubs

.iplt           0x080028c4        0x0
 .iplt          0x080028c4        0x0 ./system/src/newlib/_exit.o

.rel.dyn        0x080028c4        0x0
 .rel.iplt      0x080028c4        0x0 ./system/src/newlib/_exit.o

.ARM.extab
 *(.ARM.extab* .gnu.linkonce.armextab.*)
                0x080028c4                . = ALIGN (0x4)
                0x080028c4                __exidx_start = .

.ARM.exidx
 *(.ARM.exidx* .gnu.linkonce.armexidx.*)
                0x080028c4                __exidx_end = .
                0x080028c4                . = ALIGN (0x4)
                0x080028c4                _etext = .
                0x080028c4                __etext = .

.data_CCMRAM    0x10000000        0x0 load address 0x080028c4
 FILL mask 0xff
 *(.data.CCMRAM .data.CCMRAM.*)
                0x10000000                . = ALIGN (0x4)
                0x080028c4                _sidata = LOADADDR (.data)

.data           0x20000000       0x7c load address 0x080028c4
 FILL mask 0xff
                0x20000000                _sdata = .
                0x20000000                __data_start__ = .
 *(.data_begin .data_begin.*)
 .data_begin    0x20000000        0x4 ./system/src/newlib/_startup.o
 *(.data .data.*)
 .data.argv.4310
                0x20000004        0x8 ./system/src/newlib/_syscalls.o
 .data.SystemCoreClock
                0x2000000c        0x4 ./system/src/cmsis/system_stm32f4xx.o
                0x2000000c                SystemCoreClock
 .data.Local_u16Speed.3657
                0x20000010        0x2 ./src/ACC_program.o
 *fill*         0x20000012        0x2 ff
 .data._impure_ptr
                0x20000014        0x4 c:/03- imt sdk/imt_sdk_win_64/winarm/armgcc/bin/../lib/gcc/arm-none-eabi/7.2.1/../../../../arm-none-eabi/lib/thumb/v7e-m\libg_nano.a(lib_a-impure.o)
                0x20000014                _impure_ptr
 .data.impure_data
                0x20000018       0x60 c:/03- imt sdk/imt_sdk_win_64/winarm/armgcc/bin/../lib/gcc/arm-none-eabi/7.2.1/../../../../arm-none-eabi/lib/thumb/v7e-m\libg_nano.a(lib_a-impure.o)
 *(.data_end .data_end.*)
 .data_end      0x20000078        0x4 ./system/src/newlib/_startup.o
                0x2000007c                . = ALIGN (0x4)
                0x2000007c                _edata = .
                0x2000007c                __data_end__ = .

.igot.plt       0x2000007c        0x0 load address 0x08002940
 .igot.plt      0x2000007c        0x0 ./system/src/newlib/_exit.o

.bss_CCMRAM     0x10000000        0x0
 *(.bss.CCMRAM .bss.CCMRAM.*)

.bss            0x2000007c       0xb8
                0x2000007c                __bss_start__ = .
                0x2000007c                _sbss = .
 *(.bss_begin .bss_begin.*)
 .bss_begin     0x2000007c        0x4 ./system/src/newlib/_startup.o
 *(.bss .bss.*)
 .bss.current_heap_end.3961
                0x20000080        0x4 ./system/src/newlib/_sbrk.o
 .bss.name.4309
                0x20000084        0x1 ./system/src/newlib/_syscalls.o
 *fill*         0x20000085        0x3 
 .bss.buf.5205  0x20000088       0x80 ./system/src/diag/Trace.o
 .bss.L_u8Left_Read
                0x20000108        0x1 ./src/ALKA_IR.o
                0x20000108                L_u8Left_Read
 .bss.L_u8Right_Read
                0x20000109        0x1 ./src/ALKA_IR.o
                0x20000109                L_u8Right_Read
 *fill*         0x2000010a        0x2 
 .bss.Local_u32FinalValue
                0x2000010c        0x4 ./src/HULTRASONIC_program.o
 .bss.Local_u32initalValue
                0x20000110        0x4 ./src/HULTRASONIC_program.o
 .bss.Local_u8Flag.3734
                0x20000114        0x1 ./src/HULTRASONIC_program.o
 .bss.L_u8Left_Read_Cam
                0x20000115        0x1 ./src/LKS_CAMERA_program.o
                0x20000115                L_u8Left_Read_Cam
 .bss.L_u8Right_Read_Cam
                0x20000116        0x1 ./src/LKS_CAMERA_program.o
                0x20000116                L_u8Right_Read_Cam
 *fill*         0x20000117        0x1 
 .bss.Global_pvSysTickFunc
                0x20000118        0x4 ./src/MSYSTICK_program.o
                0x20000118                Global_pvSysTickFunc
 .bss.__malloc_free_list
                0x2000011c        0x4 c:/03- imt sdk/imt_sdk_win_64/winarm/armgcc/bin/../lib/gcc/arm-none-eabi/7.2.1/../../../../arm-none-eabi/lib/thumb/v7e-m\libg_nano.a(lib_a-nano-mallocr.o)
                0x2000011c                __malloc_free_list
 .bss.__malloc_sbrk_start
                0x20000120        0x4 c:/03- imt sdk/imt_sdk_win_64/winarm/armgcc/bin/../lib/gcc/arm-none-eabi/7.2.1/../../../../arm-none-eabi/lib/thumb/v7e-m\libg_nano.a(lib_a-nano-mallocr.o)
                0x20000120                __malloc_sbrk_start
 *(COMMON)
 COMMON         0x20000124        0x4 ./system/src/newlib/_syscalls.o
                0x20000124                errno
 COMMON         0x20000128        0x4 ./src/HULTRASONIC_program.o
                0x20000128                Global_u32Distance
 COMMON         0x2000012c        0x4 ./src/main.o
                0x2000012c                G_u32Read
 *(.bss_end .bss_end.*)
 .bss_end       0x20000130        0x4 ./system/src/newlib/_startup.o
                0x20000134                . = ALIGN (0x4)
                0x20000134                __bss_end__ = .
                0x20000134                _ebss = .

.noinit_CCMRAM
 *(.noinit.CCMRAM .noinit.CCMRAM.*)

.noinit         0x20000134        0x0
                0x20000134                _noinit = .
 *(.noinit .noinit.*)
                0x20000134                . = ALIGN (0x4)
                0x20000134                _end_noinit = .
                [!provide]                PROVIDE (end, _end_noinit)
                [!provide]                PROVIDE (_end, _end_noinit)
                [!provide]                PROVIDE (__end, _end_noinit)
                [!provide]                PROVIDE (__end__, _end_noinit)

._check_stack   0x20000134      0x100
                0x20000234                . = (. + _Minimum_Stack_Size)
 *fill*         0x20000134      0x100 

.b1text
 *(.b1text)
 *(.b1rodata)
 *(.b1rodata.*)

.eb0text
 *(.eb0text)
 *(.eb0rodata)
 *(.eb0rodata.*)

.eb1text
 *(.eb1text)
 *(.eb1rodata)
 *(.eb1rodata.*)

.eb2text
 *(.eb2text)
 *(.eb2rodata)
 *(.eb2rodata.*)

.eb3text
 *(.eb3text)
 *(.eb3rodata)
 *(.eb3rodata.*)

.stab
 *(.stab)

.stabstr
 *(.stabstr)

.stab.excl
 *(.stab.excl)

.stab.exclstr
 *(.stab.exclstr)

.stab.index
 *(.stab.index)

.stab.indexstr
 *(.stab.indexstr)

.comment        0x00000000       0x7e
 *(.comment)
 .comment       0x00000000       0x7e ./system/src/newlib/_exit.o
                                 0x7f (size before relaxing)
 .comment       0x0000007e       0x7f ./system/src/newlib/_sbrk.o
 .comment       0x0000007e       0x7f ./system/src/newlib/_startup.o
 .comment       0x0000007e       0x7f ./system/src/newlib/_syscalls.o
 .comment       0x0000007e       0x7f ./system/src/diag/Trace.o
 .comment       0x0000007e       0x7f ./system/src/diag/trace_impl.o
 .comment       0x0000007e       0x7f ./system/src/cortexm/_initialize_hardware.o
 .comment       0x0000007e       0x7f ./system/src/cortexm/exception_handlers.o
 .comment       0x0000007e       0x7f ./system/src/cmsis/system_stm32f4xx.o
 .comment       0x0000007e       0x7f ./system/src/cmsis/vectors_stm32f401xc.o
 .comment       0x0000007e       0x7f ./src/AALC_program.o
 .comment       0x0000007e       0x7f ./src/ACC_program.o
 .comment       0x0000007e       0x7f ./src/ALKA_IR.o
 .comment       0x0000007e       0x7f ./src/HIR_program.o
 .comment       0x0000007e       0x7f ./src/HLDR_program.o
 .comment       0x0000007e       0x7f ./src/HMOTORS_program.o
 .comment       0x0000007e       0x7f ./src/HULTRASONIC_program.o
 .comment       0x0000007e       0x7f ./src/LKS_CAMERA_program.o
 .comment       0x0000007e       0x7f ./src/MGPIO_program.o
 .comment       0x0000007e       0x7f ./src/MNVIC_program.o
 .comment       0x0000007e       0x7f ./src/MRCC_program.o
 .comment       0x0000007e       0x7f ./src/MSYSTICK_program.o
 .comment       0x0000007e       0x7f ./src/MTIMER_program.o
 .comment       0x0000007e       0x7f ./src/MUSART_program.o
 .comment       0x0000007e       0x7f ./src/main.o

.ARM.attributes
                0x00000000       0x31
 .ARM.attributes
                0x00000000       0x33 ./system/src/newlib/_exit.o
 .ARM.attributes
                0x00000033       0x33 ./system/src/newlib/_sbrk.o
 .ARM.attributes
                0x00000066       0x33 ./system/src/newlib/_startup.o
 .ARM.attributes
                0x00000099       0x33 ./system/src/newlib/_syscalls.o
 .ARM.attributes
                0x000000cc       0x33 ./system/src/diag/Trace.o
 .ARM.attributes
                0x000000ff       0x33 ./system/src/diag/trace_impl.o
 .ARM.attributes
                0x00000132       0x33 ./system/src/cortexm/_initialize_hardware.o
 .ARM.attributes
                0x00000165       0x33 ./system/src/cortexm/exception_handlers.o
 .ARM.attributes
                0x00000198       0x33 ./system/src/cmsis/system_stm32f4xx.o
 .ARM.attributes
                0x000001cb       0x33 ./system/src/cmsis/vectors_stm32f401xc.o
 .ARM.attributes
                0x000001fe       0x33 ./src/AALC_program.o
 .ARM.attributes
                0x00000231       0x33 ./src/ACC_program.o
 .ARM.attributes
                0x00000264       0x33 ./src/ALKA_IR.o
 .ARM.attributes
                0x00000297       0x33 ./src/HIR_program.o
 .ARM.attributes
                0x000002ca       0x33 ./src/HLDR_program.o
 .ARM.attributes
                0x000002fd       0x33 ./src/HMOTORS_program.o
 .ARM.attributes
                0x00000330       0x33 ./src/HULTRASONIC_program.o
 .ARM.attributes
                0x00000363       0x33 ./src/LKS_CAMERA_program.o
 .ARM.attributes
                0x00000396       0x33 ./src/MGPIO_program.o
 .ARM.attributes
                0x000003c9       0x33 ./src/MNVIC_program.o
 .ARM.attributes
                0x000003fc       0x33 ./src/MRCC_program.o
 .ARM.attributes
                0x0000042f       0x33 ./src/MSYSTICK_program.o
 .ARM.attributes
                0x00000462       0x33 ./src/MTIMER_program.o
 .ARM.attributes
                0x00000495       0x33 ./src/MUSART_program.o
 .ARM.attributes
                0x000004c8       0x33 ./src/main.o
 .ARM.attributes
                0x000004fb       0x1e c:/03- imt sdk/imt_sdk_win_64/winarm/armgcc/bin/../lib/gcc/arm-none-eabi/7.2.1/thumb/v7e-m\libgcc.a(_arm_addsubdf3.o)
 .ARM.attributes
                0x00000519       0x1e c:/03- imt sdk/imt_sdk_win_64/winarm/armgcc/bin/../lib/gcc/arm-none-eabi/7.2.1/thumb/v7e-m\libgcc.a(_arm_muldivdf3.o)
 .ARM.attributes
                0x00000537       0x1e c:/03- imt sdk/imt_sdk_win_64/winarm/armgcc/bin/../lib/gcc/arm-none-eabi/7.2.1/thumb/v7e-m\libgcc.a(_arm_fixunsdfsi.o)
 .ARM.attributes
                0x00000555       0x2e c:/03- imt sdk/imt_sdk_win_64/winarm/armgcc/bin/../lib/gcc/arm-none-eabi/7.2.1/../../../../arm-none-eabi/lib/thumb/v7e-m\libg_nano.a(lib_a-errno.o)
 .ARM.attributes
                0x00000583       0x2e c:/03- imt sdk/imt_sdk_win_64/winarm/armgcc/bin/../lib/gcc/arm-none-eabi/7.2.1/../../../../arm-none-eabi/lib/thumb/v7e-m\libg_nano.a(lib_a-impure.o)
 .ARM.attributes
                0x000005b1       0x2e c:/03- imt sdk/imt_sdk_win_64/winarm/armgcc/bin/../lib/gcc/arm-none-eabi/7.2.1/../../../../arm-none-eabi/lib/thumb/v7e-m\libg_nano.a(lib_a-vsnprintf.o)
 .ARM.attributes
                0x000005df       0x2e c:/03- imt sdk/imt_sdk_win_64/winarm/armgcc/bin/../lib/gcc/arm-none-eabi/7.2.1/../../../../arm-none-eabi/lib/thumb/v7e-m\libg_nano.a(lib_a-nano-svfprintf.o)
 .ARM.attributes
                0x0000060d       0x2e c:/03- imt sdk/imt_sdk_win_64/winarm/armgcc/bin/../lib/gcc/arm-none-eabi/7.2.1/../../../../arm-none-eabi/lib/thumb/v7e-m\libg_nano.a(lib_a-nano-vfprintf_i.o)
 .ARM.attributes
                0x0000063b       0x1c c:/03- imt sdk/imt_sdk_win_64/winarm/armgcc/bin/../lib/gcc/arm-none-eabi/7.2.1/../../../../arm-none-eabi/lib/thumb/v7e-m\libg_nano.a(lib_a-memchr.o)
 .ARM.attributes
                0x00000657       0x2e c:/03- imt sdk/imt_sdk_win_64/winarm/armgcc/bin/../lib/gcc/arm-none-eabi/7.2.1/../../../../arm-none-eabi/lib/thumb/v7e-m\libg_nano.a(lib_a-memcpy-stub.o)
 .ARM.attributes
                0x00000685       0x2e c:/03- imt sdk/imt_sdk_win_64/winarm/armgcc/bin/../lib/gcc/arm-none-eabi/7.2.1/../../../../arm-none-eabi/lib/thumb/v7e-m\libg_nano.a(lib_a-memmove.o)
 .ARM.attributes
                0x000006b3       0x2e c:/03- imt sdk/imt_sdk_win_64/winarm/armgcc/bin/../lib/gcc/arm-none-eabi/7.2.1/../../../../arm-none-eabi/lib/thumb/v7e-m\libg_nano.a(lib_a-nano-freer.o)
 .ARM.attributes
                0x000006e1       0x2e c:/03- imt sdk/imt_sdk_win_64/winarm/armgcc/bin/../lib/gcc/arm-none-eabi/7.2.1/../../../../arm-none-eabi/lib/thumb/v7e-m\libg_nano.a(lib_a-nano-mallocr.o)
 .ARM.attributes
                0x0000070f       0x2e c:/03- imt sdk/imt_sdk_win_64/winarm/armgcc/bin/../lib/gcc/arm-none-eabi/7.2.1/../../../../arm-none-eabi/lib/thumb/v7e-m\libg_nano.a(lib_a-nano-reallocr.o)
 .ARM.attributes
                0x0000073d       0x2e c:/03- imt sdk/imt_sdk_win_64/winarm/armgcc/bin/../lib/gcc/arm-none-eabi/7.2.1/../../../../arm-none-eabi/lib/thumb/v7e-m\libg_nano.a(lib_a-sbrkr.o)
 .ARM.attributes
                0x0000076b       0x2e c:/03- imt sdk/imt_sdk_win_64/winarm/armgcc/bin/../lib/gcc/arm-none-eabi/7.2.1/../../../../arm-none-eabi/lib/thumb/v7e-m\libg_nano.a(lib_a-mlock.o)
 .ARM.attributes
                0x00000799       0x2e c:/03- imt sdk/imt_sdk_win_64/winarm/armgcc/bin/../lib/gcc/arm-none-eabi/7.2.1/../../../../arm-none-eabi/lib/thumb/v7e-m\libg_nano.a(lib_a-nano-msizer.o)

.debug
 *(.debug)

.line
 *(.line)

.debug_srcinfo
 *(.debug_srcinfo)

.debug_sfnames
 *(.debug_sfnames)

.debug_aranges  0x00000000      0x638
 *(.debug_aranges)
 .debug_aranges
                0x00000000       0x28 ./system/src/newlib/_exit.o
 .debug_aranges
                0x00000028       0x20 ./system/src/newlib/_sbrk.o
 .debug_aranges
                0x00000048       0x40 ./system/src/newlib/_startup.o
 .debug_aranges
                0x00000088       0x30 ./system/src/newlib/_syscalls.o
 .debug_aranges
                0x000000b8       0x38 ./system/src/diag/Trace.o
 .debug_aranges
                0x000000f0       0x30 ./system/src/diag/trace_impl.o
 .debug_aranges
                0x00000120       0x28 ./system/src/cortexm/_initialize_hardware.o
 .debug_aranges
                0x00000148       0x90 ./system/src/cortexm/exception_handlers.o
 .debug_aranges
                0x000001d8       0x28 ./system/src/cmsis/system_stm32f4xx.o
 .debug_aranges
                0x00000200       0x20 ./system/src/cmsis/vectors_stm32f401xc.o
 .debug_aranges
                0x00000220       0x20 ./src/AALC_program.o
 .debug_aranges
                0x00000240       0x20 ./src/ACC_program.o
 .debug_aranges
                0x00000260       0x38 ./src/ALKA_IR.o
 .debug_aranges
                0x00000298       0x30 ./src/HIR_program.o
 .debug_aranges
                0x000002c8       0x30 ./src/HLDR_program.o
 .debug_aranges
                0x000002f8       0x50 ./src/HMOTORS_program.o
 .debug_aranges
                0x00000348       0x38 ./src/HULTRASONIC_program.o
 .debug_aranges
                0x00000380       0x38 ./src/LKS_CAMERA_program.o
 .debug_aranges
                0x000003b8       0x58 ./src/MGPIO_program.o
 .debug_aranges
                0x00000410       0x48 ./src/MNVIC_program.o
 .debug_aranges
                0x00000458       0x48 ./src/MRCC_program.o
 .debug_aranges
                0x000004a0       0x80 ./src/MSYSTICK_program.o
 .debug_aranges
                0x00000520       0x88 ./src/MTIMER_program.o
 .debug_aranges
                0x000005a8       0x70 ./src/MUSART_program.o
 .debug_aranges
                0x00000618       0x20 ./src/main.o

.debug_pubnames
 *(.debug_pubnames)

.debug_info     0x00000000     0x8971
 *(.debug_info .gnu.linkonce.wi.*)
 .debug_info    0x00000000      0x956 ./system/src/newlib/_exit.o
 .debug_info    0x00000956      0x942 ./system/src/newlib/_sbrk.o
 .debug_info    0x00001298      0x4bf ./system/src/newlib/_startup.o
 .debug_info    0x00001757      0xa19 ./system/src/newlib/_syscalls.o
 .debug_info    0x00002170      0xb2a ./system/src/diag/Trace.o
 .debug_info    0x00002c9a      0xb6b ./system/src/diag/trace_impl.o
 .debug_info    0x00003805      0xade ./system/src/cortexm/_initialize_hardware.o
 .debug_info    0x000042e3     0x115a ./system/src/cortexm/exception_handlers.o
 .debug_info    0x0000543d      0xcfe ./system/src/cmsis/system_stm32f4xx.o
 .debug_info    0x0000613b       0xca ./system/src/cmsis/vectors_stm32f401xc.o
 .debug_info    0x00006205       0xf1 ./src/AALC_program.o
 .debug_info    0x000062f6       0xd2 ./src/ACC_program.o
 .debug_info    0x000063c8      0x271 ./src/ALKA_IR.o
 .debug_info    0x00006639      0x1a4 ./src/HIR_program.o
 .debug_info    0x000067dd      0x1a4 ./src/HLDR_program.o
 .debug_info    0x00006981      0x4e4 ./src/HMOTORS_program.o
 .debug_info    0x00006e65      0x2b6 ./src/HULTRASONIC_program.o
 .debug_info    0x0000711b      0x1ff ./src/LKS_CAMERA_program.o
 .debug_info    0x0000731a      0x318 ./src/MGPIO_program.o
 .debug_info    0x00007632      0x2ea ./src/MNVIC_program.o
 .debug_info    0x0000791c      0x2e7 ./src/MRCC_program.o
 .debug_info    0x00007c03      0x258 ./src/MSYSTICK_program.o
 .debug_info    0x00007e5b      0x326 ./src/MTIMER_program.o
 .debug_info    0x00008181      0x1c7 ./src/MUSART_program.o
 .debug_info    0x00008348      0x629 ./src/main.o

.debug_abbrev   0x00000000     0x21a3
 *(.debug_abbrev)
 .debug_abbrev  0x00000000      0x1f3 ./system/src/newlib/_exit.o
 .debug_abbrev  0x000001f3      0x1fc ./system/src/newlib/_sbrk.o
 .debug_abbrev  0x000003ef      0x1cb ./system/src/newlib/_startup.o
 .debug_abbrev  0x000005ba      0x234 ./system/src/newlib/_syscalls.o
 .debug_abbrev  0x000007ee      0x276 ./system/src/diag/Trace.o
 .debug_abbrev  0x00000a64      0x2ef ./system/src/diag/trace_impl.o
 .debug_abbrev  0x00000d53      0x1de ./system/src/cortexm/_initialize_hardware.o
 .debug_abbrev  0x00000f31      0x32b ./system/src/cortexm/exception_handlers.o
 .debug_abbrev  0x0000125c      0x216 ./system/src/cmsis/system_stm32f4xx.o
 .debug_abbrev  0x00001472       0x9d ./system/src/cmsis/vectors_stm32f401xc.o
 .debug_abbrev  0x0000150f       0x8b ./src/AALC_program.o
 .debug_abbrev  0x0000159a       0x85 ./src/ACC_program.o
 .debug_abbrev  0x0000161f       0xc5 ./src/ALKA_IR.o
 .debug_abbrev  0x000016e4       0xc3 ./src/HIR_program.o
 .debug_abbrev  0x000017a7       0xc3 ./src/HLDR_program.o
 .debug_abbrev  0x0000186a       0x8d ./src/HMOTORS_program.o
 .debug_abbrev  0x000018f7       0xe4 ./src/HULTRASONIC_program.o
 .debug_abbrev  0x000019db       0xc5 ./src/LKS_CAMERA_program.o
 .debug_abbrev  0x00001aa0      0x112 ./src/MGPIO_program.o
 .debug_abbrev  0x00001bb2      0x111 ./src/MNVIC_program.o
 .debug_abbrev  0x00001cc3      0x111 ./src/MRCC_program.o
 .debug_abbrev  0x00001dd4      0x162 ./src/MSYSTICK_program.o
 .debug_abbrev  0x00001f36      0x101 ./src/MTIMER_program.o
 .debug_abbrev  0x00002037       0xd2 ./src/MUSART_program.o
 .debug_abbrev  0x00002109       0x9a ./src/main.o

.debug_line     0x00000000     0x5013
 *(.debug_line)
 .debug_line    0x00000000      0x327 ./system/src/newlib/_exit.o
 .debug_line    0x00000327      0x2db ./system/src/newlib/_sbrk.o
 .debug_line    0x00000602      0x3a3 ./system/src/newlib/_startup.o
 .debug_line    0x000009a5      0x3e7 ./system/src/newlib/_syscalls.o
 .debug_line    0x00000d8c      0x3a3 ./system/src/diag/Trace.o
 .debug_line    0x0000112f      0xa97 ./system/src/diag/trace_impl.o
 .debug_line    0x00001bc6      0xa00 ./system/src/cortexm/_initialize_hardware.o
 .debug_line    0x000025c6      0xb4e ./system/src/cortexm/exception_handlers.o
 .debug_line    0x00003114      0xa06 ./system/src/cmsis/system_stm32f4xx.o
 .debug_line    0x00003b1a       0xf8 ./system/src/cmsis/vectors_stm32f401xc.o
 .debug_line    0x00003c12       0xd6 ./src/AALC_program.o
 .debug_line    0x00003ce8       0xe7 ./src/ACC_program.o
 .debug_line    0x00003dcf      0x123 ./src/ALKA_IR.o
 .debug_line    0x00003ef2       0xf1 ./src/HIR_program.o
 .debug_line    0x00003fe3       0xd2 ./src/HLDR_program.o
 .debug_line    0x000040b5      0x163 ./src/HMOTORS_program.o
 .debug_line    0x00004218      0x14d ./src/HULTRASONIC_program.o
 .debug_line    0x00004365      0x15b ./src/LKS_CAMERA_program.o
 .debug_line    0x000044c0      0x1ca ./src/MGPIO_program.o
 .debug_line    0x0000468a      0x10b ./src/MNVIC_program.o
 .debug_line    0x00004795      0x177 ./src/MRCC_program.o
 .debug_line    0x0000490c      0x19d ./src/MSYSTICK_program.o
 .debug_line    0x00004aa9      0x1ed ./src/MTIMER_program.o
 .debug_line    0x00004c96      0x16a ./src/MUSART_program.o
 .debug_line    0x00004e00      0x213 ./src/main.o

.debug_frame    0x00000000      0xf68
 *(.debug_frame)
 .debug_frame   0x00000000       0x38 ./system/src/newlib/_exit.o
 .debug_frame   0x00000038       0x28 ./system/src/newlib/_sbrk.o
 .debug_frame   0x00000060       0x7c ./system/src/newlib/_startup.o
 .debug_frame   0x000000dc       0x50 ./system/src/newlib/_syscalls.o
 .debug_frame   0x0000012c       0x94 ./system/src/diag/Trace.o
 .debug_frame   0x000001c0       0x64 ./system/src/diag/trace_impl.o
 .debug_frame   0x00000224       0x40 ./system/src/cortexm/_initialize_hardware.o
 .debug_frame   0x00000264      0x158 ./system/src/cortexm/exception_handlers.o
 .debug_frame   0x000003bc       0x30 ./system/src/cmsis/system_stm32f4xx.o
 .debug_frame   0x000003ec       0x20 ./system/src/cmsis/vectors_stm32f401xc.o
 .debug_frame   0x0000040c       0x28 ./src/AALC_program.o
 .debug_frame   0x00000434       0x28 ./src/ACC_program.o
 .debug_frame   0x0000045c       0x70 ./src/ALKA_IR.o
 .debug_frame   0x000004cc       0x5c ./src/HIR_program.o
 .debug_frame   0x00000528       0x5c ./src/HLDR_program.o
 .debug_frame   0x00000584       0xb8 ./src/HMOTORS_program.o
 .debug_frame   0x0000063c       0x68 ./src/HULTRASONIC_program.o
 .debug_frame   0x000006a4       0x70 ./src/LKS_CAMERA_program.o
 .debug_frame   0x00000714       0xc0 ./src/MGPIO_program.o
 .debug_frame   0x000007d4       0x70 ./src/MNVIC_program.o
 .debug_frame   0x00000844       0x70 ./src/MRCC_program.o
 .debug_frame   0x000008b4       0xf4 ./src/MSYSTICK_program.o
 .debug_frame   0x000009a8       0xf0 ./src/MTIMER_program.o
 .debug_frame   0x00000a98       0xc0 ./src/MUSART_program.o
 .debug_frame   0x00000b58       0x28 ./src/main.o
 .debug_frame   0x00000b80       0xac c:/03- imt sdk/imt_sdk_win_64/winarm/armgcc/bin/../lib/gcc/arm-none-eabi/7.2.1/thumb/v7e-m\libgcc.a(_arm_addsubdf3.o)
 .debug_frame   0x00000c2c       0x50 c:/03- imt sdk/imt_sdk_win_64/winarm/armgcc/bin/../lib/gcc/arm-none-eabi/7.2.1/thumb/v7e-m\libgcc.a(_arm_muldivdf3.o)
 .debug_frame   0x00000c7c       0x24 c:/03- imt sdk/imt_sdk_win_64/winarm/armgcc/bin/../lib/gcc/arm-none-eabi/7.2.1/thumb/v7e-m\libgcc.a(_arm_fixunsdfsi.o)
 .debug_frame   0x00000ca0       0x20 c:/03- imt sdk/imt_sdk_win_64/winarm/armgcc/bin/../lib/gcc/arm-none-eabi/7.2.1/../../../../arm-none-eabi/lib/thumb/v7e-m\libg_nano.a(lib_a-errno.o)
 .debug_frame   0x00000cc0       0x4c c:/03- imt sdk/imt_sdk_win_64/winarm/armgcc/bin/../lib/gcc/arm-none-eabi/7.2.1/../../../../arm-none-eabi/lib/thumb/v7e-m\libg_nano.a(lib_a-vsnprintf.o)
 .debug_frame   0x00000d0c       0x90 c:/03- imt sdk/imt_sdk_win_64/winarm/armgcc/bin/../lib/gcc/arm-none-eabi/7.2.1/../../../../arm-none-eabi/lib/thumb/v7e-m\libg_nano.a(lib_a-nano-svfprintf.o)
 .debug_frame   0x00000d9c       0x60 c:/03- imt sdk/imt_sdk_win_64/winarm/armgcc/bin/../lib/gcc/arm-none-eabi/7.2.1/../../../../arm-none-eabi/lib/thumb/v7e-m\libg_nano.a(lib_a-nano-vfprintf_i.o)
 .debug_frame   0x00000dfc       0x28 c:/03- imt sdk/imt_sdk_win_64/winarm/armgcc/bin/../lib/gcc/arm-none-eabi/7.2.1/../../../../arm-none-eabi/lib/thumb/v7e-m\libg_nano.a(lib_a-memcpy-stub.o)
 .debug_frame   0x00000e24       0x28 c:/03- imt sdk/imt_sdk_win_64/winarm/armgcc/bin/../lib/gcc/arm-none-eabi/7.2.1/../../../../arm-none-eabi/lib/thumb/v7e-m\libg_nano.a(lib_a-memmove.o)
 .debug_frame   0x00000e4c       0x38 c:/03- imt sdk/imt_sdk_win_64/winarm/armgcc/bin/../lib/gcc/arm-none-eabi/7.2.1/../../../../arm-none-eabi/lib/thumb/v7e-m\libg_nano.a(lib_a-nano-freer.o)
 .debug_frame   0x00000e84       0x2c c:/03- imt sdk/imt_sdk_win_64/winarm/armgcc/bin/../lib/gcc/arm-none-eabi/7.2.1/../../../../arm-none-eabi/lib/thumb/v7e-m\libg_nano.a(lib_a-nano-mallocr.o)
 .debug_frame   0x00000eb0       0x3c c:/03- imt sdk/imt_sdk_win_64/winarm/armgcc/bin/../lib/gcc/arm-none-eabi/7.2.1/../../../../arm-none-eabi/lib/thumb/v7e-m\libg_nano.a(lib_a-nano-reallocr.o)
 .debug_frame   0x00000eec       0x2c c:/03- imt sdk/imt_sdk_win_64/winarm/armgcc/bin/../lib/gcc/arm-none-eabi/7.2.1/../../../../arm-none-eabi/lib/thumb/v7e-m\libg_nano.a(lib_a-sbrkr.o)
 .debug_frame   0x00000f18       0x30 c:/03- imt sdk/imt_sdk_win_64/winarm/armgcc/bin/../lib/gcc/arm-none-eabi/7.2.1/../../../../arm-none-eabi/lib/thumb/v7e-m\libg_nano.a(lib_a-mlock.o)
 .debug_frame   0x00000f48       0x20 c:/03- imt sdk/imt_sdk_win_64/winarm/armgcc/bin/../lib/gcc/arm-none-eabi/7.2.1/../../../../arm-none-eabi/lib/thumb/v7e-m\libg_nano.a(lib_a-nano-msizer.o)

.debug_str      0x00000000    0x7477f
 *(.debug_str)
 .debug_str     0x00000000     0x7d11 ./system/src/newlib/_exit.o
                               0x7ee4 (size before relaxing)
 .debug_str     0x00007d11      0x4f5 ./system/src/newlib/_sbrk.o
                               0x7296 (size before relaxing)
 .debug_str     0x00008206      0xc23 ./system/src/newlib/_startup.o
                               0x6a37 (size before relaxing)
 .debug_str     0x00008e29      0xe8b ./system/src/newlib/_syscalls.o
                               0x8171 (size before relaxing)
 .debug_str     0x00009cb4      0x826 ./system/src/diag/Trace.o
                               0x865c (size before relaxing)
 .debug_str     0x0000a4da    0x67a2e ./system/src/diag/trace_impl.o
                              0x70982 (size before relaxing)
 .debug_str     0x00071f08       0xc4 ./system/src/cortexm/_initialize_hardware.o
                              0x6f714 (size before relaxing)
 .debug_str     0x00071fcc      0x1a6 ./system/src/cortexm/exception_handlers.o
                              0x70b0c (size before relaxing)
 .debug_str     0x00072172      0x164 ./system/src/cmsis/system_stm32f4xx.o
                              0x6f7f5 (size before relaxing)
 .debug_str     0x000722d6       0x59 ./system/src/cmsis/vectors_stm32f401xc.o
                               0x3874 (size before relaxing)
 .debug_str     0x0007232f      0x568 ./src/AALC_program.o
                               0x32df (size before relaxing)
 .debug_str     0x00072897      0x14d ./src/ACC_program.o
                               0x2fe9 (size before relaxing)
 .debug_str     0x000729e4      0x1ee ./src/ALKA_IR.o
                               0x32f5 (size before relaxing)
 .debug_str     0x00072bd2      0x270 ./src/HIR_program.o
                               0x346c (size before relaxing)
 .debug_str     0x00072e42       0x30 ./src/HLDR_program.o
                               0x3464 (size before relaxing)
 .debug_str     0x00072e72      0x238 ./src/HMOTORS_program.o
                               0x33b8 (size before relaxing)
 .debug_str     0x000730aa      0x209 ./src/HULTRASONIC_program.o
                               0x3436 (size before relaxing)
 .debug_str     0x000732b3      0x112 ./src/LKS_CAMERA_program.o
                               0x3374 (size before relaxing)
 .debug_str     0x000733c5      0x204 ./src/MGPIO_program.o
                               0x33a4 (size before relaxing)
 .debug_str     0x000735c9      0x28e ./src/MNVIC_program.o
                               0x3173 (size before relaxing)
 .debug_str     0x00073857      0x448 ./src/MRCC_program.o
                               0x3545 (size before relaxing)
 .debug_str     0x00073c9f      0x355 ./src/MSYSTICK_program.o
                               0x3263 (size before relaxing)
 .debug_str     0x00073ff4      0x47a ./src/MTIMER_program.o
                               0x3468 (size before relaxing)
 .debug_str     0x0007446e      0x2e6 ./src/MUSART_program.o
                               0x3182 (size before relaxing)
 .debug_str     0x00074754       0x2b ./src/main.o
                               0x3b10 (size before relaxing)

.debug_loc      0x00000000     0x1976
 *(.debug_loc)
 .debug_loc     0x00000000       0x85 ./system/src/newlib/_sbrk.o
 .debug_loc     0x00000085      0x2cb ./system/src/newlib/_startup.o
 .debug_loc     0x00000350       0x63 ./system/src/newlib/_syscalls.o
 .debug_loc     0x000003b3       0xf6 ./system/src/diag/Trace.o
 .debug_loc     0x000004a9      0x121 ./system/src/diag/trace_impl.o
 .debug_loc     0x000005ca      0x291 ./system/src/cortexm/exception_handlers.o
 .debug_loc     0x0000085b      0x13e ./system/src/cmsis/system_stm32f4xx.o
 .debug_loc     0x00000999       0x3e ./src/ALKA_IR.o
 .debug_loc     0x000009d7       0xc4 ./src/HIR_program.o
 .debug_loc     0x00000a9b       0xc4 ./src/HLDR_program.o
 .debug_loc     0x00000b5f       0x21 ./src/HMOTORS_program.o
 .debug_loc     0x00000b80       0x3e ./src/LKS_CAMERA_program.o
 .debug_loc     0x00000bbe      0x914 ./src/MGPIO_program.o
 .debug_loc     0x000014d2      0x1be ./src/MNVIC_program.o
 .debug_loc     0x00001690      0x1d1 ./src/MRCC_program.o
 .debug_loc     0x00001861       0x21 ./src/MSYSTICK_program.o
 .debug_loc     0x00001882       0xf4 ./src/MTIMER_program.o

.debug_macinfo
 *(.debug_macinfo)

.debug_weaknames
 *(.debug_weaknames)

.debug_funcnames
 *(.debug_funcnames)

.debug_typenames
 *(.debug_typenames)

.debug_varnames
 *(.debug_varnames)
OUTPUT(ADAS_bluetooth.elf elf32-littlearm)

.debug_ranges   0x00000000      0x538
 .debug_ranges  0x00000000       0x18 ./system/src/newlib/_exit.o
 .debug_ranges  0x00000018       0x10 ./system/src/newlib/_sbrk.o
 .debug_ranges  0x00000028       0x90 ./system/src/newlib/_startup.o
 .debug_ranges  0x000000b8       0x20 ./system/src/newlib/_syscalls.o
 .debug_ranges  0x000000d8       0x28 ./system/src/diag/Trace.o
 .debug_ranges  0x00000100       0x50 ./system/src/diag/trace_impl.o
 .debug_ranges  0x00000150       0x18 ./system/src/cortexm/_initialize_hardware.o
 .debug_ranges  0x00000168       0x80 ./system/src/cortexm/exception_handlers.o
 .debug_ranges  0x000001e8       0x18 ./system/src/cmsis/system_stm32f4xx.o
 .debug_ranges  0x00000200       0x10 ./system/src/cmsis/vectors_stm32f401xc.o
 .debug_ranges  0x00000210       0x10 ./src/AALC_program.o
 .debug_ranges  0x00000220       0x10 ./src/ACC_program.o
 .debug_ranges  0x00000230       0x28 ./src/ALKA_IR.o
 .debug_ranges  0x00000258       0x20 ./src/HIR_program.o
 .debug_ranges  0x00000278       0x20 ./src/HLDR_program.o
 .debug_ranges  0x00000298       0x40 ./src/HMOTORS_program.o
 .debug_ranges  0x000002d8       0x28 ./src/HULTRASONIC_program.o
 .debug_ranges  0x00000300       0x28 ./src/LKS_CAMERA_program.o
 .debug_ranges  0x00000328       0x48 ./src/MGPIO_program.o
 .debug_ranges  0x00000370       0x38 ./src/MNVIC_program.o
 .debug_ranges  0x000003a8       0x38 ./src/MRCC_program.o
 .debug_ranges  0x000003e0       0x70 ./src/MSYSTICK_program.o
 .debug_ranges  0x00000450       0x78 ./src/MTIMER_program.o
 .debug_ranges  0x000004c8       0x60 ./src/MUSART_program.o
 .debug_ranges  0x00000528       0x10 ./src/main.o

.debug_macro    0x00000000     0x3f29
 .debug_macro   0x00000000      0x1b4 ./system/src/newlib/_exit.o
 .debug_macro   0x000001b4      0x10e ./system/src/newlib/_exit.o
 .debug_macro   0x000002c2       0x8d ./system/src/newlib/_exit.o
 .debug_macro   0x0000034f       0x35 ./system/src/newlib/_exit.o
 .debug_macro   0x00000384      0x169 ./system/src/newlib/_sbrk.o
 .debug_macro   0x000004ed      0x174 ./system/src/newlib/_sbrk.o
 .debug_macro   0x00000661       0x10 ./system/src/newlib/_sbrk.o
 .debug_macro   0x00000671      0x23b ./system/src/newlib/_sbrk.o
 .debug_macro   0x000008ac      0x173 ./system/src/newlib/_startup.o
 .debug_macro   0x00000a1f      0xa72 ./system/src/newlib/_startup.o
 .debug_macro   0x00001491      0x217 ./system/src/newlib/_syscalls.o
 .debug_macro   0x000016a8       0x1c ./system/src/newlib/_syscalls.o
 .debug_macro   0x000016c4       0x10 ./system/src/newlib/_syscalls.o
 .debug_macro   0x000016d4       0x10 ./system/src/newlib/_syscalls.o
 .debug_macro   0x000016e4       0x10 ./system/src/newlib/_syscalls.o
 .debug_macro   0x000016f4       0x35 ./system/src/newlib/_syscalls.o
 .debug_macro   0x00001729      0x122 ./system/src/newlib/_syscalls.o
 .debug_macro   0x0000184b       0x88 ./system/src/newlib/_syscalls.o
 .debug_macro   0x000018d3       0x2b ./system/src/newlib/_syscalls.o
 .debug_macro   0x000018fe      0x118 ./system/src/newlib/_syscalls.o
 .debug_macro   0x00001a16      0x189 ./system/src/newlib/_syscalls.o
 .debug_macro   0x00001b9f       0x16 ./system/src/newlib/_syscalls.o
 .debug_macro   0x00001bb5      0x1fb ./system/src/diag/Trace.o
 .debug_macro   0x00001db0       0x4c ./system/src/diag/Trace.o
 .debug_macro   0x00001dfc       0x16 ./system/src/diag/Trace.o
 .debug_macro   0x00001e12      0x52a ./system/src/diag/trace_impl.o
 .debug_macro   0x0000233c       0x22 ./system/src/diag/trace_impl.o
 .debug_macro   0x0000235e      0x4ee ./system/src/cortexm/_initialize_hardware.o
 .debug_macro   0x0000284c      0x557 ./system/src/cortexm/exception_handlers.o
 .debug_macro   0x00002da3       0x3b ./system/src/cortexm/exception_handlers.o
 .debug_macro   0x00002dde      0x4ea ./system/src/cmsis/system_stm32f4xx.o
 .debug_macro   0x000032c8       0x34 ./system/src/cmsis/vectors_stm32f401xc.o
 .debug_macro   0x000032fc       0x4c ./src/AALC_program.o
 .debug_macro   0x00003348       0x10 ./src/AALC_program.o
 .debug_macro   0x00003358       0x28 ./src/AALC_program.o
 .debug_macro   0x00003380       0xd6 ./src/AALC_program.o
 .debug_macro   0x00003456       0x7c ./src/AALC_program.o
 .debug_macro   0x000034d2       0x2e ./src/AALC_program.o
 .debug_macro   0x00003500       0x54 ./src/ACC_program.o
 .debug_macro   0x00003554       0x2e ./src/ACC_program.o
 .debug_macro   0x00003582       0x49 ./src/ALKA_IR.o
 .debug_macro   0x000035cb       0x7c ./src/ALKA_IR.o
 .debug_macro   0x00003647       0x52 ./src/HIR_program.o
 .debug_macro   0x00003699      0x12b ./src/HIR_program.o
 .debug_macro   0x000037c4       0x3e ./src/HLDR_program.o
 .debug_macro   0x00003802       0x52 ./src/HMOTORS_program.o
 .debug_macro   0x00003854       0x42 ./src/HMOTORS_program.o
 .debug_macro   0x00003896       0x28 ./src/HMOTORS_program.o
 .debug_macro   0x000038be       0x5b ./src/HULTRASONIC_program.o
 .debug_macro   0x00003919       0x16 ./src/HULTRASONIC_program.o
 .debug_macro   0x0000392f       0x1c ./src/HULTRASONIC_program.o
 .debug_macro   0x0000394b       0x5c ./src/LKS_CAMERA_program.o
 .debug_macro   0x000039a7       0x16 ./src/LKS_CAMERA_program.o
 .debug_macro   0x000039bd       0x3f ./src/MGPIO_program.o
 .debug_macro   0x000039fc       0x3a ./src/MGPIO_program.o
 .debug_macro   0x00003a36       0x40 ./src/MNVIC_program.o
 .debug_macro   0x00003a76       0x28 ./src/MNVIC_program.o
 .debug_macro   0x00003a9e       0x3e ./src/MRCC_program.o
 .debug_macro   0x00003adc       0xb2 ./src/MRCC_program.o
 .debug_macro   0x00003b8e       0x2e ./src/MRCC_program.o
 .debug_macro   0x00003bbc       0x3e ./src/MSYSTICK_program.o
 .debug_macro   0x00003bfa       0x52 ./src/MSYSTICK_program.o
 .debug_macro   0x00003c4c       0x22 ./src/MSYSTICK_program.o
 .debug_macro   0x00003c6e       0x3f ./src/MTIMER_program.o
 .debug_macro   0x00003cad      0x142 ./src/MTIMER_program.o
 .debug_macro   0x00003def       0x49 ./src/MUSART_program.o
 .debug_macro   0x00003e38       0x28 ./src/MUSART_program.o
 .debug_macro   0x00003e60       0x16 ./src/MUSART_program.o
 .debug_macro   0x00003e76       0xb3 ./src/main.o
