Archive member included to satisfy reference by file (symbol)

c:/users/fox/desktop/arm/tools/imt_sdk_win_64/winarm/armgcc/bin/../lib/gcc/arm-none-eabi/7.2.1/thumb/v7e-m\libgcc.a(_aeabi_uldivmod.o)
                              ./system/src/stm32f4-hal/stm32f4xx_hal_rcc.o (__aeabi_uldivmod)
c:/users/fox/desktop/arm/tools/imt_sdk_win_64/winarm/armgcc/bin/../lib/gcc/arm-none-eabi/7.2.1/thumb/v7e-m\libgcc.a(_udivmoddi4.o)
                              c:/users/fox/desktop/arm/tools/imt_sdk_win_64/winarm/armgcc/bin/../lib/gcc/arm-none-eabi/7.2.1/thumb/v7e-m\libgcc.a(_aeabi_uldivmod.o) (__udivmoddi4)
c:/users/fox/desktop/arm/tools/imt_sdk_win_64/winarm/armgcc/bin/../lib/gcc/arm-none-eabi/7.2.1/thumb/v7e-m\libgcc.a(_dvmd_tls.o)
                              c:/users/fox/desktop/arm/tools/imt_sdk_win_64/winarm/armgcc/bin/../lib/gcc/arm-none-eabi/7.2.1/thumb/v7e-m\libgcc.a(_aeabi_uldivmod.o) (__aeabi_ldiv0)
c:/users/fox/desktop/arm/tools/imt_sdk_win_64/winarm/armgcc/bin/../lib/gcc/arm-none-eabi/7.2.1/../../../../arm-none-eabi/lib/thumb/v7e-m\libg_nano.a(lib_a-errno.o)
                              ./system/src/newlib/sbrk.o (__errno)
c:/users/fox/desktop/arm/tools/imt_sdk_win_64/winarm/armgcc/bin/../lib/gcc/arm-none-eabi/7.2.1/../../../../arm-none-eabi/lib/thumb/v7e-m\libg_nano.a(lib_a-impure.o)
                              c:/users/fox/desktop/arm/tools/imt_sdk_win_64/winarm/armgcc/bin/../lib/gcc/arm-none-eabi/7.2.1/../../../../arm-none-eabi/lib/thumb/v7e-m\libg_nano.a(lib_a-errno.o) (_impure_ptr)
c:/users/fox/desktop/arm/tools/imt_sdk_win_64/winarm/armgcc/bin/../lib/gcc/arm-none-eabi/7.2.1/../../../../arm-none-eabi/lib/thumb/v7e-m\libg_nano.a(lib_a-strlen.o)
                              ./system/src/diag/trace.o (strlen)
c:/users/fox/desktop/arm/tools/imt_sdk_win_64/winarm/armgcc/bin/../lib/gcc/arm-none-eabi/7.2.1/../../../../arm-none-eabi/lib/thumb/v7e-m\libg_nano.a(lib_a-vsnprintf.o)
                              ./system/src/diag/trace.o (vsnprintf)
c:/users/fox/desktop/arm/tools/imt_sdk_win_64/winarm/armgcc/bin/../lib/gcc/arm-none-eabi/7.2.1/../../../../arm-none-eabi/lib/thumb/v7e-m\libg_nano.a(lib_a-nano-svfprintf.o)
                              c:/users/fox/desktop/arm/tools/imt_sdk_win_64/winarm/armgcc/bin/../lib/gcc/arm-none-eabi/7.2.1/../../../../arm-none-eabi/lib/thumb/v7e-m\libg_nano.a(lib_a-vsnprintf.o) (_svfprintf_r)
c:/users/fox/desktop/arm/tools/imt_sdk_win_64/winarm/armgcc/bin/../lib/gcc/arm-none-eabi/7.2.1/../../../../arm-none-eabi/lib/thumb/v7e-m\libg_nano.a(lib_a-nano-vfprintf_i.o)
                              c:/users/fox/desktop/arm/tools/imt_sdk_win_64/winarm/armgcc/bin/../lib/gcc/arm-none-eabi/7.2.1/../../../../arm-none-eabi/lib/thumb/v7e-m\libg_nano.a(lib_a-nano-svfprintf.o) (_printf_i)
c:/users/fox/desktop/arm/tools/imt_sdk_win_64/winarm/armgcc/bin/../lib/gcc/arm-none-eabi/7.2.1/../../../../arm-none-eabi/lib/thumb/v7e-m\libg_nano.a(lib_a-memchr.o)
                              c:/users/fox/desktop/arm/tools/imt_sdk_win_64/winarm/armgcc/bin/../lib/gcc/arm-none-eabi/7.2.1/../../../../arm-none-eabi/lib/thumb/v7e-m\libg_nano.a(lib_a-nano-svfprintf.o) (memchr)
c:/users/fox/desktop/arm/tools/imt_sdk_win_64/winarm/armgcc/bin/../lib/gcc/arm-none-eabi/7.2.1/../../../../arm-none-eabi/lib/thumb/v7e-m\libg_nano.a(lib_a-memcpy-stub.o)
                              c:/users/fox/desktop/arm/tools/imt_sdk_win_64/winarm/armgcc/bin/../lib/gcc/arm-none-eabi/7.2.1/../../../../arm-none-eabi/lib/thumb/v7e-m\libg_nano.a(lib_a-nano-svfprintf.o) (memcpy)
c:/users/fox/desktop/arm/tools/imt_sdk_win_64/winarm/armgcc/bin/../lib/gcc/arm-none-eabi/7.2.1/../../../../arm-none-eabi/lib/thumb/v7e-m\libg_nano.a(lib_a-memmove.o)
                              c:/users/fox/desktop/arm/tools/imt_sdk_win_64/winarm/armgcc/bin/../lib/gcc/arm-none-eabi/7.2.1/../../../../arm-none-eabi/lib/thumb/v7e-m\libg_nano.a(lib_a-nano-svfprintf.o) (memmove)
c:/users/fox/desktop/arm/tools/imt_sdk_win_64/winarm/armgcc/bin/../lib/gcc/arm-none-eabi/7.2.1/../../../../arm-none-eabi/lib/thumb/v7e-m\libg_nano.a(lib_a-nano-freer.o)
                              c:/users/fox/desktop/arm/tools/imt_sdk_win_64/winarm/armgcc/bin/../lib/gcc/arm-none-eabi/7.2.1/../../../../arm-none-eabi/lib/thumb/v7e-m\libg_nano.a(lib_a-nano-svfprintf.o) (_free_r)
c:/users/fox/desktop/arm/tools/imt_sdk_win_64/winarm/armgcc/bin/../lib/gcc/arm-none-eabi/7.2.1/../../../../arm-none-eabi/lib/thumb/v7e-m\libg_nano.a(lib_a-nano-mallocr.o)
                              c:/users/fox/desktop/arm/tools/imt_sdk_win_64/winarm/armgcc/bin/../lib/gcc/arm-none-eabi/7.2.1/../../../../arm-none-eabi/lib/thumb/v7e-m\libg_nano.a(lib_a-nano-svfprintf.o) (_malloc_r)
c:/users/fox/desktop/arm/tools/imt_sdk_win_64/winarm/armgcc/bin/../lib/gcc/arm-none-eabi/7.2.1/../../../../arm-none-eabi/lib/thumb/v7e-m\libg_nano.a(lib_a-nano-reallocr.o)
[...]
Memory Configuration

Name             Origin             Length             Attributes
RAM              0x20000000         0x00010000         xrw
CCMRAM           0x10000000         0x00000000         xrw
FLASH            0x08000000         0x00040000         xr
FLASHB1          0x00000000         0x00000000         xr
EXTMEMB0         0x00000000         0x00000000         xr
EXTMEMB1         0x00000000         0x00000000         xr
EXTMEMB2         0x00000000         0x00000000         xr
EXTMEMB3         0x00000000         0x00000000         xr
*default*        0x00000000         0xffffffff

Linker script and memory map

LOAD ./system/src/stm32f4-hal/stm32f4xx_hal.o
LOAD ./system/src/stm32f4-hal/stm32f4xx_hal_cortex.o
LOAD ./system/src/stm32f4-hal/stm32f4xx_hal_flash.o
LOAD ./system/src/stm32f4-hal/stm32f4xx_hal_flash_ex.o
LOAD ./system/src/stm32f4-hal/stm32f4xx_hal_flash_ramfunc.o
LOAD ./system/src/stm32f4-hal/stm32f4xx_hal_gpio.o
LOAD ./system/src/stm32f4-hal/stm32f4xx_hal_iwdg.o
LOAD ./system/src/stm32f4-hal/stm32f4xx_hal_pwr.o
LOAD ./system/src/stm32f4-hal/stm32f4xx_hal_rcc.o
LOAD ./system/src/newlib/assert.o
LOAD ./system/src/newlib/cxx.o
LOAD ./system/src/newlib/exit.o
LOAD ./system/src/newlib/sbrk.o
LOAD ./system/src/newlib/startup.o
LOAD ./system/src/newlib/syscalls.o
LOAD ./system/src/diag/trace-impl.o
LOAD ./system/src/diag/trace.o
LOAD ./system/src/cortexm/exception-handlers.o
LOAD ./system/src/cortexm/initialize-hardware.o
LOAD ./system/src/cortexm/reset-hardware.o
LOAD ./system/src/cmsis/system_stm32f4xx.o
LOAD ./system/src/cmsis/vectors_stm32f401xc.o
LOAD ./src/HIR_program.o
LOAD ./src/MGPIO_program.o
LOAD ./src/MRCC_program.o
LOAD ./src/initialize-hardware.o
LOAD ./src/main.o
LOAD ./src/stm32f4xx_hal_msp.o
LOAD ./src/write.o
LOAD c:/users/fox/desktop/arm/tools/imt_sdk_win_64/winarm/armgcc/bin/../lib/gcc/arm-none-eabi/7.2.1/../../../../arm-none-eabi/lib/thumb/v7e-m\libstdc++_nano.a
LOAD c:/users/fox/desktop/arm/tools/imt_sdk_win_64/winarm/armgcc/bin/../lib/gcc/arm-none-eabi/7.2.1/../../../../arm-none-eabi/lib/thumb/v7e-m\libm.a
START GROUP
LOAD c:/users/fox/desktop/arm/tools/imt_sdk_win_64/winarm/armgcc/bin/../lib/gcc/arm-none-eabi/7.2.1/thumb/v7e-m\libgcc.a
LOAD c:/users/fox/desktop/arm/tools/imt_sdk_win_64/winarm/armgcc/bin/../lib/gcc/arm-none-eabi/7.2.1/../../../../arm-none-eabi/lib/thumb/v7e-m\libg_nano.a
LOAD c:/users/fox/desktop/arm/tools/imt_sdk_win_64/winarm/armgcc/bin/../lib/gcc/arm-none-eabi/7.2.1/../../../../arm-none-eabi/lib/thumb/v7e-m\libc_nano.a
END GROUP
START GROUP
LOAD c:/users/fox/desktop/arm/tools/imt_sdk_win_64/winarm/armgcc/bin/../lib/gcc/arm-none-eabi/7.2.1/thumb/v7e-m\libgcc.a
LOAD c:/users/fox/desktop/arm/tools/imt_sdk_win_64/winarm/armgcc/bin/../lib/gcc/arm-none-eabi/7.2.1/../../../../arm-none-eabi/lib/thumb/v7e-m\libc_nano.a
END GROUP
                0x20010000                __stack = (ORIGIN (RAM) + LENGTH (RAM))
                0x20010000                _estack = __stack
                0x00000400                __Main_Stack_Size = 0x400
                [!provide]                PROVIDE (_Main_Stack_Size, __Main_Stack_Size)
                0x2000fc00                __Main_Stack_Limit = (__stack - __Main_Stack_Size)
                [!provide]                PROVIDE (_Main_Stack_Limit, __Main_Stack_Limit)
                0x00000100                _Minimum_Stack_Size = 0x100
                0x20000120                PROVIDE (_Heap_Begin, _end_noinit)
                0x2000fc00                PROVIDE (_Heap_Limit, (__stack - __Main_Stack_Size))

.isr_vector     0x08000000      0x3f4
 FILL mask 0xff
                0x08000000                __vectors_start = ABSOLUTE (.)
                0x08000000                __vectors_start__ = ABSOLUTE (.)
 *(.isr_vector)
 .isr_vector    0x08000000      0x194 ./system/src/cmsis/vectors_stm32f401xc.o
                0x08000000                __isr_vectors
 *(.cfmconfig)
 *(.after_vectors .after_vectors.*)
 .after_vectors
                0x08000194      0x130 ./system/src/newlib/startup.o
                0x08000194                _start
 .after_vectors
                0x080002c4      0x12c ./system/src/cortexm/exception-handlers.o
                0x080002c4                Reset_Handler
                0x080002ca                NMI_Handler
                0x080002ce                HardFault_Handler
                0x080002e2                HardFault_Handler_C
                0x08000340                MemManage_Handler
                0x08000344                BusFault_Handler
                0x08000358                BusFault_Handler_C
                0x0800038c                UsageFault_Handler
                0x080003a0                UsageFault_Handler_C
                0x080003d4                SVC_Handler
                0x080003d8                DebugMon_Handler
                0x080003dc                PendSV_Handler
                0x080003e0                SysTick_Handler
 .after_vectors
                0x080003f0        0x4 ./system/src/cmsis/vectors_stm32f401xc.o
                0x080003f0                RTC_Alarm_IRQHandler
                0x080003f0                EXTI2_IRQHandler
                0x080003f0                SPI4_IRQHandler
                0x080003f0                TIM1_CC_IRQHandler
                0x080003f0                DMA2_Stream5_IRQHandler
                0x080003f0                DMA1_Stream5_IRQHandler
                0x080003f0                PVD_IRQHandler
                0x080003f0                SDIO_IRQHandler
                0x080003f0                TAMP_STAMP_IRQHandler
                0x080003f0                EXTI3_IRQHandler
                0x080003f0                TIM1_UP_TIM10_IRQHandler
                0x080003f0                I2C3_ER_IRQHandler
                0x080003f0                EXTI0_IRQHandler
                0x080003f0                I2C2_EV_IRQHandler
                0x080003f0                DMA1_Stream2_IRQHandler
                0x080003f0                FPU_IRQHandler
                0x080003f0                DMA2_Stream2_IRQHandler
                0x080003f0                SPI1_IRQHandler
                0x080003f0                TIM1_BRK_TIM9_IRQHandler
                0x080003f0                DMA2_Stream3_IRQHandler
                0x080003f0                USART6_IRQHandler
                0x080003f0                DMA2_Stream0_IRQHandler
                0x080003f0                TIM4_IRQHandler
                0x080003f0                I2C1_EV_IRQHandler
                0x080003f0                DMA1_Stream6_IRQHandler
                0x080003f0                DMA1_Stream1_IRQHandler
                0x080003f0                TIM3_IRQHandler
                0x080003f0                RCC_IRQHandler
                0x080003f0                Default_Handler
                0x080003f0                EXTI15_10_IRQHandler
                0x080003f0                ADC_IRQHandler
                0x080003f0                DMA1_Stream7_IRQHandler
                0x080003f0                TIM5_IRQHandler
                0x080003f0                DMA2_Stream7_IRQHandler
                0x080003f0                I2C3_EV_IRQHandler
                0x080003f0                EXTI9_5_IRQHandler
                0x080003f0                RTC_WKUP_IRQHandler
                0x080003f0                SPI2_IRQHandler
                0x080003f0                DMA1_Stream0_IRQHandler
                0x080003f0                EXTI4_IRQHandler
                0x080003f0                WWDG_IRQHandler
                0x080003f0                TIM2_IRQHandler
                0x080003f0                OTG_FS_WKUP_IRQHandler
                0x080003f0                TIM1_TRG_COM_TIM11_IRQHandler
                0x080003f0                EXTI1_IRQHandler
                0x080003f0                USART2_IRQHandler
                0x080003f0                I2C2_ER_IRQHandler
                0x080003f0                DMA2_Stream1_IRQHandler
                0x080003f0                FLASH_IRQHandler
                0x080003f0                DMA2_Stream4_IRQHandler
                0x080003f0                USART1_IRQHandler
                0x080003f0                OTG_FS_IRQHandler
                0x080003f0                SPI3_IRQHandler
                0x080003f0                DMA1_Stream4_IRQHandler
                0x080003f0                I2C1_ER_IRQHandler
                0x080003f0                DMA2_Stream6_IRQHandler
                0x080003f0                DMA1_Stream3_IRQHandler

.inits          0x080003f4       0x28
                0x080003f4                __data_regions_array_start = .
                0x080003f4        0x4 LONG 0x80022a0 LOADADDR (.data)
                0x080003f8        0x4 LONG 0x20000000 ADDR (.data)
                0x080003fc        0x4 LONG 0x20000080 (ADDR (.data) + SIZEOF (.data))
                0x08000400        0x4 LONG 0x80022a0 LOADADDR (.data_CCMRAM)
                0x08000404        0x4 LONG 0x10000000 ADDR (.data_CCMRAM)
                0x08000408        0x4 LONG 0x10000000 (ADDR (.data_CCMRAM) + SIZEOF (.data_CCMRAM))
                0x0800040c                __data_regions_array_end = .
                0x0800040c                __bss_regions_array_start = .
                0x0800040c        0x4 LONG 0x20000080 ADDR (.bss)
                0x08000410        0x4 LONG 0x20000120 (ADDR (.bss) + SIZEOF (.bss))
                0x08000414        0x4 LONG 0x10000000 ADDR (.bss_CCMRAM)
                0x08000418        0x4 LONG 0x10000000 (ADDR (.bss_CCMRAM) + SIZEOF (.bss_CCMRAM))
                0x0800041c                __bss_regions_array_end = .
 *(.init)
 *(.fini)
                0x0800041c                . = ALIGN (0x4)
                0x0800041c                PROVIDE (__preinit_array_start, .)
 *(.preinit_array_sysinit .preinit_array_sysinit.*)
 *(.preinit_array_platform .preinit_array_platform.*)
 *(.preinit_array .preinit_array.*)
                0x0800041c                PROVIDE (__preinit_array_end, .)
                0x0800041c                . = ALIGN (0x4)
                0x0800041c                PROVIDE (__init_array_start, .)
 *(SORT_BY_NAME(.init_array.*))
 *(.init_array)
                0x0800041c                PROVIDE (__init_array_end, .)
                0x0800041c                . = ALIGN (0x4)
                0x0800041c                PROVIDE (__fini_array_start, .)
 *(SORT_BY_NAME(.fini_array.*))
 *(.fini_array)
                0x0800041c                PROVIDE (__fini_array_end, .)

.flashtext
 *(.flashtext .flashtext.*)

.text           0x08000420     0x1e77
 *(.text .text.*)
 .text.HAL_InitTick
                0x08000420       0x4c ./system/src/stm32f4-hal/stm32f4xx_hal.o
                0x08000420                HAL_InitTick
 .text.HAL_Init
                0x0800046c       0x34 ./system/src/stm32f4-hal/stm32f4xx_hal.o
                0x0800046c                HAL_Init
 .text.HAL_GetTick
                0x080004a0        0xc ./system/src/stm32f4-hal/stm32f4xx_hal.o
                0x080004a0                HAL_GetTick
 .text.HAL_NVIC_SetPriorityGrouping
                0x080004ac       0x3c ./system/src/stm32f4-hal/stm32f4xx_hal_cortex.o
                0x080004ac                HAL_NVIC_SetPriorityGrouping
 .text.HAL_NVIC_SetPriority
                0x080004e8       0x8c ./system/src/stm32f4-hal/stm32f4xx_hal_cortex.o
                0x080004e8                HAL_NVIC_SetPriority
 .text.HAL_SYSTICK_Config
                0x08000574       0x2c ./system/src/stm32f4-hal/stm32f4xx_hal_cortex.o
                0x08000574                HAL_SYSTICK_Config
 .text.HAL_SYSTICK_CLKSourceConfig
                0x080005a0       0x3c ./system/src/stm32f4-hal/stm32f4xx_hal_cortex.o
                0x080005a0                HAL_SYSTICK_CLKSourceConfig
 .text.HAL_RCC_OscConfig
                0x080005dc      0x4f4 ./system/src/stm32f4-hal/stm32f4xx_hal_rcc.o
                0x080005dc                HAL_RCC_OscConfig
 .text.HAL_RCC_GetSysClockFreq
                0x08000ad0       0xa8 ./system/src/stm32f4-hal/stm32f4xx_hal_rcc.o
                0x08000ad0                HAL_RCC_GetSysClockFreq
 .text.HAL_RCC_ClockConfig
                0x08000b78      0x21c ./system/src/stm32f4-hal/stm32f4xx_hal_rcc.o
                0x08000b78                HAL_RCC_ClockConfig
 .text.HAL_RCC_GetHCLKFreq
                0x08000d94        0xc ./system/src/stm32f4-hal/stm32f4xx_hal_rcc.o
                0x08000d94                HAL_RCC_GetHCLKFreq
 .text._exit    0x08000da0        0x2 ./system/src/newlib/exit.o
                0x08000da0                _exit
 *fill*         0x08000da2        0x2 
 .text._sbrk    0x08000da4       0x44 ./system/src/newlib/sbrk.o
                0x08000da4                _sbrk
 .text.__initialize_args
                0x08000de8       0x10 ./system/src/newlib/syscalls.o
                0x08000de8                __initialize_args
 .text._trace_write_semihosting_debug
                0x08000df8       0x60 ./system/src/diag/trace-impl.o
 .text.trace_write
                0x08000e58        0x8 ./system/src/diag/trace-impl.o
                0x08000e58                trace_write
 .text.trace_printf
                0x08000e60       0x30 ./system/src/diag/trace.o
                0x08000e60                trace_printf
 .text.dumpExceptionStack
                0x08000e90       0xf4 ./system/src/cortexm/exception-handlers.o
                0x08000e90                dumpExceptionStack
 .text.isSemihosting
                0x08000f84       0x20 ./system/src/cortexm/exception-handlers.o
                0x08000f84                isSemihosting
 .text.__initialize_hardware_early
                0x08000fa4       0x18 ./system/src/cortexm/initialize-hardware.o
                0x08000fa4                __initialize_hardware_early
 .text.SystemInit
                0x08000fbc       0x10 ./system/src/cmsis/system_stm32f4xx.o
                0x08000fbc                SystemInit
 .text.SystemCoreClockUpdate
                0x08000fcc       0xa0 ./system/src/cmsis/system_stm32f4xx.o
                0x08000fcc                SystemCoreClockUpdate
 .text.HIR_voidInit
                0x0800106c       0x14 ./src/HIR_program.o
                0x0800106c                HIR_voidInit
 .text.HIR_SetPin
                0x08001080       0x18 ./src/HIR_program.o
                0x08001080                HIR_SetPin
 .text.HIR_u8ReadIR
                0x08001098        0x8 ./src/HIR_program.o
                0x08001098                HIR_u8ReadIR
 .text.MGPIO_voidSetPinMode
                0x080010a0       0x74 ./src/MGPIO_program.o
                0x080010a0                MGPIO_voidSetPinMode
 .text.MGPIO_voidSetOutputPinType
                0x08001114       0x94 ./src/MGPIO_program.o
                0x08001114                MGPIO_voidSetOutputPinType
 .text.MGPIO_voidSetPinPullType
                0x080011a8       0x74 ./src/MGPIO_program.o
                0x080011a8                MGPIO_voidSetPinPullType
 .text.MGPIO_u8GetPinValue
                0x0800121c       0x40 ./src/MGPIO_program.o
                0x0800121c                MGPIO_u8GetPinValue
 .text.MGPIO_voidSetPinValue
                0x0800125c       0x78 ./src/MGPIO_program.o
                0x0800125c                MGPIO_voidSetPinValue
 .text.MRCC_voidInit
                0x080012d4       0x50 ./src/MRCC_program.o
                0x080012d4                MRCC_voidInit
 .text.MRCC_voidEnablePeripheral
                0x08001324       0x54 ./src/MRCC_program.o
                0x08001324                MRCC_voidEnablePeripheral
 .text.SystemClock_Config
                0x08001378       0x9c ./src/initialize-hardware.o
                0x08001378                SystemClock_Config
 .text.__initialize_hardware
                0x08001414       0x10 ./src/initialize-hardware.o
                0x08001414                __initialize_hardware
 .text.assert_failed
                0x08001424       0x14 ./src/initialize-hardware.o
                0x08001424                assert_failed
 .text.main     0x08001438       0x48 ./src/main.o
                0x08001438                main
 .text.HAL_MspInit
                0x08001480        0x2 ./src/stm32f4xx_hal_msp.o
                0x08001480                HAL_MspInit
 *fill*         0x08001482        0x2 
 .text          0x08001484       0x30 c:/users/fox/desktop/arm/tools/imt_sdk_win_64/winarm/armgcc/bin/../lib/gcc/arm-none-eabi/7.2.1/thumb/v7e-m\libgcc.a(_aeabi_uldivmod.o)
                0x08001484                __aeabi_uldivmod
 .text          0x080014b4      0x2cc c:/users/fox/desktop/arm/tools/imt_sdk_win_64/winarm/armgcc/bin/../lib/gcc/arm-none-eabi/7.2.1/thumb/v7e-m\libgcc.a(_udivmoddi4.o)
                0x080014b4                __udivmoddi4
 .text          0x08001780        0x4 c:/users/fox/desktop/arm/tools/imt_sdk_win_64/winarm/armgcc/bin/../lib/gcc/arm-none-eabi/7.2.1/thumb/v7e-m\libgcc.a(_dvmd_tls.o)
                0x08001780                __aeabi_idiv0
                0x08001780                __aeabi_ldiv0
 .text.__errno  0x08001784        0xc c:/users/fox/desktop/arm/tools/imt_sdk_win_64/winarm/armgcc/bin/../lib/gcc/arm-none-eabi/7.2.1/../../../../arm-none-eabi/lib/thumb/v7e-m\libg_nano.a(lib_a-errno.o)
                0x08001784                __errno
 .text._vsnprintf_r
                0x08001790       0x58 c:/users/fox/desktop/arm/tools/imt_sdk_win_64/winarm/armgcc/bin/../lib/gcc/arm-none-eabi/7.2.1/../../../../arm-none-eabi/lib/thumb/v7e-m\libg_nano.a(lib_a-vsnprintf.o)
                0x08001790                _vsniprintf_r
                0x08001790                _vsnprintf_r
 .text.vsnprintf
                0x080017e8       0x1c c:/users/fox/desktop/arm/tools/imt_sdk_win_64/winarm/armgcc/bin/../lib/gcc/arm-none-eabi/7.2.1/../../../../arm-none-eabi/lib/thumb/v7e-m\libg_nano.a(lib_a-vsnprintf.o)
                0x080017e8                vsniprintf
                0x080017e8                vsnprintf
 .text.__ssputs_r
                0x08001804       0xb4 c:/users/fox/desktop/arm/tools/imt_sdk_win_64/winarm/armgcc/bin/../lib/gcc/arm-none-eabi/7.2.1/../../../../arm-none-eabi/lib/thumb/v7e-m\libg_nano.a(lib_a-nano-svfprintf.o)
                0x08001804                __ssputs_r
 .text._svfprintf_r
                0x080018b8      0x1ec c:/users/fox/desktop/arm/tools/imt_sdk_win_64/winarm/armgcc/bin/../lib/gcc/arm-none-eabi/7.2.1/../../../../arm-none-eabi/lib/thumb/v7e-m\libg_nano.a(lib_a-nano-svfprintf.o)
                0x080018b8                _svfiprintf_r
                0x080018b8                _svfprintf_r
 .text._printf_common
                0x08001aa4       0xea c:/users/fox/desktop/arm/tools/imt_sdk_win_64/winarm/armgcc/bin/../lib/gcc/arm-none-eabi/7.2.1/../../../../arm-none-eabi/lib/thumb/v7e-m\libg_nano.a(lib_a-nano-vfprintf_i.o)
                0x08001aa4                _printf_common
 *fill*         0x08001b8e        0x2 
 .text._printf_i
                0x08001b90      0x224 c:/users/fox/desktop/arm/tools/imt_sdk_win_64/winarm/armgcc/bin/../lib/gcc/arm-none-eabi/7.2.1/../../../../arm-none-eabi/lib/thumb/v7e-m\libg_nano.a(lib_a-nano-vfprintf_i.o)
                0x08001b90                _printf_i
 *fill*         0x08001db4        0xc 
 .text          0x08001dc0       0xa0 c:/users/fox/desktop/arm/tools/imt_sdk_win_64/winarm/armgcc/bin/../lib/gcc/arm-none-eabi/7.2.1/../../../../arm-none-eabi/lib/thumb/v7e-m\libg_nano.a(lib_a-memchr.o)
                0x08001dc0                memchr
 .text.memcpy   0x08001e60       0x16 c:/users/fox/desktop/arm/tools/imt_sdk_win_64/winarm/armgcc/bin/../lib/gcc/arm-none-eabi/7.2.1/../../../../arm-none-eabi/lib/thumb/v7e-m\libg_nano.a(lib_a-memcpy-stub.o)
                0x08001e60                memcpy
 .text.memmove  0x08001e76       0x32 c:/users/fox/desktop/arm/tools/imt_sdk_win_64/winarm/armgcc/bin/../lib/gcc/arm-none-eabi/7.2.1/../../../../arm-none-eabi/lib/thumb/v7e-m\libg_nano.a(lib_a-memmove.o)
                0x08001e76                memmove
 .text._free_r  0x08001ea8       0x9c c:/users/fox/desktop/arm/tools/imt_sdk_win_64/winarm/armgcc/bin/../lib/gcc/arm-none-eabi/7.2.1/../../../../arm-none-eabi/lib/thumb/v7e-m\libg_nano.a(lib_a-nano-freer.o)
                0x08001ea8                _free_r
 .text._malloc_r
                0x08001f44       0xb4 c:/users/fox/desktop/arm/tools/imt_sdk_win_64/winarm/armgcc/bin/../lib/gcc/arm-none-eabi/7.2.1/../../../../arm-none-eabi/lib/thumb/v7e-m\libg_nano.a(lib_a-nano-mallocr.o)
                0x08001f44                _malloc_r
 .text._realloc_r
                0x08001ff8       0x4c c:/users/fox/desktop/arm/tools/imt_sdk_win_64/winarm/armgcc/bin/../lib/gcc/arm-none-eabi/7.2.1/../../../../arm-none-eabi/lib/thumb/v7e-m\libg_nano.a(lib_a-nano-reallocr.o)
                0x08001ff8                _realloc_r
 .text._sbrk_r  0x08002044       0x20 c:/users/fox/desktop/arm/tools/imt_sdk_win_64/winarm/armgcc/bin/../lib/gcc/arm-none-eabi/7.2.1/../../../../arm-none-eabi/lib/thumb/v7e-m\libg_nano.a(lib_a-sbrkr.o)
                0x08002044                _sbrk_r
 .text.__malloc_lock
                0x08002064        0x2 c:/users/fox/desktop/arm/tools/imt_sdk_win_64/winarm/armgcc/bin/../lib/gcc/arm-none-eabi/7.2.1/../../../../arm-none-eabi/lib/thumb/v7e-m\libg_nano.a(lib_a-mlock.o)
                0x08002064                __malloc_lock
 .text.__malloc_unlock
                0x08002066        0x2 c:/users/fox/desktop/arm/tools/imt_sdk_win_64/winarm/armgcc/bin/../lib/gcc/arm-none-eabi/7.2.1/../../../../arm-none-eabi/lib/thumb/v7e-m\libg_nano.a(lib_a-mlock.o)
                0x08002066                __malloc_unlock
 .text._malloc_usable_size_r
                0x08002068       0x10 c:/users/fox/desktop/arm/tools/imt_sdk_win_64/winarm/armgcc/bin/../lib/gcc/arm-none-eabi/7.2.1/../../../../arm-none-eabi/lib/thumb/v7e-m\libg_nano.a(lib_a-nano-msizer.o)
                0x08002068                _malloc_usable_size_r
 *(.rodata .rodata.* .constdata .constdata.*)
 .rodata.HAL_NVIC_SetPriorityGrouping.str1.4
                0x08002078       0x31 ./system/src/stm32f4-hal/stm32f4xx_hal_cortex.o
 *fill*         0x080020a9        0x3 
 .rodata.HAL_RCC_OscConfig.str1.4
                0x080020ac       0x2e ./system/src/stm32f4-hal/stm32f4xx_hal_rcc.o
 *fill*         0x080020da        0x2 
 .rodata.dumpExceptionStack.str1.4
                0x080020dc      0x11a ./system/src/cortexm/exception-handlers.o
 *fill*         0x080021f6        0x2 
 .rodata.str1.4
                0x080021f8       0x2a ./system/src/cortexm/exception-handlers.o
 *fill*         0x08002222        0x2 
 .rodata.AHBPrescTable
                0x08002224       0x10 ./system/src/cmsis/system_stm32f4xx.o
                0x08002224                AHBPrescTable
 .rodata.assert_failed.str1.4
                0x08002234       0x30 ./src/initialize-hardware.o
                                 0x2d (size before relaxing)
 .rodata._svfprintf_r.str1.1
                0x08002264       0x11 c:/users/fox/desktop/arm/tools/imt_sdk_win_64/winarm/armgcc/bin/../lib/gcc/arm-none-eabi/7.2.1/../../../../arm-none-eabi/lib/thumb/v7e-m\libg_nano.a(lib_a-nano-svfprintf.o)
 .rodata._printf_i.str1.1
                0x08002275       0x22 c:/users/fox/desktop/arm/tools/imt_sdk_win_64/winarm/armgcc/bin/../lib/gcc/arm-none-eabi/7.2.1/../../../../arm-none-eabi/lib/thumb/v7e-m\libg_nano.a(lib_a-nano-vfprintf_i.o)
 *(vtable)
 *(.eh_frame*)
 *(.glue_7)
 .glue_7        0x08002297        0x0 linker stubs
 *(.glue_7t)
 .glue_7t       0x08002297        0x0 linker stubs

.vfp11_veneer   0x08002298        0x0
 .vfp11_veneer  0x08002298        0x0 linker stubs

.v4_bx          0x08002298        0x0
 .v4_bx         0x08002298        0x0 linker stubs

.iplt           0x08002298        0x0
 .iplt          0x08002298        0x0 ./system/src/stm32f4-hal/stm32f4xx_hal.o

.ARM.extab
 *(.ARM.extab* .gnu.linkonce.armextab.*)
                0x08002298                . = ALIGN (0x4)
                0x08002298                __exidx_start = .

.ARM.exidx      0x08002298        0x8
 *(.ARM.exidx* .gnu.linkonce.armexidx.*)
 .ARM.exidx     0x08002298        0x8 c:/users/fox/desktop/arm/tools/imt_sdk_win_64/winarm/armgcc/bin/../lib/gcc/arm-none-eabi/7.2.1/thumb/v7e-m\libgcc.a(_udivmoddi4.o)
                0x080022a0                __exidx_end = .

.rel.dyn        0x080022a0        0x0
 .rel.iplt      0x080022a0        0x0 ./system/src/stm32f4-hal/stm32f4xx_hal.o
                0x080022a0                . = ALIGN (0x4)
                0x080022a0                _etext = .
                0x080022a0                __etext = .

.data_CCMRAM    0x10000000        0x0 load address 0x080022a0
 FILL mask 0xff
 *(.data.CCMRAM .data.CCMRAM.*)
                0x10000000                . = ALIGN (0x4)
                0x080022a0                _sidata = LOADADDR (.data)

.data           0x20000000       0x80 load address 0x080022a0
 FILL mask 0xff
                0x20000000                _sdata = .
                0x20000000                __data_start__ = .
 *(.data_begin .data_begin.*)
 .data_begin    0x20000000        0x4 ./system/src/newlib/startup.o
 *(.data .data.*)
 .data.uwTickFreq
                0x20000004        0x1 ./system/src/stm32f4-hal/stm32f4xx_hal.o
                0x20000004                uwTickFreq
 *fill*         0x20000005        0x3 ff
 .data.uwTickPrio
                0x20000008        0x4 ./system/src/stm32f4-hal/stm32f4xx_hal.o
                0x20000008                uwTickPrio
 .data.argv.4310
                0x2000000c        0x8 ./system/src/newlib/syscalls.o
 .data.SystemCoreClock
                0x20000014        0x4 ./system/src/cmsis/system_stm32f4xx.o
                0x20000014                SystemCoreClock
 .data._impure_ptr
                0x20000018        0x4 c:/users/fox/desktop/arm/tools/imt_sdk_win_64/winarm/armgcc/bin/../lib/gcc/arm-none-eabi/7.2.1/../../../../arm-none-eabi/lib/thumb/v7e-m\libg_nano.a(lib_a-impure.o)
                0x20000018                _impure_ptr
 .data.impure_data
                0x2000001c       0x60 c:/users/fox/desktop/arm/tools/imt_sdk_win_64/winarm/armgcc/bin/../lib/gcc/arm-none-eabi/7.2.1/../../../../arm-none-eabi/lib/thumb/v7e-m\libg_nano.a(lib_a-impure.o)
 *(.data_end .data_end.*)
 .data_end      0x2000007c        0x4 ./system/src/newlib/startup.o
                0x20000080                . = ALIGN (0x4)
                0x20000080                _edata = .
                0x20000080                __data_end__ = .

.igot.plt       0x20000080        0x0 load address 0x08002320
 .igot.plt      0x20000080        0x0 ./system/src/stm32f4-hal/stm32f4xx_hal.o

.bss_CCMRAM     0x10000000        0x0
 *(.bss.CCMRAM .bss.CCMRAM.*)

.bss            0x20000080       0xa0
                0x20000080                __bss_start__ = .
                0x20000080                _sbss = .
 *(.bss_begin .bss_begin.*)
 .bss_begin     0x20000080        0x4 ./system/src/newlib/startup.o
 *(.bss .bss.*)
 .bss.current_heap_end.3961
                0x20000084        0x4 ./system/src/newlib/sbrk.o
 .bss.name.4309
                0x20000088        0x1 ./system/src/newlib/syscalls.o
 *fill*         0x20000089        0x3 
 .bss.buf.5205  0x2000008c       0x80 ./system/src/diag/trace.o
 .bss.__malloc_free_list
                0x2000010c        0x4 c:/users/fox/desktop/arm/tools/imt_sdk_win_64/winarm/armgcc/bin/../lib/gcc/arm-none-eabi/7.2.1/../../../../arm-none-eabi/lib/thumb/v7e-m\libg_nano.a(lib_a-nano-mallocr.o)
                0x2000010c                __malloc_free_list
 .bss.__malloc_sbrk_start
                0x20000110        0x4 c:/users/fox/desktop/arm/tools/imt_sdk_win_64/winarm/armgcc/bin/../lib/gcc/arm-none-eabi/7.2.1/../../../../arm-none-eabi/lib/thumb/v7e-m\libg_nano.a(lib_a-nano-mallocr.o)
                0x20000110                __malloc_sbrk_start
 *(COMMON)
 COMMON         0x20000114        0x4 ./system/src/stm32f4-hal/stm32f4xx_hal.o
                0x20000114                uwTick
 COMMON         0x20000118        0x4 ./system/src/newlib/syscalls.o
                0x20000118                errno
 *(.bss_end .bss_end.*)
 .bss_end       0x2000011c        0x4 ./system/src/newlib/startup.o
                0x20000120                . = ALIGN (0x4)
                0x20000120                __bss_end__ = .
                0x20000120                _ebss = .

.noinit_CCMRAM
 *(.noinit.CCMRAM .noinit.CCMRAM.*)

.noinit         0x20000120        0x0
                0x20000120                _noinit = .
 *(.noinit .noinit.*)
                0x20000120                . = ALIGN (0x4)
                0x20000120                _end_noinit = .
                [!provide]                PROVIDE (end, _end_noinit)
                [!provide]                PROVIDE (_end, _end_noinit)
                [!provide]                PROVIDE (__end, _end_noinit)
                [!provide]                PROVIDE (__end__, _end_noinit)

._check_stack   0x20000120      0x100
                0x20000220                . = (. + _Minimum_Stack_Size)
 *fill*         0x20000120      0x100 

.b1text
 *(.b1text)
 *(.b1rodata)
 *(.b1rodata.*)

.eb0text
 *(.eb0text)
 *(.eb0rodata)
 *(.eb0rodata.*)

.eb1text
 *(.eb1text)
 *(.eb1rodata)
 *(.eb1rodata.*)

.eb2text
 *(.eb2text)
 *(.eb2rodata)
 *(.eb2rodata.*)

.eb3text
 *(.eb3text)
 *(.eb3rodata)
 *(.eb3rodata.*)

.stab
 *(.stab)

.stabstr
 *(.stabstr)

.stab.excl
 *(.stab.excl)

.stab.exclstr
 *(.stab.exclstr)

.stab.index
 *(.stab.index)

.stab.indexstr
 *(.stab.indexstr)

.comment        0x00000000       0x7e
 *(.comment)
 .comment       0x00000000       0x7e ./system/src/stm32f4-hal/stm32f4xx_hal.o
                                 0x7f (size before relaxing)
 .comment       0x0000007e       0x7f ./system/src/stm32f4-hal/stm32f4xx_hal_cortex.o
 .comment       0x0000007e       0x7f ./system/src/stm32f4-hal/stm32f4xx_hal_rcc.o
 .comment       0x0000007e       0x7f ./system/src/newlib/exit.o
 .comment       0x0000007e       0x7f ./system/src/newlib/sbrk.o
 .comment       0x0000007e       0x7f ./system/src/newlib/startup.o
 .comment       0x0000007e       0x7f ./system/src/newlib/syscalls.o
 .comment       0x0000007e       0x7f ./system/src/diag/trace-impl.o
 .comment       0x0000007e       0x7f ./system/src/diag/trace.o
 .comment       0x0000007e       0x7f ./system/src/cortexm/exception-handlers.o
 .comment       0x0000007e       0x7f ./system/src/cortexm/initialize-hardware.o
 .comment       0x0000007e       0x7f ./system/src/cmsis/system_stm32f4xx.o
 .comment       0x0000007e       0x7f ./system/src/cmsis/vectors_stm32f401xc.o
 .comment       0x0000007e       0x7f ./src/HIR_program.o
 .comment       0x0000007e       0x7f ./src/MGPIO_program.o
 .comment       0x0000007e       0x7f ./src/MRCC_program.o
 .comment       0x0000007e       0x7f ./src/initialize-hardware.o
 .comment       0x0000007e       0x7f ./src/main.o
 .comment       0x0000007e       0x7f ./src/stm32f4xx_hal_msp.o

.ARM.attributes
                0x00000000       0x31
 .ARM.attributes
                0x00000000       0x33 ./system/src/stm32f4-hal/stm32f4xx_hal.o
 .ARM.attributes
                0x00000033       0x33 ./system/src/stm32f4-hal/stm32f4xx_hal_cortex.o
 .ARM.attributes
                0x00000066       0x33 ./system/src/stm32f4-hal/stm32f4xx_hal_rcc.o
 .ARM.attributes
                0x00000099       0x33 ./system/src/newlib/exit.o
 .ARM.attributes
                0x000000cc       0x33 ./system/src/newlib/sbrk.o
 .ARM.attributes
                0x000000ff       0x33 ./system/src/newlib/startup.o
 .ARM.attributes
                0x00000132       0x33 ./system/src/newlib/syscalls.o
 .ARM.attributes
                0x00000165       0x33 ./system/src/diag/trace-impl.o
 .ARM.attributes
                0x00000198       0x33 ./system/src/diag/trace.o
 .ARM.attributes
                0x000001cb       0x33 ./system/src/cortexm/exception-handlers.o
 .ARM.attributes
                0x000001fe       0x33 ./system/src/cortexm/initialize-hardware.o
 .ARM.attributes
                0x00000231       0x33 ./system/src/cmsis/system_stm32f4xx.o
 .ARM.attributes
                0x00000264       0x33 ./system/src/cmsis/vectors_stm32f401xc.o
 .ARM.attributes
                0x00000297       0x33 ./src/HIR_program.o
 .ARM.attributes
                0x000002ca       0x33 ./src/MGPIO_program.o
 .ARM.attributes
                0x000002fd       0x33 ./src/MRCC_program.o
 .ARM.attributes
                0x00000330       0x33 ./src/initialize-hardware.o
 .ARM.attributes
                0x00000363       0x33 ./src/main.o
 .ARM.attributes
                0x00000396       0x33 ./src/stm32f4xx_hal_msp.o
 .ARM.attributes
                0x000003c9       0x1e c:/users/fox/desktop/arm/tools/imt_sdk_win_64/winarm/armgcc/bin/../lib/gcc/arm-none-eabi/7.2.1/thumb/v7e-m\libgcc.a(_aeabi_uldivmod.o)
 .ARM.attributes
                0x000003e7       0x2e c:/users/fox/desktop/arm/tools/imt_sdk_win_64/winarm/armgcc/bin/../lib/gcc/arm-none-eabi/7.2.1/thumb/v7e-m\libgcc.a(_udivmoddi4.o)
 .ARM.attributes
                0x00000415       0x1e c:/users/fox/desktop/arm/tools/imt_sdk_win_64/winarm/armgcc/bin/../lib/gcc/arm-none-eabi/7.2.1/thumb/v7e-m\libgcc.a(_dvmd_tls.o)
 .ARM.attributes
                0x00000433       0x2e c:/users/fox/desktop/arm/tools/imt_sdk_win_64/winarm/armgcc/bin/../lib/gcc/arm-none-eabi/7.2.1/../../../../arm-none-eabi/lib/thumb/v7e-m\libg_nano.a(lib_a-errno.o)
 .ARM.attributes
                0x00000461       0x2e c:/users/fox/desktop/arm/tools/imt_sdk_win_64/winarm/armgcc/bin/../lib/gcc/arm-none-eabi/7.2.1/../../../../arm-none-eabi/lib/thumb/v7e-m\libg_nano.a(lib_a-impure.o)
 .ARM.attributes
                0x0000048f       0x2e c:/users/fox/desktop/arm/tools/imt_sdk_win_64/winarm/armgcc/bin/../lib/gcc/arm-none-eabi/7.2.1/../../../../arm-none-eabi/lib/thumb/v7e-m\libg_nano.a(lib_a-vsnprintf.o)
 .ARM.attributes
                0x000004bd       0x2e c:/users/fox/desktop/arm/tools/imt_sdk_win_64/winarm/armgcc/bin/../lib/gcc/arm-none-eabi/7.2.1/../../../../arm-none-eabi/lib/thumb/v7e-m\libg_nano.a(lib_a-nano-svfprintf.o)
 .ARM.attributes
                0x000004eb       0x2e c:/users/fox/desktop/arm/tools/imt_sdk_win_64/winarm/armgcc/bin/../lib/gcc/arm-none-eabi/7.2.1/../../../../arm-none-eabi/lib/thumb/v7e-m\libg_nano.a(lib_a-nano-vfprintf_i.o)
 .ARM.attributes
                0x00000519       0x1c c:/users/fox/desktop/arm/tools/imt_sdk_win_64/winarm/armgcc/bin/../lib/gcc/arm-none-eabi/7.2.1/../../../../arm-none-eabi/lib/thumb/v7e-m\libg_nano.a(lib_a-memchr.o)
 .ARM.attributes
                0x00000535       0x2e c:/users/fox/desktop/arm/tools/imt_sdk_win_64/winarm/armgcc/bin/../lib/gcc/arm-none-eabi/7.2.1/../../../../arm-none-eabi/lib/thumb/v7e-m\libg_nano.a(lib_a-memcpy-stub.o)
 .ARM.attributes
                0x00000563       0x2e c:/users/fox/desktop/arm/tools/imt_sdk_win_64/winarm/armgcc/bin/../lib/gcc/arm-none-eabi/7.2.1/../../../../arm-none-eabi/lib/thumb/v7e-m\libg_nano.a(lib_a-memmove.o)
 .ARM.attributes
                0x00000591       0x2e c:/users/fox/desktop/arm/tools/imt_sdk_win_64/winarm/armgcc/bin/../lib/gcc/arm-none-eabi/7.2.1/../../../../arm-none-eabi/lib/thumb/v7e-m\libg_nano.a(lib_a-nano-freer.o)
 .ARM.attributes
                0x000005bf       0x2e c:/users/fox/desktop/arm/tools/imt_sdk_win_64/winarm/armgcc/bin/../lib/gcc/arm-none-eabi/7.2.1/../../../../arm-none-eabi/lib/thumb/v7e-m\libg_nano.a(lib_a-nano-mallocr.o)
 .ARM.attributes
                0x000005ed       0x2e c:/users/fox/desktop/arm/tools/imt_sdk_win_64/winarm/armgcc/bin/../lib/gcc/arm-none-eabi/7.2.1/../../../../arm-none-eabi/lib/thumb/v7e-m\libg_nano.a(lib_a-nano-reallocr.o)
 .ARM.attributes
                0x0000061b       0x2e c:/users/fox/desktop/arm/tools/imt_sdk_win_64/winarm/armgcc/bin/../lib/gcc/arm-none-eabi/7.2.1/../../../../arm-none-eabi/lib/thumb/v7e-m\libg_nano.a(lib_a-sbrkr.o)
 .ARM.attributes
                0x00000649       0x2e c:/users/fox/desktop/arm/tools/imt_sdk_win_64/winarm/armgcc/bin/../lib/gcc/arm-none-eabi/7.2.1/../../../../arm-none-eabi/lib/thumb/v7e-m\libg_nano.a(lib_a-mlock.o)
 .ARM.attributes
                0x00000677       0x2e c:/users/fox/desktop/arm/tools/imt_sdk_win_64/winarm/armgcc/bin/../lib/gcc/arm-none-eabi/7.2.1/../../../../arm-none-eabi/lib/thumb/v7e-m\libg_nano.a(lib_a-nano-msizer.o)

.debug
 *(.debug)

.line
 *(.line)

.debug_srcinfo
 *(.debug_srcinfo)

.debug_sfnames
 *(.debug_sfnames)

.debug_aranges  0x00000000      0x598
 *(.debug_aranges)
 .debug_aranges
                0x00000000       0xf0 ./system/src/stm32f4-hal/stm32f4xx_hal.o
 .debug_aranges
                0x000000f0       0xa8 ./system/src/stm32f4-hal/stm32f4xx_hal_cortex.o
 .debug_aranges
                0x00000198       0x88 ./system/src/stm32f4-hal/stm32f4xx_hal_rcc.o
 .debug_aranges
                0x00000220       0x28 ./system/src/newlib/exit.o
 .debug_aranges
                0x00000248       0x20 ./system/src/newlib/sbrk.o
 .debug_aranges
                0x00000268       0x40 ./system/src/newlib/startup.o
 .debug_aranges
                0x000002a8       0x30 ./system/src/newlib/syscalls.o
 .debug_aranges
                0x000002d8       0x30 ./system/src/diag/trace-impl.o
 .debug_aranges
                0x00000308       0x38 ./system/src/diag/trace.o
 .debug_aranges
                0x00000340       0x90 ./system/src/cortexm/exception-handlers.o
 .debug_aranges
                0x000003d0       0x28 ./system/src/cortexm/initialize-hardware.o
 .debug_aranges
                0x000003f8       0x28 ./system/src/cmsis/system_stm32f4xx.o
 .debug_aranges
                0x00000420       0x20 ./system/src/cmsis/vectors_stm32f401xc.o
 .debug_aranges
                0x00000440       0x30 ./src/HIR_program.o
 .debug_aranges
                0x00000470       0x58 ./src/MGPIO_program.o
 .debug_aranges
                0x000004c8       0x48 ./src/MRCC_program.o
 .debug_aranges
                0x00000510       0x30 ./src/initialize-hardware.o
 .debug_aranges
                0x00000540       0x20 ./src/main.o
 .debug_aranges
                0x00000560       0x38 ./src/stm32f4xx_hal_msp.o

.debug_pubnames
 *(.debug_pubnames)

.debug_info     0x00000000     0x8de9
 *(.debug_info .gnu.linkonce.wi.*)
 .debug_info    0x00000000      0x97f ./system/src/stm32f4-hal/stm32f4xx_hal.o
 .debug_info    0x0000097f     0x115f ./system/src/stm32f4-hal/stm32f4xx_hal_cortex.o
 .debug_info    0x00001ade      0xd1c ./system/src/stm32f4-hal/stm32f4xx_hal_rcc.o
 .debug_info    0x000027fa      0x956 ./system/src/newlib/exit.o
 .debug_info    0x00003150      0x942 ./system/src/newlib/sbrk.o
 .debug_info    0x00003a92      0x4bf ./system/src/newlib/startup.o
 .debug_info    0x00003f51      0xa19 ./system/src/newlib/syscalls.o
 .debug_info    0x0000496a      0x40a ./system/src/diag/trace-impl.o
 .debug_info    0x00004d74      0xb2a ./system/src/diag/trace.o
 .debug_info    0x0000589e     0x11f1 ./system/src/cortexm/exception-handlers.o
 .debug_info    0x00006a8f      0x353 ./system/src/cortexm/initialize-hardware.o
 .debug_info    0x00006de2      0x562 ./system/src/cmsis/system_stm32f4xx.o
 .debug_info    0x00007344       0xca ./system/src/cmsis/vectors_stm32f401xc.o
 .debug_info    0x0000740e      0x1a4 ./src/HIR_program.o
 .debug_info    0x000075b2      0x318 ./src/MGPIO_program.o
 .debug_info    0x000078ca      0x2e7 ./src/MRCC_program.o
 .debug_info    0x00007bb1      0x664 ./src/initialize-hardware.o
 .debug_info    0x00008215      0xa40 ./src/main.o
 .debug_info    0x00008c55      0x194 ./src/stm32f4xx_hal_msp.o

.debug_abbrev   0x00000000     0x2176
 *(.debug_abbrev)
 .debug_abbrev  0x00000000      0x218 ./system/src/stm32f4-hal/stm32f4xx_hal.o
 .debug_abbrev  0x00000218      0x343 ./system/src/stm32f4-hal/stm32f4xx_hal_cortex.o
 .debug_abbrev  0x0000055b      0x284 ./system/src/stm32f4-hal/stm32f4xx_hal_rcc.o
 .debug_abbrev  0x000007df      0x1f3 ./system/src/newlib/exit.o
 .debug_abbrev  0x000009d2      0x1fc ./system/src/newlib/sbrk.o
 .debug_abbrev  0x00000bce      0x1cb ./system/src/newlib/startup.o
 .debug_abbrev  0x00000d99      0x234 ./system/src/newlib/syscalls.o
 .debug_abbrev  0x00000fcd      0x1f3 ./system/src/diag/trace-impl.o
 .debug_abbrev  0x000011c0      0x276 ./system/src/diag/trace.o
 .debug_abbrev  0x00001436      0x33c ./system/src/cortexm/exception-handlers.o
 .debug_abbrev  0x00001772      0x104 ./system/src/cortexm/initialize-hardware.o
 .debug_abbrev  0x00001876      0x12b ./system/src/cmsis/system_stm32f4xx.o
 .debug_abbrev  0x000019a1       0x9d ./system/src/cmsis/vectors_stm32f401xc.o
 .debug_abbrev  0x00001a3e       0xc3 ./src/HIR_program.o
 .debug_abbrev  0x00001b01      0x112 ./src/MGPIO_program.o
 .debug_abbrev  0x00001c13      0x111 ./src/MRCC_program.o
 .debug_abbrev  0x00001d24      0x196 ./src/initialize-hardware.o
 .debug_abbrev  0x00001eba      0x20e ./src/main.o
 .debug_abbrev  0x000020c8       0xae ./src/stm32f4xx_hal_msp.o

.debug_line     0x00000000     0x7606
 *(.debug_line)
 .debug_line    0x00000000      0xa08 ./system/src/stm32f4-hal/stm32f4xx_hal.o
 .debug_line    0x00000a08      0xaf4 ./system/src/stm32f4-hal/stm32f4xx_hal_cortex.o
 .debug_line    0x000014fc      0xbd1 ./system/src/stm32f4-hal/stm32f4xx_hal_rcc.o
 .debug_line    0x000020cd      0x366 ./system/src/newlib/exit.o
 .debug_line    0x00002433      0x31a ./system/src/newlib/sbrk.o
 .debug_line    0x0000274d      0x3e2 ./system/src/newlib/startup.o
 .debug_line    0x00002b2f      0x436 ./system/src/newlib/syscalls.o
 .debug_line    0x00002f65      0xaf4 ./system/src/diag/trace-impl.o
 .debug_line    0x00003a59      0x3e3 ./system/src/diag/trace.o
 .debug_line    0x00003e3c      0xbb7 ./system/src/cortexm/exception-handlers.o
 .debug_line    0x000049f3      0x829 ./system/src/cortexm/initialize-hardware.o
 .debug_line    0x0000521c      0x82a ./system/src/cmsis/system_stm32f4xx.o
 .debug_line    0x00005a46      0x109 ./system/src/cmsis/vectors_stm32f401xc.o
 .debug_line    0x00005b4f       0xf1 ./src/HIR_program.o
 .debug_line    0x00005c40      0x1c9 ./src/MGPIO_program.o
 .debug_line    0x00005e09      0x177 ./src/MRCC_program.o
 .debug_line    0x00005f80      0xaa0 ./src/initialize-hardware.o
 .debug_line    0x00006a20      0x3c4 ./src/main.o
 .debug_line    0x00006de4      0x822 ./src/stm32f4xx_hal_msp.o

.debug_frame    0x00000000      0xeb0
 *(.debug_frame)
 .debug_frame   0x00000000      0x1f0 ./system/src/stm32f4-hal/stm32f4xx_hal.o
 .debug_frame   0x000001f0      0x19c ./system/src/stm32f4-hal/stm32f4xx_hal_cortex.o
 .debug_frame   0x0000038c      0x188 ./system/src/stm32f4-hal/stm32f4xx_hal_rcc.o
 .debug_frame   0x00000514       0x38 ./system/src/newlib/exit.o
 .debug_frame   0x0000054c       0x28 ./system/src/newlib/sbrk.o
 .debug_frame   0x00000574       0x7c ./system/src/newlib/startup.o
 .debug_frame   0x000005f0       0x50 ./system/src/newlib/syscalls.o
 .debug_frame   0x00000640       0x64 ./system/src/diag/trace-impl.o
 .debug_frame   0x000006a4       0x94 ./system/src/diag/trace.o
 .debug_frame   0x00000738      0x158 ./system/src/cortexm/exception-handlers.o
 .debug_frame   0x00000890       0x40 ./system/src/cortexm/initialize-hardware.o
 .debug_frame   0x000008d0       0x30 ./system/src/cmsis/system_stm32f4xx.o
 .debug_frame   0x00000900       0x20 ./system/src/cmsis/vectors_stm32f401xc.o
 .debug_frame   0x00000920       0x5c ./src/HIR_program.o
 .debug_frame   0x0000097c       0xc0 ./src/MGPIO_program.o
 .debug_frame   0x00000a3c       0x70 ./src/MRCC_program.o
 .debug_frame   0x00000aac       0x64 ./src/initialize-hardware.o
 .debug_frame   0x00000b10       0x28 ./src/main.o
 .debug_frame   0x00000b38       0x50 ./src/stm32f4xx_hal_msp.o
 .debug_frame   0x00000b88       0x2c c:/users/fox/desktop/arm/tools/imt_sdk_win_64/winarm/armgcc/bin/../lib/gcc/arm-none-eabi/7.2.1/thumb/v7e-m\libgcc.a(_aeabi_uldivmod.o)
 .debug_frame   0x00000bb4       0x34 c:/users/fox/desktop/arm/tools/imt_sdk_win_64/winarm/armgcc/bin/../lib/gcc/arm-none-eabi/7.2.1/thumb/v7e-m\libgcc.a(_udivmoddi4.o)
 .debug_frame   0x00000be8       0x20 c:/users/fox/desktop/arm/tools/imt_sdk_win_64/winarm/armgcc/bin/../lib/gcc/arm-none-eabi/7.2.1/../../../../arm-none-eabi/lib/thumb/v7e-m\libg_nano.a(lib_a-errno.o)
 .debug_frame   0x00000c08       0x4c c:/users/fox/desktop/arm/tools/imt_sdk_win_64/winarm/armgcc/bin/../lib/gcc/arm-none-eabi/7.2.1/../../../../arm-none-eabi/lib/thumb/v7e-m\libg_nano.a(lib_a-vsnprintf.o)
 .debug_frame   0x00000c54       0x90 c:/users/fox/desktop/arm/tools/imt_sdk_win_64/winarm/armgcc/bin/../lib/gcc/arm-none-eabi/7.2.1/../../../../arm-none-eabi/lib/thumb/v7e-m\libg_nano.a(lib_a-nano-svfprintf.o)
 .debug_frame   0x00000ce4       0x60 c:/users/fox/desktop/arm/tools/imt_sdk_win_64/winarm/armgcc/bin/../lib/gcc/arm-none-eabi/7.2.1/../../../../arm-none-eabi/lib/thumb/v7e-m\libg_nano.a(lib_a-nano-vfprintf_i.o)
 .debug_frame   0x00000d44       0x28 c:/users/fox/desktop/arm/tools/imt_sdk_win_64/winarm/armgcc/bin/../lib/gcc/arm-none-eabi/7.2.1/../../../../arm-none-eabi/lib/thumb/v7e-m\libg_nano.a(lib_a-memcpy-stub.o)
 .debug_frame   0x00000d6c       0x28 c:/users/fox/desktop/arm/tools/imt_sdk_win_64/winarm/armgcc/bin/../lib/gcc/arm-none-eabi/7.2.1/../../../../arm-none-eabi/lib/thumb/v7e-m\libg_nano.a(lib_a-memmove.o)
 .debug_frame   0x00000d94       0x38 c:/users/fox/desktop/arm/tools/imt_sdk_win_64/winarm/armgcc/bin/../lib/gcc/arm-none-eabi/7.2.1/../../../../arm-none-eabi/lib/thumb/v7e-m\libg_nano.a(lib_a-nano-freer.o)
 .debug_frame   0x00000dcc       0x2c c:/users/fox/desktop/arm/tools/imt_sdk_win_64/winarm/armgcc/bin/../lib/gcc/arm-none-eabi/7.2.1/../../../../arm-none-eabi/lib/thumb/v7e-m\libg_nano.a(lib_a-nano-mallocr.o)
 .debug_frame   0x00000df8       0x3c c:/users/fox/desktop/arm/tools/imt_sdk_win_64/winarm/armgcc/bin/../lib/gcc/arm-none-eabi/7.2.1/../../../../arm-none-eabi/lib/thumb/v7e-m\libg_nano.a(lib_a-nano-reallocr.o)
 .debug_frame   0x00000e34       0x2c c:/users/fox/desktop/arm/tools/imt_sdk_win_64/winarm/armgcc/bin/../lib/gcc/arm-none-eabi/7.2.1/../../../../arm-none-eabi/lib/thumb/v7e-m\libg_nano.a(lib_a-sbrkr.o)
 .debug_frame   0x00000e60       0x30 c:/users/fox/desktop/arm/tools/imt_sdk_win_64/winarm/armgcc/bin/../lib/gcc/arm-none-eabi/7.2.1/../../../../arm-none-eabi/lib/thumb/v7e-m\libg_nano.a(lib_a-mlock.o)
 .debug_frame   0x00000e90       0x20 c:/users/fox/desktop/arm/tools/imt_sdk_win_64/winarm/armgcc/bin/../lib/gcc/arm-none-eabi/7.2.1/../../../../arm-none-eabi/lib/thumb/v7e-m\libg_nano.a(lib_a-nano-msizer.o)

.debug_str      0x00000000    0xa8e73
 *(.debug_str)
 .debug_str     0x00000000    0xa0743 ./system/src/stm32f4-hal/stm32f4xx_hal.o
                              0xa0ab9 (size before relaxing)
 .debug_str     0x000a0743      0x3b1 ./system/src/stm32f4-hal/stm32f4xx_hal_cortex.o
                              0xa085a (size before relaxing)
 .debug_str     0x000a0af4      0x3e0 ./system/src/stm32f4-hal/stm32f4xx_hal_rcc.o
                              0xa0507 (size before relaxing)
 .debug_str     0x000a0ed4     0x4d38 ./system/src/newlib/exit.o
                               0x7ee8 (size before relaxing)
 .debug_str     0x000a5c0c      0x4f4 ./system/src/newlib/sbrk.o
                               0x729a (size before relaxing)
 .debug_str     0x000a6100      0x2c5 ./system/src/newlib/startup.o
                               0x6a3b (size before relaxing)
 .debug_str     0x000a63c5      0xe8a ./system/src/newlib/syscalls.o
                               0x8175 (size before relaxing)
 .debug_str     0x000a724f      0x387 ./system/src/diag/trace-impl.o
                              0xa3f01 (size before relaxing)
 .debug_str     0x000a75d6      0x81a ./system/src/diag/trace.o
                               0x8661 (size before relaxing)
 .debug_str     0x000a7df0      0x19d ./system/src/cortexm/exception-handlers.o
                              0xa511e (size before relaxing)
 .debug_str     0x000a7f8d       0x5d ./system/src/cortexm/initialize-hardware.o
                              0xa0039 (size before relaxing)
 .debug_str     0x000a7fea       0x46 ./system/src/cmsis/system_stm32f4xx.o
                              0xa010d (size before relaxing)
 .debug_str     0x000a8030       0x59 ./system/src/cmsis/vectors_stm32f401xc.o
                               0x3879 (size before relaxing)
 .debug_str     0x000a8089      0x6d1 ./src/HIR_program.o
                               0x344d (size before relaxing)
 .debug_str     0x000a875a      0x251 ./src/MGPIO_program.o
                               0x3385 (size before relaxing)
 .debug_str     0x000a89ab      0x445 ./src/MRCC_program.o
                               0x3524 (size before relaxing)
 .debug_str     0x000a8df0       0x30 ./src/initialize-hardware.o
                              0xa3e87 (size before relaxing)
 .debug_str     0x000a8e20       0x16 ./src/main.o
                               0x8a1d (size before relaxing)
 .debug_str     0x000a8e36       0x3d ./src/stm32f4xx_hal_msp.o
                              0x9ff8a (size before relaxing)

.debug_loc      0x00000000     0x22ac
 *(.debug_loc)
 .debug_loc     0x00000000      0x10c ./system/src/stm32f4-hal/stm32f4xx_hal.o
 .debug_loc     0x0000010c      0x772 ./system/src/stm32f4-hal/stm32f4xx_hal_cortex.o
 .debug_loc     0x0000087e      0x417 ./system/src/stm32f4-hal/stm32f4xx_hal_rcc.o
 .debug_loc     0x00000c95       0x85 ./system/src/newlib/sbrk.o
 .debug_loc     0x00000d1a      0x2cb ./system/src/newlib/startup.o
 .debug_loc     0x00000fe5       0x63 ./system/src/newlib/syscalls.o
 .debug_loc     0x00001048      0x121 ./system/src/diag/trace-impl.o
 .debug_loc     0x00001169       0xf6 ./system/src/diag/trace.o
 .debug_loc     0x0000125f      0x291 ./system/src/cortexm/exception-handlers.o
 .debug_loc     0x000014f0      0x13e ./system/src/cmsis/system_stm32f4xx.o
 .debug_loc     0x0000162e       0xc4 ./src/HIR_program.o
 .debug_loc     0x000016f2      0x925 ./src/MGPIO_program.o
 .debug_loc     0x00002017      0x1d1 ./src/MRCC_program.o
 .debug_loc     0x000021e8       0x58 ./src/initialize-hardware.o
 .debug_loc     0x00002240       0x6c ./src/main.o

.debug_macinfo
 *(.debug_macinfo)

.debug_weaknames
 *(.debug_weaknames)

.debug_funcnames
 *(.debug_funcnames)

.debug_typenames
 *(.debug_typenames)

.debug_varnames
 *(.debug_varnames)
OUTPUT(ir_test.elf elf32-littlearm)

.debug_ranges   0x00000000      0x5a0
 .debug_ranges  0x00000000       0xe0 ./system/src/stm32f4-hal/stm32f4xx_hal.o
 .debug_ranges  0x000000e0      0x128 ./system/src/stm32f4-hal/stm32f4xx_hal_cortex.o
 .debug_ranges  0x00000208       0x90 ./system/src/stm32f4-hal/stm32f4xx_hal_rcc.o
 .debug_ranges  0x00000298       0x18 ./system/src/newlib/exit.o
 .debug_ranges  0x000002b0       0x10 ./system/src/newlib/sbrk.o
 .debug_ranges  0x000002c0       0x90 ./system/src/newlib/startup.o
 .debug_ranges  0x00000350       0x20 ./system/src/newlib/syscalls.o
 .debug_ranges  0x00000370       0x50 ./system/src/diag/trace-impl.o
 .debug_ranges  0x000003c0       0x28 ./system/src/diag/trace.o
 .debug_ranges  0x000003e8       0x80 ./system/src/cortexm/exception-handlers.o
 .debug_ranges  0x00000468       0x18 ./system/src/cortexm/initialize-hardware.o
 .debug_ranges  0x00000480       0x18 ./system/src/cmsis/system_stm32f4xx.o
 .debug_ranges  0x00000498       0x10 ./system/src/cmsis/vectors_stm32f401xc.o
 .debug_ranges  0x000004a8       0x20 ./src/HIR_program.o
 .debug_ranges  0x000004c8       0x48 ./src/MGPIO_program.o
 .debug_ranges  0x00000510       0x38 ./src/MRCC_program.o
 .debug_ranges  0x00000548       0x20 ./src/initialize-hardware.o
 .debug_ranges  0x00000568       0x10 ./src/main.o
 .debug_ranges  0x00000578       0x28 ./src/stm32f4xx_hal_msp.o

.debug_macro    0x00000000    0x1b9ff
 .debug_macro   0x00000000      0x3e6 ./system/src/stm32f4-hal/stm32f4xx_hal.o
 .debug_macro   0x000003e6      0xa6c ./system/src/stm32f4-hal/stm32f4xx_hal.o
 .debug_macro   0x00000e52      0x3a2 ./system/src/stm32f4-hal/stm32f4xx_hal.o
 .debug_macro   0x000011f4       0x2e ./system/src/stm32f4-hal/stm32f4xx_hal.o
 .debug_macro   0x00001222       0x28 ./system/src/stm32f4-hal/stm32f4xx_hal.o
 .debug_macro   0x0000124a      0x34e ./system/src/stm32f4-hal/stm32f4xx_hal.o
 .debug_macro   0x00001598       0x1c ./system/src/stm32f4-hal/stm32f4xx_hal.o
 .debug_macro   0x000015b4       0x22 ./system/src/stm32f4-hal/stm32f4xx_hal.o
 .debug_macro   0x000015d6       0xdf ./system/src/stm32f4-hal/stm32f4xx_hal.o
 .debug_macro   0x000016b5     0x102d ./system/src/stm32f4-hal/stm32f4xx_hal.o
 .debug_macro   0x000026e2      0x11f ./system/src/stm32f4-hal/stm32f4xx_hal.o
 .debug_macro   0x00002801     0xb850 ./system/src/stm32f4-hal/stm32f4xx_hal.o
 .debug_macro   0x0000e051       0x43 ./system/src/stm32f4-hal/stm32f4xx_hal.o
 .debug_macro   0x0000e094     0x3659 ./system/src/stm32f4-hal/stm32f4xx_hal.o
 .debug_macro   0x000116ed      0x174 ./system/src/stm32f4-hal/stm32f4xx_hal.o
 .debug_macro   0x00011861       0x5a ./system/src/stm32f4-hal/stm32f4xx_hal.o
 .debug_macro   0x000118bb      0x416 ./system/src/stm32f4-hal/stm32f4xx_hal.o
 .debug_macro   0x00011cd1      0x9fe ./system/src/stm32f4-hal/stm32f4xx_hal.o
 .debug_macro   0x000126cf      0x117 ./system/src/stm32f4-hal/stm32f4xx_hal.o
 .debug_macro   0x000127e6       0xf8 ./system/src/stm32f4-hal/stm32f4xx_hal.o
 .debug_macro   0x000128de       0x27 ./system/src/stm32f4-hal/stm32f4xx_hal.o
 .debug_macro   0x00012905      0x15f ./system/src/stm32f4-hal/stm32f4xx_hal.o
 .debug_macro   0x00012a64      0x287 ./system/src/stm32f4-hal/stm32f4xx_hal.o
 .debug_macro   0x00012ceb       0x5f ./system/src/stm32f4-hal/stm32f4xx_hal.o
 .debug_macro   0x00012d4a      0x236 ./system/src/stm32f4-hal/stm32f4xx_hal.o
 .debug_macro   0x00012f80      0x391 ./system/src/stm32f4-hal/stm32f4xx_hal.o
 .debug_macro   0x00013311      0x176 ./system/src/stm32f4-hal/stm32f4xx_hal.o
 .debug_macro   0x00013487       0xf9 ./system/src/stm32f4-hal/stm32f4xx_hal.o
 .debug_macro   0x00013580       0x22 ./system/src/stm32f4-hal/stm32f4xx_hal.o
 .debug_macro   0x000135a2      0x132 ./system/src/stm32f4-hal/stm32f4xx_hal.o
 .debug_macro   0x000136d4      0x23a ./system/src/stm32f4-hal/stm32f4xx_hal.o
 .debug_macro   0x0001390e       0x2e ./system/src/stm32f4-hal/stm32f4xx_hal.o
 .debug_macro   0x0001393c      0x1b5 ./system/src/stm32f4-hal/stm32f4xx_hal.o
 .debug_macro   0x00013af1       0x22 ./system/src/stm32f4-hal/stm32f4xx_hal.o
 .debug_macro   0x00013b13       0xd6 ./system/src/stm32f4-hal/stm32f4xx_hal.o
 .debug_macro   0x00013be9      0x279 ./system/src/stm32f4-hal/stm32f4xx_hal.o
 .debug_macro   0x00013e62      0x1a7 ./system/src/stm32f4-hal/stm32f4xx_hal.o
 .debug_macro   0x00014009       0x46 ./system/src/stm32f4-hal/stm32f4xx_hal.o
 .debug_macro   0x0001404f       0x4a ./system/src/stm32f4-hal/stm32f4xx_hal.o
 .debug_macro   0x00014099       0x78 ./system/src/stm32f4-hal/stm32f4xx_hal.o
 .debug_macro   0x00014111      0x11a ./system/src/stm32f4-hal/stm32f4xx_hal.o
 .debug_macro   0x0001422b       0x85 ./system/src/stm32f4-hal/stm32f4xx_hal.o
 .debug_macro   0x000142b0       0x89 ./system/src/stm32f4-hal/stm32f4xx_hal.o
 .debug_macro   0x00014339      0x31a ./system/src/stm32f4-hal/stm32f4xx_hal.o
 .debug_macro   0x00014653      0x405 ./system/src/stm32f4-hal/stm32f4xx_hal.o
 .debug_macro   0x00014a58       0xe4 ./system/src/stm32f4-hal/stm32f4xx_hal.o
 .debug_macro   0x00014b3c      0x861 ./system/src/stm32f4-hal/stm32f4xx_hal.o
 .debug_macro   0x0001539d      0x1d5 ./system/src/stm32f4-hal/stm32f4xx_hal.o
 .debug_macro   0x00015572      0x225 ./system/src/stm32f4-hal/stm32f4xx_hal.o
 .debug_macro   0x00015797      0x8a0 ./system/src/stm32f4-hal/stm32f4xx_hal.o
 .debug_macro   0x00016037       0x47 ./system/src/stm32f4-hal/stm32f4xx_hal.o
 .debug_macro   0x0001607e      0x287 ./system/src/stm32f4-hal/stm32f4xx_hal.o
 .debug_macro   0x00016305      0x217 ./system/src/stm32f4-hal/stm32f4xx_hal.o
 .debug_macro   0x0001651c      0x1b5 ./system/src/stm32f4-hal/stm32f4xx_hal.o
 .debug_macro   0x000166d1      0x2db ./system/src/stm32f4-hal/stm32f4xx_hal.o
 .debug_macro   0x000169ac       0x8d ./system/src/stm32f4-hal/stm32f4xx_hal.o
 .debug_macro   0x00016a39      0x21e ./system/src/stm32f4-hal/stm32f4xx_hal.o
 .debug_macro   0x00016c57       0xba ./system/src/stm32f4-hal/stm32f4xx_hal.o
 .debug_macro   0x00016d11       0x6e ./system/src/stm32f4-hal/stm32f4xx_hal.o
 .debug_macro   0x00016d7f      0x1e9 ./system/src/stm32f4-hal/stm32f4xx_hal.o
 .debug_macro   0x00016f68      0x126 ./system/src/stm32f4-hal/stm32f4xx_hal.o
 .debug_macro   0x0001708e      0x386 ./system/src/stm32f4-hal/stm32f4xx_hal_cortex.o
 .debug_macro   0x00017414      0x3aa ./system/src/stm32f4-hal/stm32f4xx_hal_rcc.o
 .debug_macro   0x000177be      0x1b4 ./system/src/newlib/exit.o
 .debug_macro   0x00017972      0x169 ./system/src/newlib/sbrk.o
 .debug_macro   0x00017adb       0x10 ./system/src/newlib/sbrk.o
 .debug_macro   0x00017aeb      0x23b ./system/src/newlib/sbrk.o
 .debug_macro   0x00017d26      0x173 ./system/src/newlib/startup.o
 .debug_macro   0x00017e99      0xa72 ./system/src/newlib/startup.o
 .debug_macro   0x0001890b      0x217 ./system/src/newlib/syscalls.o
 .debug_macro   0x00018b22       0x1c ./system/src/newlib/syscalls.o
 .debug_macro   0x00018b3e       0x10 ./system/src/newlib/syscalls.o
 .debug_macro   0x00018b4e       0x10 ./system/src/newlib/syscalls.o
 .debug_macro   0x00018b5e       0x10 ./system/src/newlib/syscalls.o
 .debug_macro   0x00018b6e       0x35 ./system/src/newlib/syscalls.o
 .debug_macro   0x00018ba3      0x122 ./system/src/newlib/syscalls.o
 .debug_macro   0x00018cc5       0x88 ./system/src/newlib/syscalls.o
 .debug_macro   0x00018d4d       0x2b ./system/src/newlib/syscalls.o
 .debug_macro   0x00018d78      0x118 ./system/src/newlib/syscalls.o
 .debug_macro   0x00018e90      0x189 ./system/src/newlib/syscalls.o
 .debug_macro   0x00019019       0x16 ./system/src/newlib/syscalls.o
 .debug_macro   0x0001902f      0x4fa ./system/src/diag/trace-impl.o
 .debug_macro   0x00019529       0x10 ./system/src/diag/trace-impl.o
 .debug_macro   0x00019539      0x32a ./system/src/diag/trace-impl.o
 .debug_macro   0x00019863       0x22 ./system/src/diag/trace-impl.o
 .debug_macro   0x00019885      0x1fb ./system/src/diag/trace.o
 .debug_macro   0x00019a80       0x16 ./system/src/diag/trace.o
 .debug_macro   0x00019a96       0x97 ./system/src/diag/trace.o
 .debug_macro   0x00019b2d       0xfd ./system/src/diag/trace.o
 .debug_macro   0x00019c2a       0x10 ./system/src/diag/trace.o
 .debug_macro   0x00019c3a       0x16 ./system/src/diag/trace.o
 .debug_macro   0x00019c50      0x16f ./system/src/diag/trace.o
 .debug_macro   0x00019dbf       0x4c ./system/src/diag/trace.o
 .debug_macro   0x00019e0b       0x16 ./system/src/diag/trace.o
 .debug_macro   0x00019e21      0x54a ./system/src/cortexm/exception-handlers.o
 .debug_macro   0x0001a36b       0x10 ./system/src/cortexm/exception-handlers.o
 .debug_macro   0x0001a37b      0x390 ./system/src/cortexm/initialize-hardware.o
 .debug_macro   0x0001a70b      0x38c ./system/src/cmsis/system_stm32f4xx.o
 .debug_macro   0x0001aa97       0x34 ./system/src/cmsis/vectors_stm32f401xc.o
 .debug_macro   0x0001aacb       0x52 ./src/HIR_program.o
 .debug_macro   0x0001ab1d       0x22 ./src/HIR_program.o
 .debug_macro   0x0001ab3f       0x2e ./src/HIR_program.o
 .debug_macro   0x0001ab6d       0xd6 ./src/HIR_program.o
 .debug_macro   0x0001ac43      0x12b ./src/HIR_program.o
 .debug_macro   0x0001ad6e       0x7c ./src/HIR_program.o
 .debug_macro   0x0001adea       0x3f ./src/MGPIO_program.o
 .debug_macro   0x0001ae29       0x3a ./src/MGPIO_program.o
 .debug_macro   0x0001ae63       0x3e ./src/MRCC_program.o
 .debug_macro   0x0001aea1       0x2e ./src/MRCC_program.o
 .debug_macro   0x0001aecf       0xb2 ./src/MRCC_program.o
 .debug_macro   0x0001af81      0x4df ./src/initialize-hardware.o
 .debug_macro   0x0001b460      0x219 ./src/main.o
 .debug_macro   0x0001b679      0x386 ./src/stm32f4xx_hal_msp.o
