Archive member included to satisfy reference by file (symbol)

d:/imt_sdk_win_64/winarm/armgcc/bin/../lib/gcc/arm-none-eabi/7.2.1/thumb/v7e-m\libgcc.a(_arm_addsubdf3.o)
                              ./src/HULTRASONIC_program.o (__aeabi_ui2d)
d:/imt_sdk_win_64/winarm/armgcc/bin/../lib/gcc/arm-none-eabi/7.2.1/thumb/v7e-m\libgcc.a(_arm_muldivdf3.o)
                              ./src/HULTRASONIC_program.o (__aeabi_dmul)
d:/imt_sdk_win_64/winarm/armgcc/bin/../lib/gcc/arm-none-eabi/7.2.1/thumb/v7e-m\libgcc.a(_arm_fixunsdfsi.o)
                              ./src/HULTRASONIC_program.o (__aeabi_d2uiz)
d:/imt_sdk_win_64/winarm/armgcc/bin/../lib/gcc/arm-none-eabi/7.2.1/thumb/v7e-m\libgcc.a(_aeabi_uldivmod.o)
                              ./system/src/stm32f4-hal/stm32f4xx_hal_rcc.o (__aeabi_uldivmod)
d:/imt_sdk_win_64/winarm/armgcc/bin/../lib/gcc/arm-none-eabi/7.2.1/thumb/v7e-m\libgcc.a(_udivmoddi4.o)
                              d:/imt_sdk_win_64/winarm/armgcc/bin/../lib/gcc/arm-none-eabi/7.2.1/thumb/v7e-m\libgcc.a(_aeabi_uldivmod.o) (__udivmoddi4)
d:/imt_sdk_win_64/winarm/armgcc/bin/../lib/gcc/arm-none-eabi/7.2.1/thumb/v7e-m\libgcc.a(_dvmd_tls.o)
                              d:/imt_sdk_win_64/winarm/armgcc/bin/../lib/gcc/arm-none-eabi/7.2.1/thumb/v7e-m\libgcc.a(_aeabi_uldivmod.o) (__aeabi_ldiv0)
d:/imt_sdk_win_64/winarm/armgcc/bin/../lib/gcc/arm-none-eabi/7.2.1/../../../../arm-none-eabi/lib/thumb/v7e-m\libg_nano.a(lib_a-errno.o)
                              ./system/src/newlib/sbrk.o (__errno)
d:/imt_sdk_win_64/winarm/armgcc/bin/../lib/gcc/arm-none-eabi/7.2.1/../../../../arm-none-eabi/lib/thumb/v7e-m\libg_nano.a(lib_a-impure.o)
                              d:/imt_sdk_win_64/winarm/armgcc/bin/../lib/gcc/arm-none-eabi/7.2.1/../../../../arm-none-eabi/lib/thumb/v7e-m\libg_nano.a(lib_a-errno.o) (_impure_ptr)
d:/imt_sdk_win_64/winarm/armgcc/bin/../lib/gcc/arm-none-eabi/7.2.1/../../../../arm-none-eabi/lib/thumb/v7e-m\libg_nano.a(lib_a-itoa.o)
                              ./src/main.o (itoa)
d:/imt_sdk_win_64/winarm/armgcc/bin/../lib/gcc/arm-none-eabi/7.2.1/../../../../arm-none-eabi/lib/thumb/v7e-m\libg_nano.a(lib_a-strlen.o)
                              ./system/src/diag/trace.o (strlen)
d:/imt_sdk_win_64/winarm/armgcc/bin/../lib/gcc/arm-none-eabi/7.2.1/../../../../arm-none-eabi/lib/thumb/v7e-m\libg_nano.a(lib_a-utoa.o)
                              d:/imt_sdk_win_64/winarm/armgcc/bin/../lib/gcc/arm-none-eabi/7.2.1/../../../../arm-none-eabi/lib/thumb/v7e-m\libg_nano.a(lib_a-itoa.o) (__utoa)
d:/imt_sdk_win_64/winarm/armgcc/bin/../lib/gcc/arm-none-eabi/7.2.1/../../../../arm-none-eabi/lib/thumb/v7e-m\libg_nano.a(lib_a-vsnprintf.o)
                              ./system/src/diag/trace.o (vsnprintf)
d:/imt_sdk_win_64/winarm/armgcc/bin/../lib/gcc/arm-none-eabi/7.2.1/../../../../arm-none-eabi/lib/thumb/v7e-m\libg_nano.a(lib_a-nano-svfprintf.o)
                              d:/imt_sdk_win_64/winarm/armgcc/bin/../lib/gcc/arm-none-eabi/7.2.1/../../../../arm-none-eabi/lib/thumb/v7e-m\libg_nano.a(lib_a-vsnprintf.o) (_svfprintf_r)
d:/imt_sdk_win_64/winarm/armgcc/bin/../lib/gcc/arm-none-eabi/7.2.1/../../../../arm-none-eabi/lib/thumb/v7e-m\libg_nano.a(lib_a-nano-vfprintf_i.o)
                              d:/imt_sdk_win_64/winarm/armgcc/bin/../lib/gcc/arm-none-eabi/7.2.1/../../../../arm-none-eabi/lib/thumb/v7e-m\libg_nano.a(lib_a-nano-svfprintf.o) (_printf_i)
d:/imt_sdk_win_64/winarm/armgcc/bin/../lib/gcc/arm-none-eabi/7.2.1/../../../../arm-none-eabi/lib/thumb/v7e-m\libg_nano.a(lib_a-memchr.o)
                              d:/imt_sdk_win_64/winarm/armgcc/bin/../lib/gcc/arm-none-eabi/7.2.1/../../../../arm-none-eabi/lib/thumb/v7e-m\libg_nano.a(lib_a-nano-svfprintf.o) (memchr)
d:/imt_sdk_win_64/winarm/armgcc/bin/../lib/gcc/arm-none-eabi/7.2.1/../../../../arm-none-eabi/lib/thumb/v7e-m\libg_nano.a(lib_a-memcpy-stub.o)
                              d:/imt_sdk_win_64/winarm/armgcc/bin/../lib/gcc/arm-none-eabi/7.2.1/../../../../arm-none-eabi/lib/thumb/v7e-m\libg_nano.a(lib_a-nano-svfprintf.o) (memcpy)
d:/imt_sdk_win_64/winarm/armgcc/bin/../lib/gcc/arm-none-eabi/7.2.1/../../../../arm-none-eabi/lib/thumb/v7e-m\libg_nano.a(lib_a-memmove.o)
                              d:/imt_sdk_win_64/winarm/armgcc/bin/../lib/gcc/arm-none-eabi/7.2.1/../../../../arm-none-eabi/lib/thumb/v7e-m\libg_nano.a(lib_a-nano-svfprintf.o) (memmove)
d:/imt_sdk_win_64/winarm/armgcc/bin/../lib/gcc/arm-none-eabi/7.2.1/../../../../arm-none-eabi/lib/thumb/v7e-m\libg_nano.a(lib_a-nano-freer.o)
                              d:/imt_sdk_win_64/winarm/armgcc/bin/../lib/gcc/arm-none-eabi/7.2.1/../../../../arm-none-eabi/lib/thumb/v7e-m\libg_nano.a(lib_a-nano-svfprintf.o) (_free_r)
d:/imt_sdk_win_64/winarm/armgcc/bin/../lib/gcc/arm-none-eabi/7.2.1/../../../../arm-none-eabi/lib/thumb/v7e-m\libg_nano.a(lib_a-nano-mallocr.o)
[...]
Memory Configuration

Name             Origin             Length             Attributes
RAM              0x20000000         0x00010000         xrw
CCMRAM           0x10000000         0x00000000         xrw
FLASH            0x08000000         0x00040000         xr
FLASHB1          0x00000000         0x00000000         xr
EXTMEMB0         0x00000000         0x00000000         xr
EXTMEMB1         0x00000000         0x00000000         xr
EXTMEMB2         0x00000000         0x00000000         xr
EXTMEMB3         0x00000000         0x00000000         xr
*default*        0x00000000         0xffffffff

Linker script and memory map

LOAD ./system/src/stm32f4-hal/stm32f4xx_hal.o
LOAD ./system/src/stm32f4-hal/stm32f4xx_hal_cortex.o
LOAD ./system/src/stm32f4-hal/stm32f4xx_hal_flash.o
LOAD ./system/src/stm32f4-hal/stm32f4xx_hal_flash_ex.o
LOAD ./system/src/stm32f4-hal/stm32f4xx_hal_flash_ramfunc.o
LOAD ./system/src/stm32f4-hal/stm32f4xx_hal_gpio.o
LOAD ./system/src/stm32f4-hal/stm32f4xx_hal_iwdg.o
LOAD ./system/src/stm32f4-hal/stm32f4xx_hal_pwr.o
LOAD ./system/src/stm32f4-hal/stm32f4xx_hal_rcc.o
LOAD ./system/src/newlib/assert.o
LOAD ./system/src/newlib/cxx.o
LOAD ./system/src/newlib/exit.o
LOAD ./system/src/newlib/sbrk.o
LOAD ./system/src/newlib/startup.o
LOAD ./system/src/newlib/syscalls.o
LOAD ./system/src/diag/trace-impl.o
LOAD ./system/src/diag/trace.o
LOAD ./system/src/cortexm/exception-handlers.o
LOAD ./system/src/cortexm/initialize-hardware.o
LOAD ./system/src/cortexm/reset-hardware.o
LOAD ./system/src/cmsis/system_stm32f4xx.o
LOAD ./system/src/cmsis/vectors_stm32f401xc.o
LOAD ./src/ACC_program.o
LOAD ./src/HMOTORS_program.o
LOAD ./src/HULTRASONIC_program.o
LOAD ./src/MGPIO_program.o
LOAD ./src/MNVIC_program.o
LOAD ./src/MRCC_program.o
LOAD ./src/MSYSTICK_program.o
LOAD ./src/MTIMER_program.o
LOAD ./src/USART_Program.o
LOAD ./src/initialize-hardware.o
LOAD ./src/main.o
LOAD ./src/stm32f4xx_hal_msp.o
LOAD ./src/write.o
LOAD d:/imt_sdk_win_64/winarm/armgcc/bin/../lib/gcc/arm-none-eabi/7.2.1/../../../../arm-none-eabi/lib/thumb/v7e-m\libstdc++_nano.a
LOAD d:/imt_sdk_win_64/winarm/armgcc/bin/../lib/gcc/arm-none-eabi/7.2.1/../../../../arm-none-eabi/lib/thumb/v7e-m\libm.a
START GROUP
LOAD d:/imt_sdk_win_64/winarm/armgcc/bin/../lib/gcc/arm-none-eabi/7.2.1/thumb/v7e-m\libgcc.a
LOAD d:/imt_sdk_win_64/winarm/armgcc/bin/../lib/gcc/arm-none-eabi/7.2.1/../../../../arm-none-eabi/lib/thumb/v7e-m\libg_nano.a
LOAD d:/imt_sdk_win_64/winarm/armgcc/bin/../lib/gcc/arm-none-eabi/7.2.1/../../../../arm-none-eabi/lib/thumb/v7e-m\libc_nano.a
END GROUP
START GROUP
LOAD d:/imt_sdk_win_64/winarm/armgcc/bin/../lib/gcc/arm-none-eabi/7.2.1/thumb/v7e-m\libgcc.a
LOAD d:/imt_sdk_win_64/winarm/armgcc/bin/../lib/gcc/arm-none-eabi/7.2.1/../../../../arm-none-eabi/lib/thumb/v7e-m\libc_nano.a
END GROUP
                0x20010000                __stack = (ORIGIN (RAM) + LENGTH (RAM))
                0x20010000                _estack = __stack
                0x00000400                __Main_Stack_Size = 0x400
                [!provide]                PROVIDE (_Main_Stack_Size, __Main_Stack_Size)
                0x2000fc00                __Main_Stack_Limit = (__stack - __Main_Stack_Size)
                [!provide]                PROVIDE (_Main_Stack_Limit, __Main_Stack_Limit)
                0x00000100                _Minimum_Stack_Size = 0x100
                0x20000138                PROVIDE (_Heap_Begin, _end_noinit)
                0x2000fc00                PROVIDE (_Heap_Limit, (__stack - __Main_Stack_Size))

.isr_vector     0x08000000      0x3f4
 FILL mask 0xff
                0x08000000                __vectors_start = ABSOLUTE (.)
                0x08000000                __vectors_start__ = ABSOLUTE (.)
 *(.isr_vector)
 .isr_vector    0x08000000      0x194 ./system/src/cmsis/vectors_stm32f401xc.o
                0x08000000                __isr_vectors
 *(.cfmconfig)
 *(.after_vectors .after_vectors.*)
 .after_vectors
                0x08000194      0x130 ./system/src/newlib/startup.o
                0x08000194                _start
 .after_vectors
                0x080002c4      0x12c ./system/src/cortexm/exception-handlers.o
                0x080002c4                Reset_Handler
                0x080002ca                NMI_Handler
                0x080002ce                HardFault_Handler
                0x080002e2                HardFault_Handler_C
                0x08000340                MemManage_Handler
                0x08000344                BusFault_Handler
                0x08000358                BusFault_Handler_C
                0x0800038c                UsageFault_Handler
                0x080003a0                UsageFault_Handler_C
                0x080003d4                SVC_Handler
                0x080003d8                DebugMon_Handler
                0x080003dc                PendSV_Handler
 .after_vectors
                0x080003f0        0x4 ./system/src/cmsis/vectors_stm32f401xc.o
                0x080003f0                RTC_Alarm_IRQHandler
                0x080003f0                EXTI2_IRQHandler
                0x080003f0                SPI4_IRQHandler
                0x080003f0                TIM1_CC_IRQHandler
                0x080003f0                DMA2_Stream5_IRQHandler
                0x080003f0                DMA1_Stream5_IRQHandler
                0x080003f0                PVD_IRQHandler
                0x080003f0                SDIO_IRQHandler
                0x080003f0                TAMP_STAMP_IRQHandler
                0x080003f0                EXTI3_IRQHandler
                0x080003f0                TIM1_UP_TIM10_IRQHandler
                0x080003f0                I2C3_ER_IRQHandler
                0x080003f0                EXTI0_IRQHandler
                0x080003f0                I2C2_EV_IRQHandler
                0x080003f0                DMA1_Stream2_IRQHandler
                0x080003f0                FPU_IRQHandler
                0x080003f0                DMA2_Stream2_IRQHandler
                0x080003f0                SPI1_IRQHandler
                0x080003f0                TIM1_BRK_TIM9_IRQHandler
                0x080003f0                DMA2_Stream3_IRQHandler
                0x080003f0                USART6_IRQHandler
                0x080003f0                DMA2_Stream0_IRQHandler
                0x080003f0                TIM4_IRQHandler
                0x080003f0                I2C1_EV_IRQHandler
                0x080003f0                DMA1_Stream6_IRQHandler
                0x080003f0                DMA1_Stream1_IRQHandler
                0x080003f0                TIM3_IRQHandler
                0x080003f0                RCC_IRQHandler
                0x080003f0                Default_Handler
                0x080003f0                EXTI15_10_IRQHandler
                0x080003f0                ADC_IRQHandler
                0x080003f0                DMA1_Stream7_IRQHandler
                0x080003f0                TIM5_IRQHandler
                0x080003f0                DMA2_Stream7_IRQHandler
                0x080003f0                I2C3_EV_IRQHandler
                0x080003f0                EXTI9_5_IRQHandler
                0x080003f0                RTC_WKUP_IRQHandler
                0x080003f0                SPI2_IRQHandler
                0x080003f0                DMA1_Stream0_IRQHandler
                0x080003f0                EXTI4_IRQHandler
                0x080003f0                WWDG_IRQHandler
                0x080003f0                OTG_FS_WKUP_IRQHandler
                0x080003f0                TIM1_TRG_COM_TIM11_IRQHandler
                0x080003f0                EXTI1_IRQHandler
                0x080003f0                USART2_IRQHandler
                0x080003f0                I2C2_ER_IRQHandler
                0x080003f0                DMA2_Stream1_IRQHandler
                0x080003f0                FLASH_IRQHandler
                0x080003f0                DMA2_Stream4_IRQHandler
                0x080003f0                USART1_IRQHandler
                0x080003f0                OTG_FS_IRQHandler
                0x080003f0                SPI3_IRQHandler
                0x080003f0                DMA1_Stream4_IRQHandler
                0x080003f0                I2C1_ER_IRQHandler
                0x080003f0                DMA2_Stream6_IRQHandler
                0x080003f0                DMA1_Stream3_IRQHandler

.inits          0x080003f4       0x28
                0x080003f4                __data_regions_array_start = .
                0x080003f4        0x4 LONG 0x8003058 LOADADDR (.data)
                0x080003f8        0x4 LONG 0x20000000 ADDR (.data)
                0x080003fc        0x4 LONG 0x20000080 (ADDR (.data) + SIZEOF (.data))
                0x08000400        0x4 LONG 0x8003058 LOADADDR (.data_CCMRAM)
                0x08000404        0x4 LONG 0x10000000 ADDR (.data_CCMRAM)
                0x08000408        0x4 LONG 0x10000000 (ADDR (.data_CCMRAM) + SIZEOF (.data_CCMRAM))
                0x0800040c                __data_regions_array_end = .
                0x0800040c                __bss_regions_array_start = .
                0x0800040c        0x4 LONG 0x20000080 ADDR (.bss)
                0x08000410        0x4 LONG 0x20000138 (ADDR (.bss) + SIZEOF (.bss))
                0x08000414        0x4 LONG 0x10000000 ADDR (.bss_CCMRAM)
                0x08000418        0x4 LONG 0x10000000 (ADDR (.bss_CCMRAM) + SIZEOF (.bss_CCMRAM))
                0x0800041c                __bss_regions_array_end = .
 *(.init)
 *(.fini)
                0x0800041c                . = ALIGN (0x4)
                0x0800041c                PROVIDE (__preinit_array_start, .)
 *(.preinit_array_sysinit .preinit_array_sysinit.*)
 *(.preinit_array_platform .preinit_array_platform.*)
 *(.preinit_array .preinit_array.*)
                0x0800041c                PROVIDE (__preinit_array_end, .)
                0x0800041c                . = ALIGN (0x4)
                0x0800041c                PROVIDE (__init_array_start, .)
 *(SORT_BY_NAME(.init_array.*))
 *(.init_array)
                0x0800041c                PROVIDE (__init_array_end, .)
                0x0800041c                . = ALIGN (0x4)
                0x0800041c                PROVIDE (__fini_array_start, .)
 *(SORT_BY_NAME(.fini_array.*))
 *(.fini_array)
                0x0800041c                PROVIDE (__fini_array_end, .)

.flashtext
 *(.flashtext .flashtext.*)

.text           0x08000420     0x2c30
 *(.text .text.*)
 .text.HAL_InitTick
                0x08000420       0x4c ./system/src/stm32f4-hal/stm32f4xx_hal.o
                0x08000420                HAL_InitTick
 .text.HAL_Init
                0x0800046c       0x34 ./system/src/stm32f4-hal/stm32f4xx_hal.o
                0x0800046c                HAL_Init
 .text.HAL_GetTick
                0x080004a0        0xc ./system/src/stm32f4-hal/stm32f4xx_hal.o
                0x080004a0                HAL_GetTick
 .text.HAL_NVIC_SetPriorityGrouping
                0x080004ac       0x3c ./system/src/stm32f4-hal/stm32f4xx_hal_cortex.o
                0x080004ac                HAL_NVIC_SetPriorityGrouping
 .text.HAL_NVIC_SetPriority
                0x080004e8       0x8c ./system/src/stm32f4-hal/stm32f4xx_hal_cortex.o
                0x080004e8                HAL_NVIC_SetPriority
 .text.HAL_SYSTICK_Config
                0x08000574       0x2c ./system/src/stm32f4-hal/stm32f4xx_hal_cortex.o
                0x08000574                HAL_SYSTICK_Config
 .text.HAL_SYSTICK_CLKSourceConfig
                0x080005a0       0x3c ./system/src/stm32f4-hal/stm32f4xx_hal_cortex.o
                0x080005a0                HAL_SYSTICK_CLKSourceConfig
 .text.HAL_RCC_OscConfig
                0x080005dc      0x4f4 ./system/src/stm32f4-hal/stm32f4xx_hal_rcc.o
                0x080005dc                HAL_RCC_OscConfig
 .text.HAL_RCC_GetSysClockFreq
                0x08000ad0       0xa8 ./system/src/stm32f4-hal/stm32f4xx_hal_rcc.o
                0x08000ad0                HAL_RCC_GetSysClockFreq
 .text.HAL_RCC_ClockConfig
                0x08000b78      0x21c ./system/src/stm32f4-hal/stm32f4xx_hal_rcc.o
                0x08000b78                HAL_RCC_ClockConfig
 .text.HAL_RCC_GetHCLKFreq
                0x08000d94        0xc ./system/src/stm32f4-hal/stm32f4xx_hal_rcc.o
                0x08000d94                HAL_RCC_GetHCLKFreq
 .text._exit    0x08000da0        0x2 ./system/src/newlib/exit.o
                0x08000da0                _exit
 *fill*         0x08000da2        0x2 
 .text._sbrk    0x08000da4       0x44 ./system/src/newlib/sbrk.o
                0x08000da4                _sbrk
 .text.__initialize_args
                0x08000de8       0x10 ./system/src/newlib/syscalls.o
                0x08000de8                __initialize_args
 .text._trace_write_semihosting_debug
                0x08000df8       0x60 ./system/src/diag/trace-impl.o
 .text.trace_write
                0x08000e58        0x8 ./system/src/diag/trace-impl.o
                0x08000e58                trace_write
 .text.trace_printf
                0x08000e60       0x30 ./system/src/diag/trace.o
                0x08000e60                trace_printf
 .text.dumpExceptionStack
                0x08000e90       0xf4 ./system/src/cortexm/exception-handlers.o
                0x08000e90                dumpExceptionStack
 .text.isSemihosting
                0x08000f84       0x20 ./system/src/cortexm/exception-handlers.o
                0x08000f84                isSemihosting
 .text.__initialize_hardware_early
                0x08000fa4       0x18 ./system/src/cortexm/initialize-hardware.o
                0x08000fa4                __initialize_hardware_early
 .text.SystemInit
                0x08000fbc       0x10 ./system/src/cmsis/system_stm32f4xx.o
                0x08000fbc                SystemInit
 .text.SystemCoreClockUpdate
                0x08000fcc       0xa0 ./system/src/cmsis/system_stm32f4xx.o
                0x08000fcc                SystemCoreClockUpdate
 .text.ACC_voidMode
                0x0800106c       0x60 ./src/ACC_program.o
                0x0800106c                ACC_voidMode
 .text.HMOTOR_voidSetSpeed
                0x080010cc        0xc ./src/HMOTORS_program.o
                0x080010cc                HMOTOR_voidSetSpeed
 .text.HULTRASONIC_voidInit
                0x080010d8       0x36 ./src/HULTRASONIC_program.o
                0x080010d8                HULTRASONIC_voidInit
 .text.HULTRASONIC_voidGetDistance
                0x0800110e       0x28 ./src/HULTRASONIC_program.o
                0x0800110e                HULTRASONIC_voidGetDistance
 *fill*         0x08001136        0x2 
 .text.TIM2_IRQHandler
                0x08001138       0x70 ./src/HULTRASONIC_program.o
                0x08001138                TIM2_IRQHandler
 .text.MGPIO_voidSetPinMode
                0x080011a8       0x74 ./src/MGPIO_program.o
                0x080011a8                MGPIO_voidSetPinMode
 .text.MGPIO_voidSetOutputPinType
                0x0800121c       0x94 ./src/MGPIO_program.o
                0x0800121c                MGPIO_voidSetOutputPinType
 .text.MGPIO_voidSetOutputPinSpeed
                0x080012b0       0x74 ./src/MGPIO_program.o
                0x080012b0                MGPIO_voidSetOutputPinSpeed
 .text.MGPIO_voidSetPinValue
                0x08001324       0x78 ./src/MGPIO_program.o
                0x08001324                MGPIO_voidSetPinValue
 .text.MGPIO_voidSetAlternateFunction
                0x0800139c       0xdc ./src/MGPIO_program.o
                0x0800139c                MGPIO_voidSetAlternateFunction
 .text.MNVIC_voidEnablePeripheralInterrupt
                0x08001478       0x18 ./src/MNVIC_program.o
                0x08001478                MNVIC_voidEnablePeripheralInterrupt
 .text.MRCC_voidInit
                0x08001490       0x50 ./src/MRCC_program.o
                0x08001490                MRCC_voidInit
 .text.MRCC_voidEnablePeripheral
                0x080014e0       0x54 ./src/MRCC_program.o
                0x080014e0                MRCC_voidEnablePeripheral
 .text.MSYSTICK_voidInit
                0x08001534       0x24 ./src/MSYSTICK_program.o
                0x08001534                MSYSTICK_voidInit
 .text.MSYSTICK_voidEnable
                0x08001558       0x10 ./src/MSYSTICK_program.o
                0x08001558                MSYSTICK_voidEnable
 .text.MSYSTICK_voidDisable
                0x08001568       0x10 ./src/MSYSTICK_program.o
                0x08001568                MSYSTICK_voidDisable
 .text.MSYSTICK_voidReloadValue
                0x08001578        0xc ./src/MSYSTICK_program.o
                0x08001578                MSYSTICK_voidReloadValue
 .text.SysTick_Handler
                0x08001584       0x28 ./src/MSYSTICK_program.o
                0x08001584                SysTick_Handler
 .text.MSYSTICK_voidSetDelay
                0x080015ac       0x20 ./src/MSYSTICK_program.o
                0x080015ac                MSYSTICK_voidSetDelay
 .text.MTIMER3_voidSetCompareValue
                0x080015cc       0x2c ./src/MTIMER_program.o
                0x080015cc                MTIMER3_voidSetCompareValue
 .text.MTIMER2_voidInit
                0x080015f8      0x12c ./src/MTIMER_program.o
                0x080015f8                MTIMER2_voidInit
 .text.MTIMER2_voidStartTimer
                0x08001724        0xe ./src/MTIMER_program.o
                0x08001724                MTIMER2_voidStartTimer
 .text.MTIMER2_voidStopTimer
                0x08001732        0xe ./src/MTIMER_program.o
                0x08001732                MTIMER2_voidStopTimer
 .text.MTIMER2_u32CaptureValue
                0x08001740       0x32 ./src/MTIMER_program.o
                0x08001740                MTIMER2_u32CaptureValue
 .text.MTIMER2_voidEnableInterrupt
                0x08001772        0xe ./src/MTIMER_program.o
                0x08001772                MTIMER2_voidEnableInterrupt
 .text.MTIMER2_voidSetPreScaler
                0x08001780        0x8 ./src/MTIMER_program.o
                0x08001780                MTIMER2_voidSetPreScaler
 .text.MTIMER2_voidClearCount
                0x08001788        0xa ./src/MTIMER_program.o
                0x08001788                MTIMER2_voidClearCount
 *fill*         0x08001792        0x2 
 .text.USART_voidInit
                0x08001794       0x28 ./src/USART_Program.o
                0x08001794                USART_voidInit
 .text.USART_voidSend
                0x080017bc       0x2c ./src/USART_Program.o
                0x080017bc                USART_voidSend
 .text.SystemClock_Config
                0x080017e8       0x9c ./src/initialize-hardware.o
                0x080017e8                SystemClock_Config
 .text.__initialize_hardware
                0x08001884       0x10 ./src/initialize-hardware.o
                0x08001884                __initialize_hardware
 .text.assert_failed
                0x08001894       0x14 ./src/initialize-hardware.o
                0x08001894                assert_failed
 .text.main     0x080018a8       0xe4 ./src/main.o
                0x080018a8                main
 .text.HAL_MspInit
                0x0800198c        0x2 ./src/stm32f4xx_hal_msp.o
                0x0800198c                HAL_MspInit
 *fill*         0x0800198e        0x2 
 .text          0x08001990      0x378 d:/imt_sdk_win_64/winarm/armgcc/bin/../lib/gcc/arm-none-eabi/7.2.1/thumb/v7e-m\libgcc.a(_arm_addsubdf3.o)
                0x08001990                __aeabi_drsub
                0x08001998                __aeabi_dsub
                0x08001998                __subdf3
                0x0800199c                __aeabi_dadd
                0x0800199c                __adddf3
                0x08001c14                __floatunsidf
                0x08001c14                __aeabi_ui2d
                0x08001c34                __floatsidf
                0x08001c34                __aeabi_i2d
                0x08001c58                __aeabi_f2d
                0x08001c58                __extendsfdf2
                0x08001c9c                __floatundidf
                0x08001c9c                __aeabi_ul2d
                0x08001cac                __floatdidf
                0x08001cac                __aeabi_l2d
 .text          0x08001d08      0x424 d:/imt_sdk_win_64/winarm/armgcc/bin/../lib/gcc/arm-none-eabi/7.2.1/thumb/v7e-m\libgcc.a(_arm_muldivdf3.o)
                0x08001d08                __aeabi_dmul
                0x08001d08                __muldf3
                0x08001f5c                __divdf3
                0x08001f5c                __aeabi_ddiv
 .text          0x0800212c       0x40 d:/imt_sdk_win_64/winarm/armgcc/bin/../lib/gcc/arm-none-eabi/7.2.1/thumb/v7e-m\libgcc.a(_arm_fixunsdfsi.o)
                0x0800212c                __aeabi_d2uiz
                0x0800212c                __fixunsdfsi
 .text          0x0800216c       0x30 d:/imt_sdk_win_64/winarm/armgcc/bin/../lib/gcc/arm-none-eabi/7.2.1/thumb/v7e-m\libgcc.a(_aeabi_uldivmod.o)
                0x0800216c                __aeabi_uldivmod
 .text          0x0800219c      0x2cc d:/imt_sdk_win_64/winarm/armgcc/bin/../lib/gcc/arm-none-eabi/7.2.1/thumb/v7e-m\libgcc.a(_udivmoddi4.o)
                0x0800219c                __udivmoddi4
 .text          0x08002468        0x4 d:/imt_sdk_win_64/winarm/armgcc/bin/../lib/gcc/arm-none-eabi/7.2.1/thumb/v7e-m\libgcc.a(_dvmd_tls.o)
                0x08002468                __aeabi_idiv0
                0x08002468                __aeabi_ldiv0
 .text.__errno  0x0800246c        0xc d:/imt_sdk_win_64/winarm/armgcc/bin/../lib/gcc/arm-none-eabi/7.2.1/../../../../arm-none-eabi/lib/thumb/v7e-m\libg_nano.a(lib_a-errno.o)
                0x0800246c                __errno
 .text.__itoa   0x08002478       0x30 d:/imt_sdk_win_64/winarm/armgcc/bin/../lib/gcc/arm-none-eabi/7.2.1/../../../../arm-none-eabi/lib/thumb/v7e-m\libg_nano.a(lib_a-itoa.o)
                0x08002478                __itoa
 .text.itoa     0x080024a8        0x4 d:/imt_sdk_win_64/winarm/armgcc/bin/../lib/gcc/arm-none-eabi/7.2.1/../../../../arm-none-eabi/lib/thumb/v7e-m\libg_nano.a(lib_a-itoa.o)
                0x080024a8                itoa
 .text.__utoa   0x080024ac       0x7c d:/imt_sdk_win_64/winarm/armgcc/bin/../lib/gcc/arm-none-eabi/7.2.1/../../../../arm-none-eabi/lib/thumb/v7e-m\libg_nano.a(lib_a-utoa.o)
                0x080024ac                __utoa
 .text._vsnprintf_r
                0x08002528       0x58 d:/imt_sdk_win_64/winarm/armgcc/bin/../lib/gcc/arm-none-eabi/7.2.1/../../../../arm-none-eabi/lib/thumb/v7e-m\libg_nano.a(lib_a-vsnprintf.o)
                0x08002528                _vsniprintf_r
                0x08002528                _vsnprintf_r
 .text.vsnprintf
                0x08002580       0x1c d:/imt_sdk_win_64/winarm/armgcc/bin/../lib/gcc/arm-none-eabi/7.2.1/../../../../arm-none-eabi/lib/thumb/v7e-m\libg_nano.a(lib_a-vsnprintf.o)
                0x08002580                vsniprintf
                0x08002580                vsnprintf
 .text.__ssputs_r
                0x0800259c       0xb4 d:/imt_sdk_win_64/winarm/armgcc/bin/../lib/gcc/arm-none-eabi/7.2.1/../../../../arm-none-eabi/lib/thumb/v7e-m\libg_nano.a(lib_a-nano-svfprintf.o)
                0x0800259c                __ssputs_r
 .text._svfprintf_r
                0x08002650      0x1ec d:/imt_sdk_win_64/winarm/armgcc/bin/../lib/gcc/arm-none-eabi/7.2.1/../../../../arm-none-eabi/lib/thumb/v7e-m\libg_nano.a(lib_a-nano-svfprintf.o)
                0x08002650                _svfiprintf_r
                0x08002650                _svfprintf_r
 .text._printf_common
                0x0800283c       0xea d:/imt_sdk_win_64/winarm/armgcc/bin/../lib/gcc/arm-none-eabi/7.2.1/../../../../arm-none-eabi/lib/thumb/v7e-m\libg_nano.a(lib_a-nano-vfprintf_i.o)
                0x0800283c                _printf_common
 *fill*         0x08002926        0x2 
 .text._printf_i
                0x08002928      0x224 d:/imt_sdk_win_64/winarm/armgcc/bin/../lib/gcc/arm-none-eabi/7.2.1/../../../../arm-none-eabi/lib/thumb/v7e-m\libg_nano.a(lib_a-nano-vfprintf_i.o)
                0x08002928                _printf_i
 *fill*         0x08002b4c        0x4 
 .text          0x08002b50       0xa0 d:/imt_sdk_win_64/winarm/armgcc/bin/../lib/gcc/arm-none-eabi/7.2.1/../../../../arm-none-eabi/lib/thumb/v7e-m\libg_nano.a(lib_a-memchr.o)
                0x08002b50                memchr
 .text.memcpy   0x08002bf0       0x16 d:/imt_sdk_win_64/winarm/armgcc/bin/../lib/gcc/arm-none-eabi/7.2.1/../../../../arm-none-eabi/lib/thumb/v7e-m\libg_nano.a(lib_a-memcpy-stub.o)
                0x08002bf0                memcpy
 .text.memmove  0x08002c06       0x32 d:/imt_sdk_win_64/winarm/armgcc/bin/../lib/gcc/arm-none-eabi/7.2.1/../../../../arm-none-eabi/lib/thumb/v7e-m\libg_nano.a(lib_a-memmove.o)
                0x08002c06                memmove
 .text._free_r  0x08002c38       0x9c d:/imt_sdk_win_64/winarm/armgcc/bin/../lib/gcc/arm-none-eabi/7.2.1/../../../../arm-none-eabi/lib/thumb/v7e-m\libg_nano.a(lib_a-nano-freer.o)
                0x08002c38                _free_r
 .text._malloc_r
                0x08002cd4       0xb4 d:/imt_sdk_win_64/winarm/armgcc/bin/../lib/gcc/arm-none-eabi/7.2.1/../../../../arm-none-eabi/lib/thumb/v7e-m\libg_nano.a(lib_a-nano-mallocr.o)
                0x08002cd4                _malloc_r
 .text._realloc_r
                0x08002d88       0x4c d:/imt_sdk_win_64/winarm/armgcc/bin/../lib/gcc/arm-none-eabi/7.2.1/../../../../arm-none-eabi/lib/thumb/v7e-m\libg_nano.a(lib_a-nano-reallocr.o)
                0x08002d88                _realloc_r
 .text._sbrk_r  0x08002dd4       0x20 d:/imt_sdk_win_64/winarm/armgcc/bin/../lib/gcc/arm-none-eabi/7.2.1/../../../../arm-none-eabi/lib/thumb/v7e-m\libg_nano.a(lib_a-sbrkr.o)
                0x08002dd4                _sbrk_r
 .text.__malloc_lock
                0x08002df4        0x2 d:/imt_sdk_win_64/winarm/armgcc/bin/../lib/gcc/arm-none-eabi/7.2.1/../../../../arm-none-eabi/lib/thumb/v7e-m\libg_nano.a(lib_a-mlock.o)
                0x08002df4                __malloc_lock
 .text.__malloc_unlock
                0x08002df6        0x2 d:/imt_sdk_win_64/winarm/armgcc/bin/../lib/gcc/arm-none-eabi/7.2.1/../../../../arm-none-eabi/lib/thumb/v7e-m\libg_nano.a(lib_a-mlock.o)
                0x08002df6                __malloc_unlock
 .text._malloc_usable_size_r
                0x08002df8       0x10 d:/imt_sdk_win_64/winarm/armgcc/bin/../lib/gcc/arm-none-eabi/7.2.1/../../../../arm-none-eabi/lib/thumb/v7e-m\libg_nano.a(lib_a-nano-msizer.o)
                0x08002df8                _malloc_usable_size_r
 *(.rodata .rodata.* .constdata .constdata.*)
 .rodata.HAL_NVIC_SetPriorityGrouping.str1.4
                0x08002e08       0x31 ./system/src/stm32f4-hal/stm32f4xx_hal_cortex.o
 *fill*         0x08002e39        0x3 
 .rodata.HAL_RCC_OscConfig.str1.4
                0x08002e3c       0x2e ./system/src/stm32f4-hal/stm32f4xx_hal_rcc.o
 *fill*         0x08002e6a        0x2 
 .rodata.dumpExceptionStack.str1.4
                0x08002e6c      0x11a ./system/src/cortexm/exception-handlers.o
 *fill*         0x08002f86        0x2 
 .rodata.str1.4
                0x08002f88       0x2a ./system/src/cortexm/exception-handlers.o
 *fill*         0x08002fb2        0x2 
 .rodata.AHBPrescTable
                0x08002fb4       0x10 ./system/src/cmsis/system_stm32f4xx.o
                0x08002fb4                AHBPrescTable
 .rodata.assert_failed.str1.4
                0x08002fc4       0x2d ./src/initialize-hardware.o
 *fill*         0x08002ff1        0x3 
 .rodata.main.str1.4
                0x08002ff4        0x4 ./src/main.o
                                  0x6 (size before relaxing)
 .rodata.__utoa.str1.1
                0x08002ff8       0x25 d:/imt_sdk_win_64/winarm/armgcc/bin/../lib/gcc/arm-none-eabi/7.2.1/../../../../arm-none-eabi/lib/thumb/v7e-m\libg_nano.a(lib_a-utoa.o)
 .rodata._svfprintf_r.str1.1
                0x0800301d       0x11 d:/imt_sdk_win_64/winarm/armgcc/bin/../lib/gcc/arm-none-eabi/7.2.1/../../../../arm-none-eabi/lib/thumb/v7e-m\libg_nano.a(lib_a-nano-svfprintf.o)
 .rodata._printf_i.str1.1
                0x0800302e       0x22 d:/imt_sdk_win_64/winarm/armgcc/bin/../lib/gcc/arm-none-eabi/7.2.1/../../../../arm-none-eabi/lib/thumb/v7e-m\libg_nano.a(lib_a-nano-vfprintf_i.o)
 *(vtable)
 *(.eh_frame*)
 *(.glue_7)
 .glue_7        0x08003050        0x0 linker stubs
 *(.glue_7t)
 .glue_7t       0x08003050        0x0 linker stubs

.vfp11_veneer   0x08003050        0x0
 .vfp11_veneer  0x08003050        0x0 linker stubs

.v4_bx          0x08003050        0x0
 .v4_bx         0x08003050        0x0 linker stubs

.iplt           0x08003050        0x0
 .iplt          0x08003050        0x0 ./system/src/stm32f4-hal/stm32f4xx_hal.o

.ARM.extab
 *(.ARM.extab* .gnu.linkonce.armextab.*)
                0x08003050                . = ALIGN (0x4)
                0x08003050                __exidx_start = .

.ARM.exidx      0x08003050        0x8
 *(.ARM.exidx* .gnu.linkonce.armexidx.*)
 .ARM.exidx     0x08003050        0x8 d:/imt_sdk_win_64/winarm/armgcc/bin/../lib/gcc/arm-none-eabi/7.2.1/thumb/v7e-m\libgcc.a(_udivmoddi4.o)
                0x08003058                __exidx_end = .

.rel.dyn        0x08003058        0x0
 .rel.iplt      0x08003058        0x0 ./system/src/stm32f4-hal/stm32f4xx_hal.o
                0x08003058                . = ALIGN (0x4)
                0x08003058                _etext = .
                0x08003058                __etext = .

.data_CCMRAM    0x10000000        0x0 load address 0x08003058
 FILL mask 0xff
 *(.data.CCMRAM .data.CCMRAM.*)
                0x10000000                . = ALIGN (0x4)
                0x08003058                _sidata = LOADADDR (.data)

.data           0x20000000       0x80 load address 0x08003058
 FILL mask 0xff
                0x20000000                _sdata = .
                0x20000000                __data_start__ = .
 *(.data_begin .data_begin.*)
 .data_begin    0x20000000        0x4 ./system/src/newlib/startup.o
 *(.data .data.*)
 .data.uwTickFreq
                0x20000004        0x1 ./system/src/stm32f4-hal/stm32f4xx_hal.o
                0x20000004                uwTickFreq
 *fill*         0x20000005        0x3 ff
 .data.uwTickPrio
                0x20000008        0x4 ./system/src/stm32f4-hal/stm32f4xx_hal.o
                0x20000008                uwTickPrio
 .data.argv.4310
                0x2000000c        0x8 ./system/src/newlib/syscalls.o
 .data.SystemCoreClock
                0x20000014        0x4 ./system/src/cmsis/system_stm32f4xx.o
                0x20000014                SystemCoreClock
 .data._impure_ptr
                0x20000018        0x4 d:/imt_sdk_win_64/winarm/armgcc/bin/../lib/gcc/arm-none-eabi/7.2.1/../../../../arm-none-eabi/lib/thumb/v7e-m\libg_nano.a(lib_a-impure.o)
                0x20000018                _impure_ptr
 .data.impure_data
                0x2000001c       0x60 d:/imt_sdk_win_64/winarm/armgcc/bin/../lib/gcc/arm-none-eabi/7.2.1/../../../../arm-none-eabi/lib/thumb/v7e-m\libg_nano.a(lib_a-impure.o)
 *(.data_end .data_end.*)
 .data_end      0x2000007c        0x4 ./system/src/newlib/startup.o
                0x20000080                . = ALIGN (0x4)
                0x20000080                _edata = .
                0x20000080                __data_end__ = .

.igot.plt       0x20000080        0x0 load address 0x080030d8
 .igot.plt      0x20000080        0x0 ./system/src/stm32f4-hal/stm32f4xx_hal.o

.bss_CCMRAM     0x10000000        0x0
 *(.bss.CCMRAM .bss.CCMRAM.*)

.bss            0x20000080       0xb8
                0x20000080                __bss_start__ = .
                0x20000080                _sbss = .
 *(.bss_begin .bss_begin.*)
 .bss_begin     0x20000080        0x4 ./system/src/newlib/startup.o
 *(.bss .bss.*)
 .bss.current_heap_end.3961
                0x20000084        0x4 ./system/src/newlib/sbrk.o
 .bss.name.4309
                0x20000088        0x1 ./system/src/newlib/syscalls.o
 *fill*         0x20000089        0x3 
 .bss.buf.5205  0x2000008c       0x80 ./system/src/diag/trace.o
 .bss.Local_u32FinalValue
                0x2000010c        0x4 ./src/HULTRASONIC_program.o
 .bss.Local_u32initalValue
                0x20000110        0x4 ./src/HULTRASONIC_program.o
 .bss.Local_u8Flag.3734
                0x20000114        0x1 ./src/HULTRASONIC_program.o
 *fill*         0x20000115        0x3 
 .bss.Global_pvSysTickFunc
                0x20000118        0x4 ./src/MSYSTICK_program.o
                0x20000118                Global_pvSysTickFunc
 .bss.__malloc_free_list
                0x2000011c        0x4 d:/imt_sdk_win_64/winarm/armgcc/bin/../lib/gcc/arm-none-eabi/7.2.1/../../../../arm-none-eabi/lib/thumb/v7e-m\libg_nano.a(lib_a-nano-mallocr.o)
                0x2000011c                __malloc_free_list
 .bss.__malloc_sbrk_start
                0x20000120        0x4 d:/imt_sdk_win_64/winarm/armgcc/bin/../lib/gcc/arm-none-eabi/7.2.1/../../../../arm-none-eabi/lib/thumb/v7e-m\libg_nano.a(lib_a-nano-mallocr.o)
                0x20000120                __malloc_sbrk_start
 *(COMMON)
 COMMON         0x20000124        0x4 ./system/src/stm32f4-hal/stm32f4xx_hal.o
                0x20000124                uwTick
 COMMON         0x20000128        0x4 ./system/src/newlib/syscalls.o
                0x20000128                errno
 COMMON         0x2000012c        0x2 ./src/ACC_program.o
                0x2000012c                Local_u16Speed
 *fill*         0x2000012e        0x2 
 COMMON         0x20000130        0x4 ./src/HULTRASONIC_program.o
                0x20000130                Global_u32Distance
 *(.bss_end .bss_end.*)
 .bss_end       0x20000134        0x4 ./system/src/newlib/startup.o
                0x20000138                . = ALIGN (0x4)
                0x20000138                __bss_end__ = .
                0x20000138                _ebss = .

.noinit_CCMRAM
 *(.noinit.CCMRAM .noinit.CCMRAM.*)

.noinit         0x20000138        0x0
                0x20000138                _noinit = .
 *(.noinit .noinit.*)
                0x20000138                . = ALIGN (0x4)
                0x20000138                _end_noinit = .
                [!provide]                PROVIDE (end, _end_noinit)
                [!provide]                PROVIDE (_end, _end_noinit)
                [!provide]                PROVIDE (__end, _end_noinit)
                [!provide]                PROVIDE (__end__, _end_noinit)

._check_stack   0x20000138      0x100
                0x20000238                . = (. + _Minimum_Stack_Size)
 *fill*         0x20000138      0x100 

.b1text
 *(.b1text)
 *(.b1rodata)
 *(.b1rodata.*)

.eb0text
 *(.eb0text)
 *(.eb0rodata)
 *(.eb0rodata.*)

.eb1text
 *(.eb1text)
 *(.eb1rodata)
 *(.eb1rodata.*)

.eb2text
 *(.eb2text)
 *(.eb2rodata)
 *(.eb2rodata.*)

.eb3text
 *(.eb3text)
 *(.eb3rodata)
 *(.eb3rodata.*)

.stab
 *(.stab)

.stabstr
 *(.stabstr)

.stab.excl
 *(.stab.excl)

.stab.exclstr
 *(.stab.exclstr)

.stab.index
 *(.stab.index)

.stab.indexstr
 *(.stab.indexstr)

.comment        0x00000000       0x7e
 *(.comment)
 .comment       0x00000000       0x7e ./system/src/stm32f4-hal/stm32f4xx_hal.o
                                 0x7f (size before relaxing)
 .comment       0x0000007e       0x7f ./system/src/stm32f4-hal/stm32f4xx_hal_cortex.o
 .comment       0x0000007e       0x7f ./system/src/stm32f4-hal/stm32f4xx_hal_rcc.o
 .comment       0x0000007e       0x7f ./system/src/newlib/exit.o
 .comment       0x0000007e       0x7f ./system/src/newlib/sbrk.o
 .comment       0x0000007e       0x7f ./system/src/newlib/startup.o
 .comment       0x0000007e       0x7f ./system/src/newlib/syscalls.o
 .comment       0x0000007e       0x7f ./system/src/diag/trace-impl.o
 .comment       0x0000007e       0x7f ./system/src/diag/trace.o
 .comment       0x0000007e       0x7f ./system/src/cortexm/exception-handlers.o
 .comment       0x0000007e       0x7f ./system/src/cortexm/initialize-hardware.o
 .comment       0x0000007e       0x7f ./system/src/cmsis/system_stm32f4xx.o
 .comment       0x0000007e       0x7f ./system/src/cmsis/vectors_stm32f401xc.o
 .comment       0x0000007e       0x7f ./src/ACC_program.o
 .comment       0x0000007e       0x7f ./src/HMOTORS_program.o
 .comment       0x0000007e       0x7f ./src/HULTRASONIC_program.o
 .comment       0x0000007e       0x7f ./src/MGPIO_program.o
 .comment       0x0000007e       0x7f ./src/MNVIC_program.o
 .comment       0x0000007e       0x7f ./src/MRCC_program.o
 .comment       0x0000007e       0x7f ./src/MSYSTICK_program.o
 .comment       0x0000007e       0x7f ./src/MTIMER_program.o
 .comment       0x0000007e       0x7f ./src/USART_Program.o
 .comment       0x0000007e       0x7f ./src/initialize-hardware.o
 .comment       0x0000007e       0x7f ./src/main.o
 .comment       0x0000007e       0x7f ./src/stm32f4xx_hal_msp.o

.ARM.attributes
                0x00000000       0x31
 .ARM.attributes
                0x00000000       0x33 ./system/src/stm32f4-hal/stm32f4xx_hal.o
 .ARM.attributes
                0x00000033       0x33 ./system/src/stm32f4-hal/stm32f4xx_hal_cortex.o
 .ARM.attributes
                0x00000066       0x33 ./system/src/stm32f4-hal/stm32f4xx_hal_rcc.o
 .ARM.attributes
                0x00000099       0x33 ./system/src/newlib/exit.o
 .ARM.attributes
                0x000000cc       0x33 ./system/src/newlib/sbrk.o
 .ARM.attributes
                0x000000ff       0x33 ./system/src/newlib/startup.o
 .ARM.attributes
                0x00000132       0x33 ./system/src/newlib/syscalls.o
 .ARM.attributes
                0x00000165       0x33 ./system/src/diag/trace-impl.o
 .ARM.attributes
                0x00000198       0x33 ./system/src/diag/trace.o
 .ARM.attributes
                0x000001cb       0x33 ./system/src/cortexm/exception-handlers.o
 .ARM.attributes
                0x000001fe       0x33 ./system/src/cortexm/initialize-hardware.o
 .ARM.attributes
                0x00000231       0x33 ./system/src/cmsis/system_stm32f4xx.o
 .ARM.attributes
                0x00000264       0x33 ./system/src/cmsis/vectors_stm32f401xc.o
 .ARM.attributes
                0x00000297       0x33 ./src/ACC_program.o
 .ARM.attributes
                0x000002ca       0x33 ./src/HMOTORS_program.o
 .ARM.attributes
                0x000002fd       0x33 ./src/HULTRASONIC_program.o
 .ARM.attributes
                0x00000330       0x33 ./src/MGPIO_program.o
 .ARM.attributes
                0x00000363       0x33 ./src/MNVIC_program.o
 .ARM.attributes
                0x00000396       0x33 ./src/MRCC_program.o
 .ARM.attributes
                0x000003c9       0x33 ./src/MSYSTICK_program.o
 .ARM.attributes
                0x000003fc       0x33 ./src/MTIMER_program.o
 .ARM.attributes
                0x0000042f       0x33 ./src/USART_Program.o
 .ARM.attributes
                0x00000462       0x33 ./src/initialize-hardware.o
 .ARM.attributes
                0x00000495       0x33 ./src/main.o
 .ARM.attributes
                0x000004c8       0x33 ./src/stm32f4xx_hal_msp.o
 .ARM.attributes
                0x000004fb       0x1e d:/imt_sdk_win_64/winarm/armgcc/bin/../lib/gcc/arm-none-eabi/7.2.1/thumb/v7e-m\libgcc.a(_arm_addsubdf3.o)
 .ARM.attributes
                0x00000519       0x1e d:/imt_sdk_win_64/winarm/armgcc/bin/../lib/gcc/arm-none-eabi/7.2.1/thumb/v7e-m\libgcc.a(_arm_muldivdf3.o)
 .ARM.attributes
                0x00000537       0x1e d:/imt_sdk_win_64/winarm/armgcc/bin/../lib/gcc/arm-none-eabi/7.2.1/thumb/v7e-m\libgcc.a(_arm_fixunsdfsi.o)
 .ARM.attributes
                0x00000555       0x1e d:/imt_sdk_win_64/winarm/armgcc/bin/../lib/gcc/arm-none-eabi/7.2.1/thumb/v7e-m\libgcc.a(_aeabi_uldivmod.o)
 .ARM.attributes
                0x00000573       0x2e d:/imt_sdk_win_64/winarm/armgcc/bin/../lib/gcc/arm-none-eabi/7.2.1/thumb/v7e-m\libgcc.a(_udivmoddi4.o)
 .ARM.attributes
                0x000005a1       0x1e d:/imt_sdk_win_64/winarm/armgcc/bin/../lib/gcc/arm-none-eabi/7.2.1/thumb/v7e-m\libgcc.a(_dvmd_tls.o)
 .ARM.attributes
                0x000005bf       0x2e d:/imt_sdk_win_64/winarm/armgcc/bin/../lib/gcc/arm-none-eabi/7.2.1/../../../../arm-none-eabi/lib/thumb/v7e-m\libg_nano.a(lib_a-errno.o)
 .ARM.attributes
                0x000005ed       0x2e d:/imt_sdk_win_64/winarm/armgcc/bin/../lib/gcc/arm-none-eabi/7.2.1/../../../../arm-none-eabi/lib/thumb/v7e-m\libg_nano.a(lib_a-impure.o)
 .ARM.attributes
                0x0000061b       0x2e d:/imt_sdk_win_64/winarm/armgcc/bin/../lib/gcc/arm-none-eabi/7.2.1/../../../../arm-none-eabi/lib/thumb/v7e-m\libg_nano.a(lib_a-itoa.o)
 .ARM.attributes
                0x00000649       0x2e d:/imt_sdk_win_64/winarm/armgcc/bin/../lib/gcc/arm-none-eabi/7.2.1/../../../../arm-none-eabi/lib/thumb/v7e-m\libg_nano.a(lib_a-utoa.o)
 .ARM.attributes
                0x00000677       0x2e d:/imt_sdk_win_64/winarm/armgcc/bin/../lib/gcc/arm-none-eabi/7.2.1/../../../../arm-none-eabi/lib/thumb/v7e-m\libg_nano.a(lib_a-vsnprintf.o)
 .ARM.attributes
                0x000006a5       0x2e d:/imt_sdk_win_64/winarm/armgcc/bin/../lib/gcc/arm-none-eabi/7.2.1/../../../../arm-none-eabi/lib/thumb/v7e-m\libg_nano.a(lib_a-nano-svfprintf.o)
 .ARM.attributes
                0x000006d3       0x2e d:/imt_sdk_win_64/winarm/armgcc/bin/../lib/gcc/arm-none-eabi/7.2.1/../../../../arm-none-eabi/lib/thumb/v7e-m\libg_nano.a(lib_a-nano-vfprintf_i.o)
 .ARM.attributes
                0x00000701       0x1c d:/imt_sdk_win_64/winarm/armgcc/bin/../lib/gcc/arm-none-eabi/7.2.1/../../../../arm-none-eabi/lib/thumb/v7e-m\libg_nano.a(lib_a-memchr.o)
 .ARM.attributes
                0x0000071d       0x2e d:/imt_sdk_win_64/winarm/armgcc/bin/../lib/gcc/arm-none-eabi/7.2.1/../../../../arm-none-eabi/lib/thumb/v7e-m\libg_nano.a(lib_a-memcpy-stub.o)
 .ARM.attributes
                0x0000074b       0x2e d:/imt_sdk_win_64/winarm/armgcc/bin/../lib/gcc/arm-none-eabi/7.2.1/../../../../arm-none-eabi/lib/thumb/v7e-m\libg_nano.a(lib_a-memmove.o)
 .ARM.attributes
                0x00000779       0x2e d:/imt_sdk_win_64/winarm/armgcc/bin/../lib/gcc/arm-none-eabi/7.2.1/../../../../arm-none-eabi/lib/thumb/v7e-m\libg_nano.a(lib_a-nano-freer.o)
 .ARM.attributes
                0x000007a7       0x2e d:/imt_sdk_win_64/winarm/armgcc/bin/../lib/gcc/arm-none-eabi/7.2.1/../../../../arm-none-eabi/lib/thumb/v7e-m\libg_nano.a(lib_a-nano-mallocr.o)
 .ARM.attributes
                0x000007d5       0x2e d:/imt_sdk_win_64/winarm/armgcc/bin/../lib/gcc/arm-none-eabi/7.2.1/../../../../arm-none-eabi/lib/thumb/v7e-m\libg_nano.a(lib_a-nano-reallocr.o)
 .ARM.attributes
                0x00000803       0x2e d:/imt_sdk_win_64/winarm/armgcc/bin/../lib/gcc/arm-none-eabi/7.2.1/../../../../arm-none-eabi/lib/thumb/v7e-m\libg_nano.a(lib_a-sbrkr.o)
 .ARM.attributes
                0x00000831       0x2e d:/imt_sdk_win_64/winarm/armgcc/bin/../lib/gcc/arm-none-eabi/7.2.1/../../../../arm-none-eabi/lib/thumb/v7e-m\libg_nano.a(lib_a-mlock.o)
 .ARM.attributes
                0x0000085f       0x2e d:/imt_sdk_win_64/winarm/armgcc/bin/../lib/gcc/arm-none-eabi/7.2.1/../../../../arm-none-eabi/lib/thumb/v7e-m\libg_nano.a(lib_a-nano-msizer.o)

.debug
 *(.debug)

.line
 *(.line)

.debug_srcinfo
 *(.debug_srcinfo)

.debug_sfnames
 *(.debug_sfnames)

.debug_aranges  0x00000000      0x790
 *(.debug_aranges)
 .debug_aranges
                0x00000000       0xf0 ./system/src/stm32f4-hal/stm32f4xx_hal.o
 .debug_aranges
                0x000000f0       0xa8 ./system/src/stm32f4-hal/stm32f4xx_hal_cortex.o
 .debug_aranges
                0x00000198       0x88 ./system/src/stm32f4-hal/stm32f4xx_hal_rcc.o
 .debug_aranges
                0x00000220       0x28 ./system/src/newlib/exit.o
 .debug_aranges
                0x00000248       0x20 ./system/src/newlib/sbrk.o
 .debug_aranges
                0x00000268       0x40 ./system/src/newlib/startup.o
 .debug_aranges
                0x000002a8       0x30 ./system/src/newlib/syscalls.o
 .debug_aranges
                0x000002d8       0x30 ./system/src/diag/trace-impl.o
 .debug_aranges
                0x00000308       0x38 ./system/src/diag/trace.o
 .debug_aranges
                0x00000340       0x90 ./system/src/cortexm/exception-handlers.o
 .debug_aranges
                0x000003d0       0x28 ./system/src/cortexm/initialize-hardware.o
 .debug_aranges
                0x000003f8       0x28 ./system/src/cmsis/system_stm32f4xx.o
 .debug_aranges
                0x00000420       0x20 ./system/src/cmsis/vectors_stm32f401xc.o
 .debug_aranges
                0x00000440       0x20 ./src/ACC_program.o
 .debug_aranges
                0x00000460       0x50 ./src/HMOTORS_program.o
 .debug_aranges
                0x000004b0       0x38 ./src/HULTRASONIC_program.o
 .debug_aranges
                0x000004e8       0x58 ./src/MGPIO_program.o
 .debug_aranges
                0x00000540       0x48 ./src/MNVIC_program.o
 .debug_aranges
                0x00000588       0x48 ./src/MRCC_program.o
 .debug_aranges
                0x000005d0       0x80 ./src/MSYSTICK_program.o
 .debug_aranges
                0x00000650       0x88 ./src/MTIMER_program.o
 .debug_aranges
                0x000006d8       0x30 ./src/USART_Program.o
 .debug_aranges
                0x00000708       0x30 ./src/initialize-hardware.o
 .debug_aranges
                0x00000738       0x20 ./src/main.o
 .debug_aranges
                0x00000758       0x38 ./src/stm32f4xx_hal_msp.o

.debug_pubnames
 *(.debug_pubnames)

.debug_info     0x00000000     0xa06c
 *(.debug_info .gnu.linkonce.wi.*)
 .debug_info    0x00000000      0x97f ./system/src/stm32f4-hal/stm32f4xx_hal.o
 .debug_info    0x0000097f     0x115f ./system/src/stm32f4-hal/stm32f4xx_hal_cortex.o
 .debug_info    0x00001ade      0xd1c ./system/src/stm32f4-hal/stm32f4xx_hal_rcc.o
 .debug_info    0x000027fa      0x956 ./system/src/newlib/exit.o
 .debug_info    0x00003150      0x942 ./system/src/newlib/sbrk.o
 .debug_info    0x00003a92      0x4bf ./system/src/newlib/startup.o
 .debug_info    0x00003f51      0xa19 ./system/src/newlib/syscalls.o
 .debug_info    0x0000496a      0x40a ./system/src/diag/trace-impl.o
 .debug_info    0x00004d74      0xb2a ./system/src/diag/trace.o
 .debug_info    0x0000589e     0x11f1 ./system/src/cortexm/exception-handlers.o
 .debug_info    0x00006a8f      0x353 ./system/src/cortexm/initialize-hardware.o
 .debug_info    0x00006de2      0x562 ./system/src/cmsis/system_stm32f4xx.o
 .debug_info    0x00007344       0xca ./system/src/cmsis/vectors_stm32f401xc.o
 .debug_info    0x0000740e       0xd2 ./src/ACC_program.o
 .debug_info    0x000074e0      0x4e4 ./src/HMOTORS_program.o
 .debug_info    0x000079c4      0x2b6 ./src/HULTRASONIC_program.o
 .debug_info    0x00007c7a      0x318 ./src/MGPIO_program.o
 .debug_info    0x00007f92      0x2ea ./src/MNVIC_program.o
 .debug_info    0x0000827c      0x2e7 ./src/MRCC_program.o
 .debug_info    0x00008563      0x258 ./src/MSYSTICK_program.o
 .debug_info    0x000087bb      0x326 ./src/MTIMER_program.o
 .debug_info    0x00008ae1      0x16a ./src/USART_Program.o
 .debug_info    0x00008c4b      0x664 ./src/initialize-hardware.o
 .debug_info    0x000092af      0xc29 ./src/main.o
 .debug_info    0x00009ed8      0x194 ./src/stm32f4xx_hal_msp.o

.debug_abbrev   0x00000000     0x26f4
 *(.debug_abbrev)
 .debug_abbrev  0x00000000      0x218 ./system/src/stm32f4-hal/stm32f4xx_hal.o
 .debug_abbrev  0x00000218      0x343 ./system/src/stm32f4-hal/stm32f4xx_hal_cortex.o
 .debug_abbrev  0x0000055b      0x284 ./system/src/stm32f4-hal/stm32f4xx_hal_rcc.o
 .debug_abbrev  0x000007df      0x1f3 ./system/src/newlib/exit.o
 .debug_abbrev  0x000009d2      0x1fc ./system/src/newlib/sbrk.o
 .debug_abbrev  0x00000bce      0x1cb ./system/src/newlib/startup.o
 .debug_abbrev  0x00000d99      0x234 ./system/src/newlib/syscalls.o
 .debug_abbrev  0x00000fcd      0x1f3 ./system/src/diag/trace-impl.o
 .debug_abbrev  0x000011c0      0x276 ./system/src/diag/trace.o
 .debug_abbrev  0x00001436      0x33c ./system/src/cortexm/exception-handlers.o
 .debug_abbrev  0x00001772      0x104 ./system/src/cortexm/initialize-hardware.o
 .debug_abbrev  0x00001876      0x12b ./system/src/cmsis/system_stm32f4xx.o
 .debug_abbrev  0x000019a1       0x9d ./system/src/cmsis/vectors_stm32f401xc.o
 .debug_abbrev  0x00001a3e       0x87 ./src/ACC_program.o
 .debug_abbrev  0x00001ac5       0x8d ./src/HMOTORS_program.o
 .debug_abbrev  0x00001b52       0xe4 ./src/HULTRASONIC_program.o
 .debug_abbrev  0x00001c36      0x112 ./src/MGPIO_program.o
 .debug_abbrev  0x00001d48      0x111 ./src/MNVIC_program.o
 .debug_abbrev  0x00001e59      0x111 ./src/MRCC_program.o
 .debug_abbrev  0x00001f6a      0x162 ./src/MSYSTICK_program.o
 .debug_abbrev  0x000020cc      0x101 ./src/MTIMER_program.o
 .debug_abbrev  0x000021cd       0xb8 ./src/USART_Program.o
 .debug_abbrev  0x00002285      0x196 ./src/initialize-hardware.o
 .debug_abbrev  0x0000241b      0x22b ./src/main.o
 .debug_abbrev  0x00002646       0xae ./src/stm32f4xx_hal_msp.o

.debug_line     0x00000000     0x79e9
 *(.debug_line)
 .debug_line    0x00000000      0x9ec ./system/src/stm32f4-hal/stm32f4xx_hal.o
 .debug_line    0x000009ec      0xad8 ./system/src/stm32f4-hal/stm32f4xx_hal_cortex.o
 .debug_line    0x000014c4      0xbb5 ./system/src/stm32f4-hal/stm32f4xx_hal_rcc.o
 .debug_line    0x00002079      0x2f6 ./system/src/newlib/exit.o
 .debug_line    0x0000236f      0x2aa ./system/src/newlib/sbrk.o
 .debug_line    0x00002619      0x372 ./system/src/newlib/startup.o
 .debug_line    0x0000298b      0x3aa ./system/src/newlib/syscalls.o
 .debug_line    0x00002d35      0xa84 ./system/src/diag/trace-impl.o
 .debug_line    0x000037b9      0x373 ./system/src/diag/trace.o
 .debug_line    0x00003b2c      0xb47 ./system/src/cortexm/exception-handlers.o
 .debug_line    0x00004673      0x80d ./system/src/cortexm/initialize-hardware.o
 .debug_line    0x00004e80      0x80e ./system/src/cmsis/system_stm32f4xx.o
 .debug_line    0x0000568e       0xed ./system/src/cmsis/vectors_stm32f401xc.o
 .debug_line    0x0000577b       0xe7 ./src/ACC_program.o
 .debug_line    0x00005862      0x163 ./src/HMOTORS_program.o
 .debug_line    0x000059c5      0x14d ./src/HULTRASONIC_program.o
 .debug_line    0x00005b12      0x1ca ./src/MGPIO_program.o
 .debug_line    0x00005cdc      0x10b ./src/MNVIC_program.o
 .debug_line    0x00005de7      0x177 ./src/MRCC_program.o
 .debug_line    0x00005f5e      0x19d ./src/MSYSTICK_program.o
 .debug_line    0x000060fb      0x1ed ./src/MTIMER_program.o
 .debug_line    0x000062e8       0xde ./src/USART_Program.o
 .debug_line    0x000063c6      0xa30 ./src/initialize-hardware.o
 .debug_line    0x00006df6      0x3ed ./src/main.o
 .debug_line    0x000071e3      0x806 ./src/stm32f4xx_hal_msp.o

.debug_frame    0x00000000     0x13dc
 *(.debug_frame)
 .debug_frame   0x00000000      0x1f0 ./system/src/stm32f4-hal/stm32f4xx_hal.o
 .debug_frame   0x000001f0      0x19c ./system/src/stm32f4-hal/stm32f4xx_hal_cortex.o
 .debug_frame   0x0000038c      0x188 ./system/src/stm32f4-hal/stm32f4xx_hal_rcc.o
 .debug_frame   0x00000514       0x38 ./system/src/newlib/exit.o
 .debug_frame   0x0000054c       0x28 ./system/src/newlib/sbrk.o
 .debug_frame   0x00000574       0x7c ./system/src/newlib/startup.o
 .debug_frame   0x000005f0       0x50 ./system/src/newlib/syscalls.o
 .debug_frame   0x00000640       0x64 ./system/src/diag/trace-impl.o
 .debug_frame   0x000006a4       0x94 ./system/src/diag/trace.o
 .debug_frame   0x00000738      0x158 ./system/src/cortexm/exception-handlers.o
 .debug_frame   0x00000890       0x40 ./system/src/cortexm/initialize-hardware.o
 .debug_frame   0x000008d0       0x30 ./system/src/cmsis/system_stm32f4xx.o
 .debug_frame   0x00000900       0x20 ./system/src/cmsis/vectors_stm32f401xc.o
 .debug_frame   0x00000920       0x28 ./src/ACC_program.o
 .debug_frame   0x00000948       0xb8 ./src/HMOTORS_program.o
 .debug_frame   0x00000a00       0x68 ./src/HULTRASONIC_program.o
 .debug_frame   0x00000a68       0xc0 ./src/MGPIO_program.o
 .debug_frame   0x00000b28       0x70 ./src/MNVIC_program.o
 .debug_frame   0x00000b98       0x70 ./src/MRCC_program.o
 .debug_frame   0x00000c08       0xf4 ./src/MSYSTICK_program.o
 .debug_frame   0x00000cfc       0xf0 ./src/MTIMER_program.o
 .debug_frame   0x00000dec       0x4c ./src/USART_Program.o
 .debug_frame   0x00000e38       0x64 ./src/initialize-hardware.o
 .debug_frame   0x00000e9c       0x28 ./src/main.o
 .debug_frame   0x00000ec4       0x50 ./src/stm32f4xx_hal_msp.o
 .debug_frame   0x00000f14       0xac d:/imt_sdk_win_64/winarm/armgcc/bin/../lib/gcc/arm-none-eabi/7.2.1/thumb/v7e-m\libgcc.a(_arm_addsubdf3.o)
 .debug_frame   0x00000fc0       0x50 d:/imt_sdk_win_64/winarm/armgcc/bin/../lib/gcc/arm-none-eabi/7.2.1/thumb/v7e-m\libgcc.a(_arm_muldivdf3.o)
 .debug_frame   0x00001010       0x24 d:/imt_sdk_win_64/winarm/armgcc/bin/../lib/gcc/arm-none-eabi/7.2.1/thumb/v7e-m\libgcc.a(_arm_fixunsdfsi.o)
 .debug_frame   0x00001034       0x2c d:/imt_sdk_win_64/winarm/armgcc/bin/../lib/gcc/arm-none-eabi/7.2.1/thumb/v7e-m\libgcc.a(_aeabi_uldivmod.o)
 .debug_frame   0x00001060       0x34 d:/imt_sdk_win_64/winarm/armgcc/bin/../lib/gcc/arm-none-eabi/7.2.1/thumb/v7e-m\libgcc.a(_udivmoddi4.o)
 .debug_frame   0x00001094       0x20 d:/imt_sdk_win_64/winarm/armgcc/bin/../lib/gcc/arm-none-eabi/7.2.1/../../../../arm-none-eabi/lib/thumb/v7e-m\libg_nano.a(lib_a-errno.o)
 .debug_frame   0x000010b4       0x38 d:/imt_sdk_win_64/winarm/armgcc/bin/../lib/gcc/arm-none-eabi/7.2.1/../../../../arm-none-eabi/lib/thumb/v7e-m\libg_nano.a(lib_a-itoa.o)
 .debug_frame   0x000010ec       0x48 d:/imt_sdk_win_64/winarm/armgcc/bin/../lib/gcc/arm-none-eabi/7.2.1/../../../../arm-none-eabi/lib/thumb/v7e-m\libg_nano.a(lib_a-utoa.o)
 .debug_frame   0x00001134       0x4c d:/imt_sdk_win_64/winarm/armgcc/bin/../lib/gcc/arm-none-eabi/7.2.1/../../../../arm-none-eabi/lib/thumb/v7e-m\libg_nano.a(lib_a-vsnprintf.o)
 .debug_frame   0x00001180       0x90 d:/imt_sdk_win_64/winarm/armgcc/bin/../lib/gcc/arm-none-eabi/7.2.1/../../../../arm-none-eabi/lib/thumb/v7e-m\libg_nano.a(lib_a-nano-svfprintf.o)
 .debug_frame   0x00001210       0x60 d:/imt_sdk_win_64/winarm/armgcc/bin/../lib/gcc/arm-none-eabi/7.2.1/../../../../arm-none-eabi/lib/thumb/v7e-m\libg_nano.a(lib_a-nano-vfprintf_i.o)
 .debug_frame   0x00001270       0x28 d:/imt_sdk_win_64/winarm/armgcc/bin/../lib/gcc/arm-none-eabi/7.2.1/../../../../arm-none-eabi/lib/thumb/v7e-m\libg_nano.a(lib_a-memcpy-stub.o)
 .debug_frame   0x00001298       0x28 d:/imt_sdk_win_64/winarm/armgcc/bin/../lib/gcc/arm-none-eabi/7.2.1/../../../../arm-none-eabi/lib/thumb/v7e-m\libg_nano.a(lib_a-memmove.o)
 .debug_frame   0x000012c0       0x38 d:/imt_sdk_win_64/winarm/armgcc/bin/../lib/gcc/arm-none-eabi/7.2.1/../../../../arm-none-eabi/lib/thumb/v7e-m\libg_nano.a(lib_a-nano-freer.o)
 .debug_frame   0x000012f8       0x2c d:/imt_sdk_win_64/winarm/armgcc/bin/../lib/gcc/arm-none-eabi/7.2.1/../../../../arm-none-eabi/lib/thumb/v7e-m\libg_nano.a(lib_a-nano-mallocr.o)
 .debug_frame   0x00001324       0x3c d:/imt_sdk_win_64/winarm/armgcc/bin/../lib/gcc/arm-none-eabi/7.2.1/../../../../arm-none-eabi/lib/thumb/v7e-m\libg_nano.a(lib_a-nano-reallocr.o)
 .debug_frame   0x00001360       0x2c d:/imt_sdk_win_64/winarm/armgcc/bin/../lib/gcc/arm-none-eabi/7.2.1/../../../../arm-none-eabi/lib/thumb/v7e-m\libg_nano.a(lib_a-sbrkr.o)
 .debug_frame   0x0000138c       0x30 d:/imt_sdk_win_64/winarm/armgcc/bin/../lib/gcc/arm-none-eabi/7.2.1/../../../../arm-none-eabi/lib/thumb/v7e-m\libg_nano.a(lib_a-mlock.o)
 .debug_frame   0x000013bc       0x20 d:/imt_sdk_win_64/winarm/armgcc/bin/../lib/gcc/arm-none-eabi/7.2.1/../../../../arm-none-eabi/lib/thumb/v7e-m\libg_nano.a(lib_a-nano-msizer.o)

.debug_str      0x00000000    0xaa158
 *(.debug_str)
 .debug_str     0x00000000    0xa0755 ./system/src/stm32f4-hal/stm32f4xx_hal.o
                              0xa0acb (size before relaxing)
 .debug_str     0x000a0755      0x3b1 ./system/src/stm32f4-hal/stm32f4xx_hal_cortex.o
                              0xa086c (size before relaxing)
 .debug_str     0x000a0b06      0x3e0 ./system/src/stm32f4-hal/stm32f4xx_hal_rcc.o
                              0xa0519 (size before relaxing)
 .debug_str     0x000a0ee6     0x4d38 ./system/src/newlib/exit.o
                               0x7efa (size before relaxing)
 .debug_str     0x000a5c1e      0x4f4 ./system/src/newlib/sbrk.o
                               0x72ac (size before relaxing)
 .debug_str     0x000a6112      0x2c5 ./system/src/newlib/startup.o
                               0x6a4d (size before relaxing)
 .debug_str     0x000a63d7      0xe8a ./system/src/newlib/syscalls.o
                               0x8187 (size before relaxing)
 .debug_str     0x000a7261      0x387 ./system/src/diag/trace-impl.o
                              0xa3f13 (size before relaxing)
 .debug_str     0x000a75e8      0x81a ./system/src/diag/trace.o
                               0x8673 (size before relaxing)
 .debug_str     0x000a7e02      0x19d ./system/src/cortexm/exception-handlers.o
                              0xa5130 (size before relaxing)
 .debug_str     0x000a7f9f       0x5d ./system/src/cortexm/initialize-hardware.o
                              0xa004b (size before relaxing)
 .debug_str     0x000a7ffc       0x46 ./system/src/cmsis/system_stm32f4xx.o
                              0xa011f (size before relaxing)
 .debug_str     0x000a8042       0x59 ./system/src/cmsis/vectors_stm32f401xc.o
                               0x388b (size before relaxing)
 .debug_str     0x000a809b      0x272 ./src/ACC_program.o
                               0x3000 (size before relaxing)
 .debug_str     0x000a830d      0x4f2 ./src/HMOTORS_program.o
                               0x33cf (size before relaxing)
 .debug_str     0x000a87ff      0x209 ./src/HULTRASONIC_program.o
                               0x344d (size before relaxing)
 .debug_str     0x000a8a08      0x229 ./src/MGPIO_program.o
                               0x33bb (size before relaxing)
 .debug_str     0x000a8c31      0x270 ./src/MNVIC_program.o
                               0x318a (size before relaxing)
 .debug_str     0x000a8ea1      0x629 ./src/MRCC_program.o
                               0x355c (size before relaxing)
 .debug_str     0x000a94ca      0x34a ./src/MSYSTICK_program.o
                               0x327a (size before relaxing)
 .debug_str     0x000a9814      0x47a ./src/MTIMER_program.o
                               0x347f (size before relaxing)
 .debug_str     0x000a9c8e      0x435 ./src/USART_Program.o
                               0x31ce (size before relaxing)
 .debug_str     0x000aa0c3       0x30 ./src/initialize-hardware.o
                              0xa3e99 (size before relaxing)
 .debug_str     0x000aa0f3       0x28 ./src/main.o
                               0x805c (size before relaxing)
 .debug_str     0x000aa11b       0x3d ./src/stm32f4xx_hal_msp.o
                              0x9ff9c (size before relaxing)

.debug_loc      0x00000000     0x2489
 *(.debug_loc)
 .debug_loc     0x00000000      0x10c ./system/src/stm32f4-hal/stm32f4xx_hal.o
 .debug_loc     0x0000010c      0x772 ./system/src/stm32f4-hal/stm32f4xx_hal_cortex.o
 .debug_loc     0x0000087e      0x417 ./system/src/stm32f4-hal/stm32f4xx_hal_rcc.o
 .debug_loc     0x00000c95       0x85 ./system/src/newlib/sbrk.o
 .debug_loc     0x00000d1a      0x2cb ./system/src/newlib/startup.o
 .debug_loc     0x00000fe5       0x63 ./system/src/newlib/syscalls.o
 .debug_loc     0x00001048      0x121 ./system/src/diag/trace-impl.o
 .debug_loc     0x00001169       0xf6 ./system/src/diag/trace.o
 .debug_loc     0x0000125f      0x291 ./system/src/cortexm/exception-handlers.o
 .debug_loc     0x000014f0      0x13e ./system/src/cmsis/system_stm32f4xx.o
 .debug_loc     0x0000162e       0x21 ./src/HMOTORS_program.o
 .debug_loc     0x0000164f      0x914 ./src/MGPIO_program.o
 .debug_loc     0x00001f63      0x1be ./src/MNVIC_program.o
 .debug_loc     0x00002121      0x1d1 ./src/MRCC_program.o
 .debug_loc     0x000022f2       0x21 ./src/MSYSTICK_program.o
 .debug_loc     0x00002313       0xf4 ./src/MTIMER_program.o
 .debug_loc     0x00002407       0x2a ./src/USART_Program.o
 .debug_loc     0x00002431       0x58 ./src/initialize-hardware.o

.debug_macinfo
 *(.debug_macinfo)

.debug_weaknames
 *(.debug_weaknames)

.debug_funcnames
 *(.debug_funcnames)

.debug_typenames
 *(.debug_typenames)

.debug_varnames
 *(.debug_varnames)
OUTPUT(US_Test.elf elf32-littlearm)

.debug_ranges   0x00000000      0x738
 .debug_ranges  0x00000000       0xe0 ./system/src/stm32f4-hal/stm32f4xx_hal.o
 .debug_ranges  0x000000e0      0x128 ./system/src/stm32f4-hal/stm32f4xx_hal_cortex.o
 .debug_ranges  0x00000208       0x90 ./system/src/stm32f4-hal/stm32f4xx_hal_rcc.o
 .debug_ranges  0x00000298       0x18 ./system/src/newlib/exit.o
 .debug_ranges  0x000002b0       0x10 ./system/src/newlib/sbrk.o
 .debug_ranges  0x000002c0       0x90 ./system/src/newlib/startup.o
 .debug_ranges  0x00000350       0x20 ./system/src/newlib/syscalls.o
 .debug_ranges  0x00000370       0x50 ./system/src/diag/trace-impl.o
 .debug_ranges  0x000003c0       0x28 ./system/src/diag/trace.o
 .debug_ranges  0x000003e8       0x80 ./system/src/cortexm/exception-handlers.o
 .debug_ranges  0x00000468       0x18 ./system/src/cortexm/initialize-hardware.o
 .debug_ranges  0x00000480       0x18 ./system/src/cmsis/system_stm32f4xx.o
 .debug_ranges  0x00000498       0x10 ./system/src/cmsis/vectors_stm32f401xc.o
 .debug_ranges  0x000004a8       0x10 ./src/ACC_program.o
 .debug_ranges  0x000004b8       0x40 ./src/HMOTORS_program.o
 .debug_ranges  0x000004f8       0x28 ./src/HULTRASONIC_program.o
 .debug_ranges  0x00000520       0x48 ./src/MGPIO_program.o
 .debug_ranges  0x00000568       0x38 ./src/MNVIC_program.o
 .debug_ranges  0x000005a0       0x38 ./src/MRCC_program.o
 .debug_ranges  0x000005d8       0x70 ./src/MSYSTICK_program.o
 .debug_ranges  0x00000648       0x78 ./src/MTIMER_program.o
 .debug_ranges  0x000006c0       0x20 ./src/USART_Program.o
 .debug_ranges  0x000006e0       0x20 ./src/initialize-hardware.o
 .debug_ranges  0x00000700       0x10 ./src/main.o
 .debug_ranges  0x00000710       0x28 ./src/stm32f4xx_hal_msp.o

.debug_macro    0x00000000    0x1be6d
 .debug_macro   0x00000000      0x3e6 ./system/src/stm32f4-hal/stm32f4xx_hal.o
 .debug_macro   0x000003e6      0xa6c ./system/src/stm32f4-hal/stm32f4xx_hal.o
 .debug_macro   0x00000e52      0x3a2 ./system/src/stm32f4-hal/stm32f4xx_hal.o
 .debug_macro   0x000011f4       0x2e ./system/src/stm32f4-hal/stm32f4xx_hal.o
 .debug_macro   0x00001222       0x28 ./system/src/stm32f4-hal/stm32f4xx_hal.o
 .debug_macro   0x0000124a      0x34e ./system/src/stm32f4-hal/stm32f4xx_hal.o
 .debug_macro   0x00001598       0x1c ./system/src/stm32f4-hal/stm32f4xx_hal.o
 .debug_macro   0x000015b4       0x22 ./system/src/stm32f4-hal/stm32f4xx_hal.o
 .debug_macro   0x000015d6       0xdf ./system/src/stm32f4-hal/stm32f4xx_hal.o
 .debug_macro   0x000016b5     0x102d ./system/src/stm32f4-hal/stm32f4xx_hal.o
 .debug_macro   0x000026e2      0x11f ./system/src/stm32f4-hal/stm32f4xx_hal.o
 .debug_macro   0x00002801     0xb850 ./system/src/stm32f4-hal/stm32f4xx_hal.o
 .debug_macro   0x0000e051       0x43 ./system/src/stm32f4-hal/stm32f4xx_hal.o
 .debug_macro   0x0000e094     0x3659 ./system/src/stm32f4-hal/stm32f4xx_hal.o
 .debug_macro   0x000116ed      0x174 ./system/src/stm32f4-hal/stm32f4xx_hal.o
 .debug_macro   0x00011861       0x5a ./system/src/stm32f4-hal/stm32f4xx_hal.o
 .debug_macro   0x000118bb      0x416 ./system/src/stm32f4-hal/stm32f4xx_hal.o
 .debug_macro   0x00011cd1      0x9fe ./system/src/stm32f4-hal/stm32f4xx_hal.o
 .debug_macro   0x000126cf      0x117 ./system/src/stm32f4-hal/stm32f4xx_hal.o
 .debug_macro   0x000127e6       0xf8 ./system/src/stm32f4-hal/stm32f4xx_hal.o
 .debug_macro   0x000128de       0x27 ./system/src/stm32f4-hal/stm32f4xx_hal.o
 .debug_macro   0x00012905      0x15f ./system/src/stm32f4-hal/stm32f4xx_hal.o
 .debug_macro   0x00012a64      0x287 ./system/src/stm32f4-hal/stm32f4xx_hal.o
 .debug_macro   0x00012ceb       0x5f ./system/src/stm32f4-hal/stm32f4xx_hal.o
 .debug_macro   0x00012d4a      0x236 ./system/src/stm32f4-hal/stm32f4xx_hal.o
 .debug_macro   0x00012f80      0x391 ./system/src/stm32f4-hal/stm32f4xx_hal.o
 .debug_macro   0x00013311      0x176 ./system/src/stm32f4-hal/stm32f4xx_hal.o
 .debug_macro   0x00013487       0xf9 ./system/src/stm32f4-hal/stm32f4xx_hal.o
 .debug_macro   0x00013580       0x22 ./system/src/stm32f4-hal/stm32f4xx_hal.o
 .debug_macro   0x000135a2      0x132 ./system/src/stm32f4-hal/stm32f4xx_hal.o
 .debug_macro   0x000136d4      0x23a ./system/src/stm32f4-hal/stm32f4xx_hal.o
 .debug_macro   0x0001390e       0x2e ./system/src/stm32f4-hal/stm32f4xx_hal.o
 .debug_macro   0x0001393c      0x1b5 ./system/src/stm32f4-hal/stm32f4xx_hal.o
 .debug_macro   0x00013af1       0x22 ./system/src/stm32f4-hal/stm32f4xx_hal.o
 .debug_macro   0x00013b13       0xd6 ./system/src/stm32f4-hal/stm32f4xx_hal.o
 .debug_macro   0x00013be9      0x279 ./system/src/stm32f4-hal/stm32f4xx_hal.o
 .debug_macro   0x00013e62      0x1a7 ./system/src/stm32f4-hal/stm32f4xx_hal.o
 .debug_macro   0x00014009       0x46 ./system/src/stm32f4-hal/stm32f4xx_hal.o
 .debug_macro   0x0001404f       0x4a ./system/src/stm32f4-hal/stm32f4xx_hal.o
 .debug_macro   0x00014099       0x78 ./system/src/stm32f4-hal/stm32f4xx_hal.o
 .debug_macro   0x00014111      0x11a ./system/src/stm32f4-hal/stm32f4xx_hal.o
 .debug_macro   0x0001422b       0x85 ./system/src/stm32f4-hal/stm32f4xx_hal.o
 .debug_macro   0x000142b0       0x89 ./system/src/stm32f4-hal/stm32f4xx_hal.o
 .debug_macro   0x00014339      0x31a ./system/src/stm32f4-hal/stm32f4xx_hal.o
 .debug_macro   0x00014653      0x405 ./system/src/stm32f4-hal/stm32f4xx_hal.o
 .debug_macro   0x00014a58       0xe4 ./system/src/stm32f4-hal/stm32f4xx_hal.o
 .debug_macro   0x00014b3c      0x861 ./system/src/stm32f4-hal/stm32f4xx_hal.o
 .debug_macro   0x0001539d      0x1d5 ./system/src/stm32f4-hal/stm32f4xx_hal.o
 .debug_macro   0x00015572      0x225 ./system/src/stm32f4-hal/stm32f4xx_hal.o
 .debug_macro   0x00015797      0x8a0 ./system/src/stm32f4-hal/stm32f4xx_hal.o
 .debug_macro   0x00016037       0x47 ./system/src/stm32f4-hal/stm32f4xx_hal.o
 .debug_macro   0x0001607e      0x287 ./system/src/stm32f4-hal/stm32f4xx_hal.o
 .debug_macro   0x00016305      0x217 ./system/src/stm32f4-hal/stm32f4xx_hal.o
 .debug_macro   0x0001651c      0x1b5 ./system/src/stm32f4-hal/stm32f4xx_hal.o
 .debug_macro   0x000166d1      0x2db ./system/src/stm32f4-hal/stm32f4xx_hal.o
 .debug_macro   0x000169ac       0x8d ./system/src/stm32f4-hal/stm32f4xx_hal.o
 .debug_macro   0x00016a39      0x21e ./system/src/stm32f4-hal/stm32f4xx_hal.o
 .debug_macro   0x00016c57       0xba ./system/src/stm32f4-hal/stm32f4xx_hal.o
 .debug_macro   0x00016d11       0x6e ./system/src/stm32f4-hal/stm32f4xx_hal.o
 .debug_macro   0x00016d7f      0x1e9 ./system/src/stm32f4-hal/stm32f4xx_hal.o
 .debug_macro   0x00016f68      0x126 ./system/src/stm32f4-hal/stm32f4xx_hal.o
 .debug_macro   0x0001708e      0x386 ./system/src/stm32f4-hal/stm32f4xx_hal_cortex.o
 .debug_macro   0x00017414      0x3aa ./system/src/stm32f4-hal/stm32f4xx_hal_rcc.o
 .debug_macro   0x000177be      0x1b4 ./system/src/newlib/exit.o
 .debug_macro   0x00017972      0x169 ./system/src/newlib/sbrk.o
 .debug_macro   0x00017adb       0x10 ./system/src/newlib/sbrk.o
 .debug_macro   0x00017aeb      0x23b ./system/src/newlib/sbrk.o
 .debug_macro   0x00017d26      0x173 ./system/src/newlib/startup.o
 .debug_macro   0x00017e99      0xa72 ./system/src/newlib/startup.o
 .debug_macro   0x0001890b      0x217 ./system/src/newlib/syscalls.o
 .debug_macro   0x00018b22       0x1c ./system/src/newlib/syscalls.o
 .debug_macro   0x00018b3e       0x10 ./system/src/newlib/syscalls.o
 .debug_macro   0x00018b4e       0x10 ./system/src/newlib/syscalls.o
 .debug_macro   0x00018b5e       0x10 ./system/src/newlib/syscalls.o
 .debug_macro   0x00018b6e       0x35 ./system/src/newlib/syscalls.o
 .debug_macro   0x00018ba3      0x122 ./system/src/newlib/syscalls.o
 .debug_macro   0x00018cc5       0x88 ./system/src/newlib/syscalls.o
 .debug_macro   0x00018d4d       0x2b ./system/src/newlib/syscalls.o
 .debug_macro   0x00018d78      0x118 ./system/src/newlib/syscalls.o
 .debug_macro   0x00018e90      0x189 ./system/src/newlib/syscalls.o
 .debug_macro   0x00019019       0x16 ./system/src/newlib/syscalls.o
 .debug_macro   0x0001902f      0x4fa ./system/src/diag/trace-impl.o
 .debug_macro   0x00019529       0x10 ./system/src/diag/trace-impl.o
 .debug_macro   0x00019539      0x32a ./system/src/diag/trace-impl.o
 .debug_macro   0x00019863       0x22 ./system/src/diag/trace-impl.o
 .debug_macro   0x00019885      0x1fb ./system/src/diag/trace.o
 .debug_macro   0x00019a80       0x16 ./system/src/diag/trace.o
 .debug_macro   0x00019a96       0x97 ./system/src/diag/trace.o
 .debug_macro   0x00019b2d       0xfd ./system/src/diag/trace.o
 .debug_macro   0x00019c2a       0x10 ./system/src/diag/trace.o
 .debug_macro   0x00019c3a       0x16 ./system/src/diag/trace.o
 .debug_macro   0x00019c50      0x16f ./system/src/diag/trace.o
 .debug_macro   0x00019dbf       0x4c ./system/src/diag/trace.o
 .debug_macro   0x00019e0b       0x16 ./system/src/diag/trace.o
 .debug_macro   0x00019e21      0x54a ./system/src/cortexm/exception-handlers.o
 .debug_macro   0x0001a36b       0x10 ./system/src/cortexm/exception-handlers.o
 .debug_macro   0x0001a37b      0x390 ./system/src/cortexm/initialize-hardware.o
 .debug_macro   0x0001a70b      0x38c ./system/src/cmsis/system_stm32f4xx.o
 .debug_macro   0x0001aa97       0x34 ./system/src/cmsis/vectors_stm32f401xc.o
 .debug_macro   0x0001aacb       0x54 ./src/ACC_program.o
 .debug_macro   0x0001ab1f       0x10 ./src/ACC_program.o
 .debug_macro   0x0001ab2f       0x28 ./src/ACC_program.o
 .debug_macro   0x0001ab57       0x2e ./src/ACC_program.o
 .debug_macro   0x0001ab85       0x52 ./src/HMOTORS_program.o
 .debug_macro   0x0001abd7       0xd6 ./src/HMOTORS_program.o
 .debug_macro   0x0001acad       0x42 ./src/HMOTORS_program.o
 .debug_macro   0x0001acef       0x28 ./src/HMOTORS_program.o
 .debug_macro   0x0001ad17       0x5b ./src/HULTRASONIC_program.o
 .debug_macro   0x0001ad72       0x16 ./src/HULTRASONIC_program.o
 .debug_macro   0x0001ad88       0x1c ./src/HULTRASONIC_program.o
 .debug_macro   0x0001ada4       0x3f ./src/MGPIO_program.o
 .debug_macro   0x0001ade3       0x3a ./src/MGPIO_program.o
 .debug_macro   0x0001ae1d       0x40 ./src/MNVIC_program.o
 .debug_macro   0x0001ae5d       0x28 ./src/MNVIC_program.o
 .debug_macro   0x0001ae85       0x3e ./src/MRCC_program.o
 .debug_macro   0x0001aec3      0x12b ./src/MRCC_program.o
 .debug_macro   0x0001afee       0x2e ./src/MRCC_program.o
 .debug_macro   0x0001b01c       0xb2 ./src/MRCC_program.o
 .debug_macro   0x0001b0ce       0x3e ./src/MSYSTICK_program.o
 .debug_macro   0x0001b10c       0x52 ./src/MSYSTICK_program.o
 .debug_macro   0x0001b15e       0x22 ./src/MSYSTICK_program.o
 .debug_macro   0x0001b180       0x3f ./src/MTIMER_program.o
 .debug_macro   0x0001b1bf      0x142 ./src/MTIMER_program.o
 .debug_macro   0x0001b301       0x40 ./src/USART_Program.o
 .debug_macro   0x0001b341       0x28 ./src/USART_Program.o
 .debug_macro   0x0001b369       0x52 ./src/USART_Program.o
 .debug_macro   0x0001b3bb       0x1c ./src/USART_Program.o
 .debug_macro   0x0001b3d7      0x4df ./src/initialize-hardware.o
 .debug_macro   0x0001b8b6      0x231 ./src/main.o
 .debug_macro   0x0001bae7      0x386 ./src/stm32f4xx_hal_msp.o
